157.55.39.131 - - [01/Jan/2015:00:07:43 -0500] "GET /~baker/devices/lxr/http/ident?v=2.6.11.8;i=hipz_h_register_rpage HTTP/1.1" 200 1962 "-" "Mozilla/5.0 (compatible; bingbot/2.0; +http://www.bing.com/bingbot.htm)"
157.55.39.131 - - [01/Jan/2015:00:07:43 -0500] "GET /~baker/devices/lxr/http/ident?i=PRIu64 HTTP/1.1" 200 2166 "-" "Mozilla/5.0 (compatible; bingbot/2.0; +http://www.bing.com/bingbot.htm)"
68.180.228.53 - - [01/Jan/2015:00:07:43 -0500] "GET /~baker/devices/lxr/http/ident?i=ALI_GC_CIR HTTP/1.1" 200 2946 "-" "Mozilla/5.0 (compatible; Yahoo! Slurp; http://help.yahoo.com/help/us/ysearch/slurp)"
157.55.39.131 - - [01/Jan/2015:00:07:43 -0500] "GET /~baker/devices/lxr/http/source/linux/kernel/groups.c HTTP/1.1" 200 36946 "-" "Mozilla/5.0 (compatible; bingbot/2.0; +http://www.bing.com/bingbot.htm)"
157.55.39.131 - - [01/Jan/2015:00:07:44 -0500] "GET /~baker/devices/lxr/http/ident?v=2.6.11.8;i=NEO_EXT_CR_MAX HTTP/1.1" 200 2218 "-" "Mozilla/5.0 (compatible; bingbot/2.0; +http://www.bing.com/bingbot.htm)"
157.55.39.131 - - [01/Jan/2015:00:07:44 -0500] "GET /~baker/devices/lxr/http/source/linux/include/math-emu/ HTTP/1.1" 200 5023 "-" "Mozilla/5.0 (compatible; bingbot/2.0; +http://www.bing.com/bingbot.htm)"
157.55.39.131 - - [01/Jan/2015:00:07:44 -0500] "GET /~baker/devices/lxr/http/ident?v=2.6.11.8;i=PRODID_IBM_HOME_AND_AWAY HTTP/1.1" 200 2397 "-" "Mozilla/5.0 (compatible; bingbot/2.0; +http://www.bing.com/bingbot.htm)"
157.55.39.131 - - [01/Jan/2015:00:07:45 -0500] "GET /~baker/devices/lxr/http/ident?v=2.6.11.8;i=dcf_transfer_rate HTTP/1.1" 200 2333 "-" "Mozilla/5.0 (compatible; bingbot/2.0; +http://www.bing.com/bingbot.htm)"
157.55.39.131 - - [01/Jan/2015:00:07:45 -0500] "GET /~baker/devices/lxr/http/source/linux/drivers/media/dvb/b2c2/b2c2-common.c?v=2.6.11.8 HTTP/1.1" 200 35610 "-" "Mozilla/5.0 (compatible; bingbot/2.0; +http://www.bing.com/bingbot.htm)"
157.55.39.131 - - [01/Jan/2015:00:07:45 -0500] "GET /~baker/devices/lxr/http/source/linux/drivers/i2c/busses/i2c-i810.c?v=2.6.25.8 HTTP/1.1" 200 45864 "-" "Mozilla/5.0 (compatible; bingbot/2.0; +http://www.bing.com/bingbot.htm)"
68.180.228.53 - - [01/Jan/2015:00:07:45 -0500] "GET /~baker/devices/lxr/http/ident?v=2.6.11.8;i=netif_wake_queue HTTP/1.1" 200 24011 "-" "Mozilla/5.0 (compatible; Yahoo! Slurp; http://help.yahoo.com/help/us/ysearch/slurp)"
157.55.39.131 - - [01/Jan/2015:00:07:46 -0500] "GET /~baker/devices/lxr/http/source/linux/drivers/infiniband/hw/ehca/ehca_cq.c?v=2.6.25 HTTP/1.1" 200 70861 "-" "Mozilla/5.0 (compatible; bingbot/2.0; +http://www.bing.com/bingbot.htm)"
157.55.39.131 - - [01/Jan/2015:00:07:47 -0500] "GET /~baker/devices/lxr/http/ident?v=2.6.11.8;i=dimm_pid_state HTTP/1.1" 200 1920 "-" "Mozilla/5.0 (compatible; bingbot/2.0; +http://www.bing.com/bingbot.htm)"
157.55.39.131 - - [01/Jan/2015:00:07:47 -0500] "GET /~baker/devices/lxr/http/ident?v=2.6.11.8;i=__nocache_pa HTTP/1.1" 200 2869 "-" "Mozilla/5.0 (compatible; bingbot/2.0; +http://www.bing.com/bingbot.htm)"
157.55.39.131 - - [01/Jan/2015:00:07:47 -0500] "GET /~baker/devices/lxr/http/ident?v=2.6.11.8;i=zft_eof_map HTTP/1.1" 200 3626 "-" "Mozilla/5.0 (compatible; bingbot/2.0; +http://www.bing.com/bingbot.htm)"
157.55.39.131 - - [01/Jan/2015:00:07:47 -0500] "GET /~baker/devices/lxr/http/ident?v=2.6.11.8;i=ZORRO_PROD_HELFRICH_SD64_RAM HTTP/1.1" 200 2419 "-" "Mozilla/5.0 (compatible; bingbot/2.0; +http://www.bing.com/bingbot.htm)"
68.180.228.53 - - [01/Jan/2015:00:07:48 -0500] "GET /~baker/devices/lxr/http/ident?v=2.6.25;i=TCVR_BBCLOCK HTTP/1.1" 200 2673 "-" "Mozilla/5.0 (compatible; Yahoo! Slurp; http://help.yahoo.com/help/us/ysearch/slurp)"
157.55.39.131 - - [01/Jan/2015:00:07:47 -0500] "GET /~baker/devices/lxr/http/diff/linux/net/bluetooth/sco.c?v=2.6.11.8;diffval=2.6.31.13;diffvar=v HTTP/1.1" 200 338959 "-" "Mozilla/5.0 (compatible; bingbot/2.0; +http://www.bing.com/bingbot.htm)"
68.180.228.53 - - [01/Jan/2015:00:07:49 -0500] "GET /~hawkes/cda3101lects/chap7/cacheimpact.htm HTTP/1.1" 200 4922 "-" "Mozilla/5.0 (compatible; Yahoo! Slurp; http://help.yahoo.com/help/us/ysearch/slurp)"
157.55.39.131 - - [01/Jan/2015:00:07:51 -0500] "GET /~baker/devices/lxr/http/ident?v=2.6.11.8;i=dccp_mt_init HTTP/1.1" 200 1908 "-" "Mozilla/5.0 (compatible; bingbot/2.0; +http://www.bing.com/bingbot.htm)"
157.55.39.131 - - [01/Jan/2015:00:07:51 -0500] "GET /~baker/devices/lxr/http/ident?i=debugging HTTP/1.1" 200 20546 "-" "Mozilla/5.0 (compatible; bingbot/2.0; +http://www.bing.com/bingbot.htm)"
68.180.228.53 - - [01/Jan/2015:00:07:50 -0500] "GET /~baker/devices/lxr/http/source/linux/drivers/net/82596.c?v=2.6.25.8 HTTP/1.1" 200 269239 "-" "Mozilla/5.0 (compatible; Yahoo! Slurp; http://help.yahoo.com/help/us/ysearch/slurp)"
157.55.39.131 - - [01/Jan/2015:00:07:51 -0500] "GET /~baker/devices/lxr/http/ident?v=2.6.11.8;i=ikconfig_cleanup HTTP/1.1" 200 2276 "-" "Mozilla/5.0 (compatible; bingbot/2.0; +http://www.bing.com/bingbot.htm)"
157.55.39.131 - - [01/Jan/2015:00:07:52 -0500] "GET /~baker/devices/lxr/http/source/linux/arch/i386/mach-generic/bigsmp.c HTTP/1.1" 200 1866 "-" "Mozilla/5.0 (compatible; bingbot/2.0; +http://www.bing.com/bingbot.htm)"
157.55.39.131 - - [01/Jan/2015:00:07:52 -0500] "GET /~baker/devices/lxr/http/ident?v=2.6.11.8;i=i810i2c_getsda HTTP/1.1" 200 1920 "-" "Mozilla/5.0 (compatible; bingbot/2.0; +http://www.bing.com/bingbot.htm)"
157.55.39.131 - - [01/Jan/2015:00:07:52 -0500] "GET /~baker/devices/lxr/http/ident?v=2.6.11.8;i=MAX_MIDI_EVENT_BUF HTTP/1.1" 200 2629 "-" "Mozilla/5.0 (compatible; bingbot/2.0; +http://www.bing.com/bingbot.htm)"
66.249.64.92 - - [01/Jan/2015:00:07:52 -0500] "GET /~baker/devices/lxr/http/ident?v=2.6.25.8;i=PCAP_LED1_C_SHIFT HTTP/1.1" 200 1938 "-" "Mozilla/5.0 (compatible; Googlebot/2.1; +http://www.google.com/bot.html)"
157.55.39.131 - - [01/Jan/2015:00:07:52 -0500] "GET /~baker/devices/lxr/http/source/linux/arch/arm/mach-gemini/include/mach/io.h HTTP/1.1" 200 4421 "-" "Mozilla/5.0 (compatible; bingbot/2.0; +http://www.bing.com/bingbot.htm)"
157.55.39.131 - - [01/Jan/2015:00:07:53 -0500] "GET /~baker/devices/lxr/http/ident?v=2.6.11.8;i=PORT_BFIN HTTP/1.1" 200 1890 "-" "Mozilla/5.0 (compatible; bingbot/2.0; +http://www.bing.com/bingbot.htm)"
157.55.39.131 - - [01/Jan/2015:00:07:53 -0500] "GET /~baker/devices/lxr/http/ident?v=2.6.11.8;i=pnp_lock HTTP/1.1" 200 4205 "-" "Mozilla/5.0 (compatible; bingbot/2.0; +http://www.bing.com/bingbot.htm)"
157.55.39.131 - - [01/Jan/2015:00:07:53 -0500] "GET /~baker/devices/lxr/http/ident?v=2.6.11.8;i=ipmi_get_version HTTP/1.1" 200 2760 "-" "Mozilla/5.0 (compatible; bingbot/2.0; +http://www.bing.com/bingbot.htm)"
157.55.39.131 - - [01/Jan/2015:00:07:53 -0500] "GET /~baker/devices/lxr/http/ident?v=2.6.11.8;i=MII_BCM5400_AUXSTATUS_LINKMODE_MASK HTTP/1.1" 200 2663 "-" "Mozilla/5.0 (compatible; bingbot/2.0; +http://www.bing.com/bingbot.htm)"
173.3.151.70 - - [01/Jan/2015:00:07:55 -0500] "GET /~myers/cop3330/hw/hw02.html HTTP/1.1" 200 12218 "https://www.google.com/" "Mozilla/5.0 (Macintosh; Intel Mac OS X 10_10_0) AppleWebKit/537.36 (KHTML, like Gecko) Chrome/39.0.2171.95 Safari/537.36"
157.55.39.131 - - [01/Jan/2015:00:07:53 -0500] "GET /~baker/devices/lxr/http/diff/linux/drivers/char/tty_ioctl.c?diffval=2.6.25;diffvar=v HTTP/1.1" 200 377032 "-" "Mozilla/5.0 (compatible; bingbot/2.0; +http://www.bing.com/bingbot.htm)"
173.3.151.70 - - [01/Jan/2015:00:07:55 -0500] "GET /favicon.ico HTTP/1.1" 200 1406 "-" "Mozilla/5.0 (Macintosh; Intel Mac OS X 10_10_0) AppleWebKit/537.36 (KHTML, like Gecko) Chrome/39.0.2171.95 Safari/537.36"
157.55.39.131 - - [01/Jan/2015:00:07:58 -0500] "GET /~baker/devices/lxr/http/source/linux/drivers/ide/pci/atiixp.c?v=2.6.11.8 HTTP/1.1" 200 55899 "-" "Mozilla/5.0 (compatible; bingbot/2.0; +http://www.bing.com/bingbot.htm)"
157.55.39.131 - - [01/Jan/2015:00:07:58 -0500] "GET /~baker/devices/lxr/http/source/linux/include/asm-arm/arch-imx/imxfb.h?v=2.6.11.8 HTTP/1.1" 200 1907 "-" "Mozilla/5.0 (compatible; bingbot/2.0; +http://www.bing.com/bingbot.htm)"
157.55.39.131 - - [01/Jan/2015:00:07:59 -0500] "GET /~baker/devices/lxr/http/ident?v=2.6.25.8;i=to_mdev HTTP/1.1" 200 17937 "-" "Mozilla/5.0 (compatible; bingbot/2.0; +http://www.bing.com/bingbot.htm)"
66.249.64.92 - - [01/Jan/2015:00:08:00 -0500] "GET /~baker/devices/lxr/http/ident?i=ieee802154_nl_scan_confirm HTTP/1.1" 200 2667 "-" "DoCoMo/2.0 N905i(c100;TB;W24H16) (compatible; Googlebot-Mobile/2.1; +http://www.google.com/bot.html)"
66.249.64.88 - - [01/Jan/2015:00:08:02 -0500] "GET /~baker/devices/lxr/http/ident?v=2.6.25.8;i=WM8990_AINR_ENA HTTP/1.1" 200 1926 "-" "Mozilla/5.0 (compatible; Googlebot/2.1; +http://www.google.com/bot.html)"
68.180.228.53 - - [01/Jan/2015:00:08:04 -0500] "GET /~baker/devices/lxr/http/ident?i=ROUTE_STR HTTP/1.1" 200 2370 "-" "Mozilla/5.0 (compatible; Yahoo! Slurp; http://help.yahoo.com/help/us/ysearch/slurp)"
106.120.173.147 - - [01/Jan/2015:00:08:06 -0500] "GET /~baker/devices/lxr/http/ident?i=xonar_line_mic_ac97_switch HTTP/1.1" 200 2442 "-" "Sogou web spider/4.0(+http://www.sogou.com/docs/help/webmasters.htm#07)"
66.249.64.84 - - [01/Jan/2015:00:08:08 -0500] "GET /~baker/devices/lxr/http/diff/2.6.25/linux/sound/sh/aica.c?v=2.6.25;diffval=2.6.25.8;diffvar=v HTTP/1.1" 200 2404 "-" "Mozilla/5.0 (compatible; Googlebot/2.1; +http://www.google.com/bot.html)"
174.98.155.80 - - [01/Jan/2015:00:08:08 -0500] "GET /~zhao/pzhao4files/fsu-black.gif HTTP/1.1" 200 134970 "https://www.google.com/" "Mozilla/5.0 (iPod touch; CPU iPhone OS 8_0_2 like Mac OS X) AppleWebKit/600.1.4 (KHTML, like Gecko) Version/8.0 Mobile/12A405 Safari/600.1.4"
68.180.228.53 - - [01/Jan/2015:00:08:09 -0500] "GET /~baker/devices/lxr/http/ident?i=writehscx HTTP/1.1" 200 3234 "-" "Mozilla/5.0 (compatible; Yahoo! Slurp; http://help.yahoo.com/help/us/ysearch/slurp)"
66.249.64.84 - - [01/Jan/2015:00:08:11 -0500] "GET /~baker/devices/lxr/http/ident?v=2.6.25;i=RRS_RXD_UPDATED_MASK HTTP/1.1" 200 1950 "-" "Mozilla/5.0 (compatible; Googlebot/2.1; +http://www.google.com/bot.html)"
157.55.39.131 - - [01/Jan/2015:00:08:14 -0500] "GET /~baker/devices/lxr/http/source/linux/drivers/net/wireless/rtl8180_grf5101.c?v=2.6.25 HTTP/1.1" 200 33769 "-" "Mozilla/5.0 (compatible; bingbot/2.0; +http://www.bing.com/bingbot.htm)"
157.55.39.131 - - [01/Jan/2015:00:08:15 -0500] "GET /~baker/devices/lxr/http/ident?v=2.6.11.8;i=NEO_MODE1_X_320 HTTP/1.1" 200 2220 "-" "Mozilla/5.0 (compatible; bingbot/2.0; +http://www.bing.com/bingbot.htm)"
157.55.39.131 - - [01/Jan/2015:00:08:15 -0500] "GET /~baker/devices/lxr/http/source/linux/drivers/net/wireless/p54.h HTTP/1.1" 200 1841 "-" "Mozilla/5.0 (compatible; bingbot/2.0; +http://www.bing.com/bingbot.htm)"
157.55.39.131 - - [01/Jan/2015:00:08:15 -0500] "GET /~baker/devices/lxr/http/ident?v=2.6.11.8;i=kunmap_account HTTP/1.1" 200 1920 "-" "Mozilla/5.0 (compatible; bingbot/2.0; +http://www.bing.com/bingbot.htm)"
157.55.39.131 - - [01/Jan/2015:00:08:15 -0500] "GET /~baker/devices/lxr/http/ident?v=2.6.11.8;i=RH_B_DR HTTP/1.1" 200 2509 "-" "Mozilla/5.0 (compatible; bingbot/2.0; +http://www.bing.com/bingbot.htm)"
157.55.39.131 - - [01/Jan/2015:00:08:15 -0500] "GET /~baker/devices/lxr/http/ident?i=CX2341X_DEC_SET_DECODER_SOURCE HTTP/1.1" 200 2618 "-" "Mozilla/5.0 (compatible; bingbot/2.0; +http://www.bing.com/bingbot.htm)"
157.55.39.131 - - [01/Jan/2015:00:08:16 -0500] "GET /~baker/devices/lxr/http/ident?v=2.6.25;i=DID_NO_CONNECT HTTP/1.1" 200 12352 "-" "Mozilla/5.0 (compatible; bingbot/2.0; +http://www.bing.com/bingbot.htm)"
157.55.39.131 - - [01/Jan/2015:00:08:16 -0500] "GET /~baker/devices/lxr/http/ident?v=2.6.11.8;i=__snd_gf1_ctrl_stop HTTP/1.1" 200 2399 "-" "Mozilla/5.0 (compatible; bingbot/2.0; +http://www.bing.com/bingbot.htm)"
157.55.39.131 - - [01/Jan/2015:00:08:16 -0500] "GET /~baker/devices/lxr/http/ident?v=2.6.11.8;i=ct07 HTTP/1.1" 200 2543 "-" "Mozilla/5.0 (compatible; bingbot/2.0; +http://www.bing.com/bingbot.htm)"
157.55.39.131 - - [01/Jan/2015:00:08:16 -0500] "GET /~baker/devices/lxr/http/ident?v=2.6.11.8;i=get_insn_slot HTTP/1.1" 200 1914 "-" "Mozilla/5.0 (compatible; bingbot/2.0; +http://www.bing.com/bingbot.htm)"
157.55.39.131 - - [01/Jan/2015:00:08:16 -0500] "GET /~baker/devices/lxr/http/source/linux/arch/um/sys-x86_64/sysdep/sigcontext.h HTTP/1.1" 200 1907 "-" "Mozilla/5.0 (compatible; bingbot/2.0; +http://www.bing.com/bingbot.htm)"
157.55.39.131 - - [01/Jan/2015:00:08:17 -0500] "GET /~baker/devices/lxr/http/ident?v=2.6.11.8;i=pmac_ctx_s8_read HTTP/1.1" 200 2341 "-" "Mozilla/5.0 (compatible; bingbot/2.0; +http://www.bing.com/bingbot.htm)"
157.55.39.131 - - [01/Jan/2015:00:08:17 -0500] "GET /~baker/devices/lxr/http/ident?v=2.6.11.8;i=i810_wm_24_100 HTTP/1.1" 200 2411 "-" "Mozilla/5.0 (compatible; bingbot/2.0; +http://www.bing.com/bingbot.htm)"
157.55.39.131 - - [01/Jan/2015:00:08:17 -0500] "GET /~baker/devices/lxr/http/source/linux/fs/openpromfs/ HTTP/1.1" 200 2796 "-" "Mozilla/5.0 (compatible; bingbot/2.0; +http://www.bing.com/bingbot.htm)"
157.55.39.131 - - [01/Jan/2015:00:08:17 -0500] "GET /~baker/devices/lxr/http/ident?i=__stringify HTTP/1.1" 200 20594 "-" "Mozilla/5.0 (compatible; bingbot/2.0; +http://www.bing.com/bingbot.htm)"
157.55.39.131 - - [01/Jan/2015:00:08:18 -0500] "GET /~baker/devices/lxr/http/ident?v=2.6.11.8;i=agp_sis_cleanup HTTP/1.1" 200 2320 "-" "Mozilla/5.0 (compatible; bingbot/2.0; +http://www.bing.com/bingbot.htm)"
157.55.39.131 - - [01/Jan/2015:00:08:18 -0500] "GET /~baker/devices/lxr/http/ident?v=2.6.11.8;i=SHCNTL HTTP/1.1" 200 2174 "-" "Mozilla/5.0 (compatible; bingbot/2.0; +http://www.bing.com/bingbot.htm)"
157.55.39.131 - - [01/Jan/2015:00:08:18 -0500] "GET /~baker/devices/lxr/http/source/linux/arch/arm/mach-at91/include/mach/at91sam9263_matrix.h HTTP/1.1" 200 31315 "-" "Mozilla/5.0 (compatible; bingbot/2.0; +http://www.bing.com/bingbot.htm)"
157.55.39.131 - - [01/Jan/2015:00:08:18 -0500] "GET /~baker/devices/lxr/http/ident?v=2.6.11.8;i=TCO_DAT_IN HTTP/1.1" 200 1896 "-" "Mozilla/5.0 (compatible; bingbot/2.0; +http://www.bing.com/bingbot.htm)"
157.55.39.131 - - [01/Jan/2015:00:08:18 -0500] "GET /~baker/devices/lxr/http/ident?v=2.6.11.8;i=NDIS_PM_WAKE_UP_CAPABILITIES HTTP/1.1" 200 2390 "-" "Mozilla/5.0 (compatible; bingbot/2.0; +http://www.bing.com/bingbot.htm)"
157.55.39.131 - - [01/Jan/2015:00:08:19 -0500] "GET /~baker/devices/lxr/http/ident?v=2.6.11.8;i=cfi_cmdset_unknown HTTP/1.1" 200 2353 "-" "Mozilla/5.0 (compatible; bingbot/2.0; +http://www.bing.com/bingbot.htm)"
157.55.39.131 - - [01/Jan/2015:00:08:19 -0500] "GET /~baker/devices/lxr/http/ident?v=2.6.11.8;i=USB_CDC_SEND_ENCAPSULATED_COMMAND HTTP/1.1" 200 2034 "-" "Mozilla/5.0 (compatible; bingbot/2.0; +http://www.bing.com/bingbot.htm)"
157.55.39.131 - - [01/Jan/2015:00:08:19 -0500] "GET /~baker/devices/lxr/http/ident?v=2.6.11.8;i=esb2rom_map_info HTTP/1.1" 200 1932 "-" "Mozilla/5.0 (compatible; bingbot/2.0; +http://www.bing.com/bingbot.htm)"
157.55.39.131 - - [01/Jan/2015:00:08:19 -0500] "GET /~baker/devices/lxr/http/ident?v=2.6.11.8;i=TW_MAX_CDB_LEN HTTP/1.1" 200 3143 "-" "Mozilla/5.0 (compatible; bingbot/2.0; +http://www.bing.com/bingbot.htm)"
157.55.39.131 - - [01/Jan/2015:00:08:19 -0500] "GET /~baker/devices/lxr/http/ident?v=2.6.11.8;i=send_command HTTP/1.1" 200 3897 "-" "Mozilla/5.0 (compatible; bingbot/2.0; +http://www.bing.com/bingbot.htm)"
157.55.39.131 - - [01/Jan/2015:00:08:20 -0500] "GET /~baker/devices/lxr/http/ident?v=2.6.25;i=A_TP_MIB_INDEX HTTP/1.1" 200 2674 "-" "Mozilla/5.0 (compatible; bingbot/2.0; +http://www.bing.com/bingbot.htm)"
157.55.39.131 - - [01/Jan/2015:00:08:20 -0500] "GET /~baker/devices/lxr/http/ident?v=2.6.11.8;i=vx_inl HTTP/1.1" 200 4680 "-" "Mozilla/5.0 (compatible; bingbot/2.0; +http://www.bing.com/bingbot.htm)"
157.55.39.131 - - [01/Jan/2015:00:08:20 -0500] "GET /~baker/devices/lxr/http/ident?v=2.6.11.8;i=b43legacy_radio_aci_detect HTTP/1.1" 200 1992 "-" "Mozilla/5.0 (compatible; bingbot/2.0; +http://www.bing.com/bingbot.htm)"
66.249.64.84 - - [01/Jan/2015:00:08:20 -0500] "GET /~baker/devices/lxr/http/ident?v=2.6.25.8;i=hp_wmi_tablet_state HTTP/1.1" 200 1950 "-" "Mozilla/5.0 (compatible; Googlebot/2.1; +http://www.google.com/bot.html)"
157.55.39.131 - - [01/Jan/2015:00:08:20 -0500] "GET /~baker/devices/lxr/http/source/linux/fs/nls/nls_cp1255.c?v=2.6.25.8 HTTP/1.1" 200 57933 "-" "Mozilla/5.0 (compatible; bingbot/2.0; +http://www.bing.com/bingbot.htm)"
157.55.39.131 - - [01/Jan/2015:00:08:21 -0500] "GET /~baker/devices/lxr/http/ident?v=2.6.11.8;i=vx222_v2_hw HTTP/1.1" 200 2277 "-" "Mozilla/5.0 (compatible; bingbot/2.0; +http://www.bing.com/bingbot.htm)"
66.249.64.92 - - [01/Jan/2015:00:08:22 -0500] "GET /~baker/devices/lxr/http/ident?v=2.6.25;i=bfin_jc_write_buf HTTP/1.1" 200 1932 "-" "Mozilla/5.0 (compatible; Googlebot/2.1; +http://www.google.com/bot.html)"
75.218.250.106 - - [01/Jan/2015:00:08:23 -0500] "POST /~engelen/calcserver.cgi HTTP/1.1" 500 574 "-" "gSOAP/2.7"
220.181.108.113 - - [01/Jan/2015:00:08:29 -0500] "GET /~baker/devices/lxr/http/ident?v=2.6.11.8;i=register_filesystem HTTP/1.1" 200 8867 "-" "Mozilla/5.0 (compatible; Baiduspider/2.0; +http://www.baidu.com/search/spider.html)"
66.249.64.88 - - [01/Jan/2015:00:08:30 -0500] "GET /~baker/devices/lxr/http/ident?v=2.6.11.8;i=ClockSpeed HTTP/1.1" 200 1896 "-" "Mozilla/5.0 (compatible; Googlebot/2.1; +http://www.google.com/bot.html)"
65.185.27.93 - - [01/Jan/2015:00:08:31 -0500] "POST /~engelen/calcserver.cgi HTTP/1.1" 500 574 "-" "gSOAP/2.7"
106.120.173.147 - - [01/Jan/2015:00:08:31 -0500] "GET /~baker/devices/lxr/http/ident?i=old_uid_t HTTP/1.1" 200 4065 "-" "Sogou web spider/4.0(+http://www.sogou.com/docs/help/webmasters.htm#07)"
96.126.193.15 - - [01/Jan/2015:00:08:32 -0500] "GET /~cop4601p/assignment/01/images/b.gif HTTP/1.1" 304 - "-" "Mozilla/4.0 (compatible;)"
117.169.1.159 - - [01/Jan/2015:00:08:31 -0500] "GET /academics/grad/cnsa/projects/cao.pdf HTTP/1.1" 200 857073 "http://websrv.cs.fsu.edu/academics/grad/cnsa/projects/cao.pdf" "Mozilla/5.0 (Windows NT 6.1; WOW64) AppleWebKit/537.11 (KHTML like Gecko) Chrome/23.0.1271.91 Safari/537.11"
66.249.64.92 - - [01/Jan/2015:00:08:33 -0500] "GET /~baker/devices/lxr/http/ident?v=2.6.25.8;i=napi_schedule_prep HTTP/1.1" 200 3325 "-" "DoCoMo/2.0 N905i(c100;TB;W24H16) (compatible; Googlebot-Mobile/2.1; +http://www.google.com/bot.html)"
68.180.228.53 - - [01/Jan/2015:00:08:35 -0500] "GET /~baker/devices/lxr/http/ident?i=LOCKED HTTP/1.1" 200 5080 "-" "Mozilla/5.0 (compatible; Yahoo! Slurp; http://help.yahoo.com/help/us/ysearch/slurp)"
66.249.64.84 - - [01/Jan/2015:00:08:39 -0500] "GET /~baker/devices/lxr/http/ident?v=2.6.25;i=__POWER_H__ HTTP/1.1" 200 1896 "-" "Mozilla/5.0 (compatible; Googlebot/2.1; +http://www.google.com/bot.html)"
66.249.64.88 - - [01/Jan/2015:00:08:40 -0500] "GET /~baker/devices/lxr/http/diff/linux/drivers/usb/musb/tusb6010.h?v=2.6.11.8;diffval=2.6.31.13;diffvar=v HTTP/1.1" 200 2472 "-" "Mozilla/5.0 (compatible; Googlebot/2.1; +http://www.google.com/bot.html)"
157.55.39.57 - - [01/Jan/2015:00:08:41 -0500] "GET /~baker/devices/lxr/http/ident?i=GFAR_INFOSTR_LEN HTTP/1.1" 200 2480 "-" "Mozilla/5.0 (compatible; bingbot/2.0; +http://www.bing.com/bingbot.htm)"
157.55.39.57 - - [01/Jan/2015:00:08:41 -0500] "GET /~baker/devices/lxr/http/source/linux/include/asm-sparc/btfixup.h HTTP/1.1" 200 1843 "-" "Mozilla/5.0 (compatible; bingbot/2.0; +http://www.bing.com/bingbot.htm)"
157.55.39.57 - - [01/Jan/2015:00:08:42 -0500] "GET /~baker/devices/lxr/http/ident?v=2.6.11.8;i=mxser_hangup HTTP/1.1" 200 2581 "-" "Mozilla/5.0 (compatible; bingbot/2.0; +http://www.bing.com/bingbot.htm)"
157.55.39.57 - - [01/Jan/2015:00:08:42 -0500] "GET /~baker/devices/lxr/http/ident?i=DEBUG_LARGE_SG_ENTRIES HTTP/1.1" 200 2267 "-" "Mozilla/5.0 (compatible; bingbot/2.0; +http://www.bing.com/bingbot.htm)"
157.55.39.57 - - [01/Jan/2015:00:08:42 -0500] "GET /current/undergrad/ccrequirements.php HTTP/1.1" 200 10653 "-" "Mozilla/5.0 (compatible; bingbot/2.0; +http://www.bing.com/bingbot.htm)"
207.46.13.126 - - [01/Jan/2015:00:08:42 -0500] "GET /~baker/devices/lxr/http/ident?v=2.6.11.8;i=cgroup_lock HTTP/1.1" 200 1902 "-" "Mozilla/5.0 (compatible; bingbot/2.0; +http://www.bing.com/bingbot.htm)"
207.46.13.126 - - [01/Jan/2015:00:08:43 -0500] "GET /~baker/devices/lxr/http/ident?v=2.6.25.8;i=atkbd_set HTTP/1.1" 200 2387 "-" "Mozilla/5.0 (compatible; bingbot/2.0; +http://www.bing.com/bingbot.htm)"
207.46.13.126 - - [01/Jan/2015:00:08:43 -0500] "GET /~baker/devices/lxr/http/ident?i=usc_ClearIrqPendingBits HTTP/1.1" 200 3970 "-" "Mozilla/5.0 (compatible; bingbot/2.0; +http://www.bing.com/bingbot.htm)"
207.46.13.126 - - [01/Jan/2015:00:08:43 -0500] "GET /~baker/devices/lxr/http/ident?v=2.6.25.8;i=setup_nmi_watchdog HTTP/1.1" 200 2650 "-" "Mozilla/5.0 (compatible; bingbot/2.0; +http://www.bing.com/bingbot.htm)"
207.46.13.126 - - [01/Jan/2015:00:08:43 -0500] "GET /~baker/devices/lxr/http/ident?v=2.6.25;i=pci_enable_sriov HTTP/1.1" 200 1926 "-" "Mozilla/5.0 (compatible; bingbot/2.0; +http://www.bing.com/bingbot.htm)"
68.180.228.53 - - [01/Jan/2015:00:08:44 -0500] "GET /~baker/devices/lxr/http/ident?i=ct_card_init HTTP/1.1" 200 2176 "-" "Mozilla/5.0 (compatible; Yahoo! Slurp; http://help.yahoo.com/help/us/ysearch/slurp)"
157.55.39.78 - - [01/Jan/2015:00:08:48 -0500] "GET /~baker/devices/lxr/http/ident?v=2.6.11.8;i=cm_init_av_by_path HTTP/1.1" 200 1944 "-" "Mozilla/5.0 (compatible; bingbot/2.0; +http://www.bing.com/bingbot.htm)"
66.249.64.84 - - [01/Jan/2015:00:08:49 -0500] "GET /~baker/devices/lxr/http/ident?v=2.6.25;i=sft9001_run_tests HTTP/1.1" 200 1932 "-" "Mozilla/5.0 (compatible; Googlebot/2.1; +http://www.google.com/bot.html)"
157.55.39.78 - - [01/Jan/2015:00:08:49 -0500] "GET /~baker/devices/lxr/http/ident?i=M_NEWINDEX HTTP/1.1" 200 2100 "-" "Mozilla/5.0 (compatible; bingbot/2.0; +http://www.bing.com/bingbot.htm)"
157.55.39.78 - - [01/Jan/2015:00:08:49 -0500] "GET /~baker/devices/lxr/http/ident?v=2.6.25.8;i=ib_ah HTTP/1.1" 200 10918 "-" "Mozilla/5.0 (compatible; bingbot/2.0; +http://www.bing.com/bingbot.htm)"
157.55.39.78 - - [01/Jan/2015:00:08:49 -0500] "GET /~baker/devices/lxr/http/ident?v=2.6.25.8;i=I2OVALIDATE HTTP/1.1" 200 2323 "-" "Mozilla/5.0 (compatible; bingbot/2.0; +http://www.bing.com/bingbot.htm)"
207.46.13.126 - - [01/Jan/2015:00:08:52 -0500] "GET /~baker/devices/lxr/http/ident?i=REG_BANK_J HTTP/1.1" 200 2116 "-" "Mozilla/5.0 (compatible; bingbot/2.0; +http://www.bing.com/bingbot.htm)"
207.46.13.126 - - [01/Jan/2015:00:08:52 -0500] "GET /~engelen/courses/COP402003/ HTTP/1.1" 200 306 "-" "Mozilla/5.0 (compatible; bingbot/2.0; +http://www.bing.com/bingbot.htm)"
207.46.13.126 - - [01/Jan/2015:00:08:53 -0500] "GET /~baker/devices/lxr/http/ident?v=2.6.11.8;i=proc_read_legacyres HTTP/1.1" 200 2344 "-" "Mozilla/5.0 (compatible; bingbot/2.0; +http://www.bing.com/bingbot.htm)"
207.46.13.126 - - [01/Jan/2015:00:08:53 -0500] "GET /~baker/devices/lxr/http/ident?i=MBC_READ_SFP HTTP/1.1" 200 2349 "-" "Mozilla/5.0 (compatible; bingbot/2.0; +http://www.bing.com/bingbot.htm)"
68.180.228.53 - - [01/Jan/2015:00:08:53 -0500] "GET /~baker/devices/lxr/http/ident?i=u32_out HTTP/1.1" 200 2861 "-" "Mozilla/5.0 (compatible; Yahoo! Slurp; http://help.yahoo.com/help/us/ysearch/slurp)"
207.46.13.126 - - [01/Jan/2015:00:08:53 -0500] "GET /~baker/devices/lxr/http/source/linux/drivers/net/wireless/b43/tables.c?v=2.6.25.8 HTTP/1.1" 200 74734 "-" "Mozilla/5.0 (compatible; bingbot/2.0; +http://www.bing.com/bingbot.htm)"
202.46.50.127 - - [01/Jan/2015:00:08:54 -0500] "GET /~langley/CIS5406-2008-Spring/lec5.pdf HTTP/1.1" 403 318 "-" "Mozilla/5.0 (Windows NT 5.1; rv:6.0.2) Gecko/20100101 Firefox/6.0.2"
207.46.13.126 - - [01/Jan/2015:00:08:54 -0500] "GET /~baker/devices/lxr/http/ident?v=2.6.11.8;i=sa1111_writel HTTP/1.1" 200 1914 "-" "Mozilla/5.0 (compatible; bingbot/2.0; +http://www.bing.com/bingbot.htm)"
207.46.13.126 - - [01/Jan/2015:00:08:54 -0500] "GET /~baker/devices/lxr/http/source/linux/include/asm-i386/mmu_context_64.h HTTP/1.1" 200 1876 "-" "Mozilla/5.0 (compatible; bingbot/2.0; +http://www.bing.com/bingbot.htm)"
207.46.13.126 - - [01/Jan/2015:00:08:54 -0500] "GET /~baker/devices/lxr/http/source/linux/Documentation/filesystems/devpts.txt HTTP/1.1" 200 17859 "-" "Mozilla/5.0 (compatible; bingbot/2.0; +http://www.bing.com/bingbot.htm)"
68.180.228.53 - - [01/Jan/2015:00:08:54 -0500] "GET /~baker/devices/lxr/http/ident?i=RPCDBG_CACHE HTTP/1.1" 200 2216 "-" "Mozilla/5.0 (compatible; Yahoo! Slurp; http://help.yahoo.com/help/us/ysearch/slurp)"
207.46.13.126 - - [01/Jan/2015:00:08:54 -0500] "GET /~baker/devices/lxr/http/source/linux/drivers/scsi/aic94xx/aic94xx_hwi.c?v=2.6.11.8 HTTP/1.1" 200 1914 "-" "Mozilla/5.0 (compatible; bingbot/2.0; +http://www.bing.com/bingbot.htm)"
207.46.13.126 - - [01/Jan/2015:00:08:55 -0500] "GET /~baker/devices/lxr/http/ident?v=2.6.11.8;i=VML_CONFIG_CLK_INV HTTP/1.1" 200 1944 "-" "Mozilla/5.0 (compatible; bingbot/2.0; +http://www.bing.com/bingbot.htm)"
207.46.13.126 - - [01/Jan/2015:00:08:55 -0500] "GET /~baker/devices/lxr/http/ident?v=2.6.25;i=iop13xx_i2c_2_controller HTTP/1.1" 200 2461 "-" "Mozilla/5.0 (compatible; bingbot/2.0; +http://www.bing.com/bingbot.htm)"
68.180.228.53 - - [01/Jan/2015:00:08:55 -0500] "GET /g2/g2doc/g2dvg/testing2.htm HTTP/1.1" 304 - "-" "Mozilla/5.0 (compatible; Yahoo! Slurp; http://help.yahoo.com/help/us/ysearch/slurp)"
199.21.99.206 - - [01/Jan/2015:00:08:56 -0500] "GET /~baker/devices/lxr/http/source/linux/arch/um/sys-ppc/shared/sysdep/ptrace.h HTTP/1.1" 200 16316 "-" "Mozilla/5.0 (compatible; YandexBot/3.0; +http://yandex.com/bots)"
68.180.228.53 - - [01/Jan/2015:00:08:56 -0500] "GET /~baker/devices/lxr/http/ident?i=unregister_ip_vs_scheduler HTTP/1.1" 200 3872 "-" "Mozilla/5.0 (compatible; Yahoo! Slurp; http://help.yahoo.com/help/us/ysearch/slurp)"
106.120.173.147 - - [01/Jan/2015:00:08:56 -0500] "GET /~baker/devices/lxr/http/ident?i=TVP5150_ACT_VD_CROP_ST_MSB HTTP/1.1" 200 2434 "-" "Sogou web spider/4.0(+http://www.sogou.com/docs/help/webmasters.htm#07)"
66.249.64.92 - - [01/Jan/2015:00:08:58 -0500] "GET /~baker/devices/lxr/http/ident?v=2.6.11.8;i=compat_standard_to_user HTTP/1.1" 200 1974 "-" "Mozilla/5.0 (compatible; Googlebot/2.1; +http://www.google.com/bot.html)"
68.180.228.53 - - [01/Jan/2015:00:09:01 -0500] "GET /~xyuan/cis4930-cda5125/examples/lect9/ HTTP/1.1" 200 2953 "-" "Mozilla/5.0 (compatible; Yahoo! Slurp; http://help.yahoo.com/help/us/ysearch/slurp)"
68.180.228.53 - - [01/Jan/2015:00:09:04 -0500] "GET /~asriniva/courses/alg12/hw2.pdf HTTP/1.1" 304 - "-" "Mozilla/5.0 (compatible; Yahoo! Slurp; http://help.yahoo.com/help/us/ysearch/slurp)"
207.46.13.126 - - [01/Jan/2015:00:09:07 -0500] "GET /~baker/devices/lxr/http/ident?i=PI_RSP_K_TR_MAX_EXP_BAD HTTP/1.1" 200 2162 "-" "Mozilla/5.0 (compatible; bingbot/2.0; +http://www.bing.com/bingbot.htm)"
66.249.64.88 - - [01/Jan/2015:00:09:08 -0500] "GET /~baker/devices/lxr/http/ident?v=2.6.25;i=CRYPTO4XX_SCAT_RING_BASE_UADDR HTTP/1.1" 200 2010 "-" "Mozilla/5.0 (compatible; Googlebot/2.1; +http://www.google.com/bot.html)"
66.249.64.92 - - [01/Jan/2015:00:09:08 -0500] "GET /~baker/devices/lxr/http/ident?v=2.6.25.8;i=IRQ_U300_SYSCON_PLL_LOCK HTTP/1.1" 200 1980 "-" "Mozilla/5.0 (compatible; Googlebot/2.1; +http://www.google.com/bot.html)"
207.46.13.126 - - [01/Jan/2015:00:09:07 -0500] "GET /~baker/devices/lxr/http/diff/linux/drivers/media/dvb/bt8xx/bt878.c?diffval=2.6.25.8;diffvar=v HTTP/1.1" 200 223381 "-" "Mozilla/5.0 (compatible; bingbot/2.0; +http://www.bing.com/bingbot.htm)"
66.249.64.84 - - [01/Jan/2015:00:09:11 -0500] "GET /~baker/devices/lxr/http/ident?i=FP_PT2_VSP HTTP/1.1" 200 2226 "-" "Mozilla/5.0 (compatible; Googlebot/2.1; +http://www.google.com/bot.html)"
157.55.39.131 - - [01/Jan/2015:00:09:11 -0500] "GET /~baker/devices/lxr/http/ident?v=2.6.25.8;i=__teql_resolve HTTP/1.1" 200 2284 "-" "Mozilla/5.0 (compatible; bingbot/2.0; +http://www.bing.com/bingbot.htm)"
157.55.39.131 - - [01/Jan/2015:00:09:12 -0500] "GET /~baker/devices/lxr/http/ident?v=2.6.11.8;i=TIPC_ERR_NO_PORT HTTP/1.1" 200 1932 "-" "Mozilla/5.0 (compatible; bingbot/2.0; +http://www.bing.com/bingbot.htm)"
157.55.39.131 - - [01/Jan/2015:00:09:12 -0500] "GET /~baker/devices/lxr/http/ident?v=2.6.11.8;i=init_nsproxy HTTP/1.1" 200 1908 "-" "Mozilla/5.0 (compatible; bingbot/2.0; +http://www.bing.com/bingbot.htm)"
157.55.39.131 - - [01/Jan/2015:00:09:12 -0500] "GET /~baker/devices/lxr/http/ident?v=2.6.11.8;i=rdma_ucm_ud_param HTTP/1.1" 200 1938 "-" "Mozilla/5.0 (compatible; bingbot/2.0; +http://www.bing.com/bingbot.htm)"
157.55.39.131 - - [01/Jan/2015:00:09:12 -0500] "GET /~baker/devices/lxr/http/ident?v=2.6.11.8;i=SPCI_EC0S HTTP/1.1" 200 2184 "-" "Mozilla/5.0 (compatible; bingbot/2.0; +http://www.bing.com/bingbot.htm)"
207.46.13.126 - - [01/Jan/2015:00:09:15 -0500] "GET /~baker/devices/lxr/http/source/linux/drivers/net/skge.h?v=2.6.11.8 HTTP/1.1" 200 1834 "-" "Mozilla/5.0 (compatible; bingbot/2.0; +http://www.bing.com/bingbot.htm)"
207.46.13.126 - - [01/Jan/2015:00:09:15 -0500] "GET /~baker/devices/lxr/http/ident?v=2.6.11.8;i=MIXER_ADDR_CD HTTP/1.1" 200 2293 "-" "Mozilla/5.0 (compatible; bingbot/2.0; +http://www.bing.com/bingbot.htm)"
66.249.64.84 - - [01/Jan/2015:00:09:17 -0500] "GET /~baker/devices/lxr/http/ident?v=2.6.25.8;i=max1586_platform_data HTTP/1.1" 200 1962 "-" "Mozilla/5.0 (compatible; Googlebot/2.1; +http://www.google.com/bot.html)"
207.46.13.126 - - [01/Jan/2015:00:09:15 -0500] "GET /~baker/devices/lxr/http/diff/linux/drivers/isdn/hisax/hisax_isac.c?v=2.6.25.8;diffval=2.6.25;diffvar=v HTTP/1.1" 200 342055 "-" "Mozilla/5.0 (compatible; bingbot/2.0; +http://www.bing.com/bingbot.htm)"
207.46.13.126 - - [01/Jan/2015:00:09:18 -0500] "GET /~hawkes/cda3101lects/chap4/F4.40.gif HTTP/1.1" 200 8240 "-" "Mozilla/5.0 (compatible; bingbot/2.0; +http://www.bing.com/bingbot.htm)"
207.46.13.126 - - [01/Jan/2015:00:09:18 -0500] "GET /~baker/devices/lxr/http/ident?v=2.6.11.8;i=CSR5_BYTE1 HTTP/1.1" 200 1896 "-" "Mozilla/5.0 (compatible; bingbot/2.0; +http://www.bing.com/bingbot.htm)"
106.120.173.147 - - [01/Jan/2015:00:09:19 -0500] "GET /~baker/devices/lxr/http/ident?i=initial_descriptor_timeout HTTP/1.1" 200 2403 "-" "Sogou web spider/4.0(+http://www.sogou.com/docs/help/webmasters.htm#07)"
157.55.39.78 - - [01/Jan/2015:00:09:19 -0500] "GET /~baker/devices/lxr/http/diff/linux/sound/pci/emu10k1/emumixer.c?v=2.6.11.8;diffval=2.6.25;diffvar=v HTTP/1.1" 200 624392 "-" "Mozilla/5.0 (compatible; bingbot/2.0; +http://www.bing.com/bingbot.htm)"
157.55.39.78 - - [01/Jan/2015:00:09:22 -0500] "GET /~baker/devices/lxr/http/ident?v=2.6.11.8;i=sctp_heartbeathdr HTTP/1.1" 200 2330 "-" "Mozilla/5.0 (compatible; bingbot/2.0; +http://www.bing.com/bingbot.htm)"
157.55.39.78 - - [01/Jan/2015:00:09:22 -0500] "GET /~baker/devices/lxr/http/ident?v=2.6.11.8;i=OR_FCM_CHT HTTP/1.1" 200 1896 "-" "Mozilla/5.0 (compatible; bingbot/2.0; +http://www.bing.com/bingbot.htm)"
75.218.250.106 - - [01/Jan/2015:00:09:24 -0500] "POST /~engelen/calcserver.cgi HTTP/1.1" 500 574 "-" "gSOAP/2.7"
5.135.192.98 - - [01/Jan/2015:00:09:24 -0500] "GET /site/news.php?id=65'A=0 HTTP/1.1" 200 5377 "http://www.cs.fsu.edu/site/news.php?id=65'A=0" "Mozilla/5.0 (Windows; U; Windows NT 5.1; pt-PT; rv:1.9.1.2) Gecko/20090729 Firefox/3.5.2 (.NET CLR 3.5.30729)"
188.207.200.116 - - [01/Jan/2015:00:09:24 -0500] "GET /~baker/devices/lxr/http/ident?i=DBG_PARSE HTTP/1.1" 200 2477 "-" "Mozilla/5.0 (Windows NT 6.1) AppleWebKit/537.36 (KHTML, like Gecko) Chrome/31.0.1650.16 Safari/537.36"
66.249.64.84 - - [01/Jan/2015:00:09:27 -0500] "GET /~baker/devices/lxr/http/ident?v=2.6.25.8;i=doc200x_ident_chip HTTP/1.1" 200 2439 "-" "Mozilla/5.0 (compatible; Googlebot/2.1; +http://www.google.com/bot.html)"
157.55.39.58 - - [01/Jan/2015:00:09:27 -0500] "GET /~baker/devices/lxr/http/source/linux/drivers/scsi/fnic/vnic_intr.h HTTP/1.1" 200 18391 "-" "Mozilla/5.0 (compatible; bingbot/2.0; +http://www.bing.com/bingbot.htm)"
157.55.39.58 - - [01/Jan/2015:00:09:27 -0500] "GET /~baker/devices/lxr/http/ident?v=2.6.11.8;i=MB_IDE_READY HTTP/1.1" 200 1908 "-" "Mozilla/5.0 (compatible; bingbot/2.0; +http://www.bing.com/bingbot.htm)"
157.55.39.58 - - [01/Jan/2015:00:09:27 -0500] "GET /~baker/devices/lxr/http/ident?v=2.6.25.8;i=pci_enable_wake HTTP/1.1" 200 11516 "-" "Mozilla/5.0 (compatible; bingbot/2.0; +http://www.bing.com/bingbot.htm)"
157.55.39.58 - - [01/Jan/2015:00:09:27 -0500] "GET /~baker/devices/lxr/http/ident?v=2.6.11.8;i=alsa_sb16_exit HTTP/1.1" 200 2304 "-" "Mozilla/5.0 (compatible; bingbot/2.0; +http://www.bing.com/bingbot.htm)"
157.55.39.58 - - [01/Jan/2015:00:09:27 -0500] "GET /~baker/devices/lxr/http/ident?v=2.6.11.8;i=lro_max_aggr HTTP/1.1" 200 1908 "-" "Mozilla/5.0 (compatible; bingbot/2.0; +http://www.bing.com/bingbot.htm)"
157.55.39.58 - - [01/Jan/2015:00:09:28 -0500] "GET /~baker/devices/lxr/http/ident?v=2.6.11.8;i=ata_acpi_ap_notify HTTP/1.1" 200 1944 "-" "Mozilla/5.0 (compatible; bingbot/2.0; +http://www.bing.com/bingbot.htm)"
157.55.39.58 - - [01/Jan/2015:00:09:28 -0500] "GET /~baker/devices/lxr/http/source/linux/include/linux/nfsacl.h?v=2.6.25.8 HTTP/1.1" 200 10086 "-" "Mozilla/5.0 (compatible; bingbot/2.0; +http://www.bing.com/bingbot.htm)"
157.55.39.58 - - [01/Jan/2015:00:09:29 -0500] "GET /~baker/devices/lxr/http/ident?v=2.6.11.8;i=acpi_ps_find_object HTTP/1.1" 200 2244 "-" "Mozilla/5.0 (compatible; bingbot/2.0; +http://www.bing.com/bingbot.htm)"
157.55.39.58 - - [01/Jan/2015:00:09:29 -0500] "GET /~baker/devices/lxr/http/ident?v=2.6.11.8;i=palmtt_panel_suspend HTTP/1.1" 200 1956 "-" "Mozilla/5.0 (compatible; bingbot/2.0; +http://www.bing.com/bingbot.htm)"
157.55.39.58 - - [01/Jan/2015:00:09:29 -0500] "GET /~baker/devices/lxr/http/ident?v=2.6.11.8;i=MGSL_MODE_MONOSYNC HTTP/1.1" 200 1944 "-" "Mozilla/5.0 (compatible; bingbot/2.0; +http://www.bing.com/bingbot.htm)"
157.55.39.58 - - [01/Jan/2015:00:09:29 -0500] "GET /~baker/devices/lxr/http/source/linux/drivers/media/radio/radio-si470x.c?v=2.6.25 HTTP/1.1" 200 258063 "-" "Mozilla/5.0 (compatible; bingbot/2.0; +http://www.bing.com/bingbot.htm)"
157.55.39.58 - - [01/Jan/2015:00:09:30 -0500] "GET /~baker/devices/lxr/http/ident?v=2.6.11.8;i=PCINIT_MODEMMODULATION_DISABLE_K56FLEX HTTP/1.1" 200 2064 "-" "Mozilla/5.0 (compatible; bingbot/2.0; +http://www.bing.com/bingbot.htm)"
157.55.39.58 - - [01/Jan/2015:00:09:31 -0500] "GET /~baker/devices/lxr/http/ident?v=2.6.11.8;i=dev_uevent HTTP/1.1" 200 1896 "-" "Mozilla/5.0 (compatible; bingbot/2.0; +http://www.bing.com/bingbot.htm)"
157.55.39.58 - - [01/Jan/2015:00:09:31 -0500] "GET /~baker/devices/lxr/http/ident?v=2.6.11.8;i=POLARITY_ACTIVE_LOW HTTP/1.1" 200 2232 "-" "Mozilla/5.0 (compatible; bingbot/2.0; +http://www.bing.com/bingbot.htm)"
157.55.39.58 - - [01/Jan/2015:00:09:31 -0500] "GET /~baker/devices/lxr/http/ident?i=PACKET_ORIGDEV HTTP/1.1" 200 2313 "-" "Mozilla/5.0 (compatible; bingbot/2.0; +http://www.bing.com/bingbot.htm)"
65.185.27.93 - - [01/Jan/2015:00:09:31 -0500] "POST /~engelen/calcserver.cgi HTTP/1.1" 500 574 "-" "gSOAP/2.7"
157.55.39.58 - - [01/Jan/2015:00:09:31 -0500] "GET /~baker/devices/lxr/http/source/linux/drivers/usb/Kconfig?v=2.6.11.8 HTTP/1.1" 200 13047 "-" "Mozilla/5.0 (compatible; bingbot/2.0; +http://www.bing.com/bingbot.htm)"
68.180.228.53 - - [01/Jan/2015:00:09:31 -0500] "GET /~baker/ada/sgl-2.0a3/sgl/ HTTP/1.1" 200 16840 "-" "Mozilla/5.0 (compatible; Yahoo! Slurp; http://help.yahoo.com/help/us/ysearch/slurp)"
157.55.39.58 - - [01/Jan/2015:00:09:32 -0500] "GET /~baker/devices/lxr/http/ident?v=2.6.11.8;i=ULITE_STATUS_RXFULL HTTP/1.1" 200 1950 "-" "Mozilla/5.0 (compatible; bingbot/2.0; +http://www.bing.com/bingbot.htm)"
157.55.39.58 - - [01/Jan/2015:00:09:32 -0500] "GET /~baker/devices/lxr/http/ident?v=2.6.11.8;i=ext2_set_link HTTP/1.1" 200 2572 "-" "Mozilla/5.0 (compatible; bingbot/2.0; +http://www.bing.com/bingbot.htm)"
157.55.39.58 - - [01/Jan/2015:00:09:32 -0500] "GET /~baker/devices/lxr/http/ident?v=2.6.25.8;i=atl1_check_options HTTP/1.1" 200 2651 "-" "Mozilla/5.0 (compatible; bingbot/2.0; +http://www.bing.com/bingbot.htm)"
157.55.39.58 - - [01/Jan/2015:00:09:32 -0500] "GET /~baker/devices/lxr/http/source/linux/drivers/media/video/pvrusb2/dvbdev.h HTTP/1.1" 200 1891 "-" "Mozilla/5.0 (compatible; bingbot/2.0; +http://www.bing.com/bingbot.htm)"
157.55.39.58 - - [01/Jan/2015:00:09:32 -0500] "GET /~baker/devices/lxr/http/ident?v=2.6.25;i=ata_interrupt HTTP/1.1" 200 12750 "-" "Mozilla/5.0 (compatible; bingbot/2.0; +http://www.bing.com/bingbot.htm)"
157.55.39.58 - - [01/Jan/2015:00:09:33 -0500] "GET /~baker/devices/lxr/http/ident?v=2.6.11.8;i=sfq_module_init HTTP/1.1" 200 2285 "-" "Mozilla/5.0 (compatible; bingbot/2.0; +http://www.bing.com/bingbot.htm)"
157.55.39.58 - - [01/Jan/2015:00:09:33 -0500] "GET /~baker/devices/lxr/http/ident?v=2.6.11.8;i=ibmveth_adapter HTTP/1.1" 200 4751 "-" "Mozilla/5.0 (compatible; bingbot/2.0; +http://www.bing.com/bingbot.htm)"
157.55.39.58 - - [01/Jan/2015:00:09:33 -0500] "GET /~baker/devices/lxr/http/diff/linux/drivers/net/8390.h?diffval=2.6.25.8;diffvar=v HTTP/1.1" 200 78214 "-" "Mozilla/5.0 (compatible; bingbot/2.0; +http://www.bing.com/bingbot.htm)"
157.55.39.58 - - [01/Jan/2015:00:09:34 -0500] "GET /~baker/devices/lxr/http/ident?v=2.6.11.8;i=__queue_work HTTP/1.1" 200 2408 "-" "Mozilla/5.0 (compatible; bingbot/2.0; +http://www.bing.com/bingbot.htm)"
68.180.228.53 - - [01/Jan/2015:00:09:34 -0500] "GET /~baker/devices/lxr/http/ident?i=lpfc_els_timeout HTTP/1.1" 200 2534 "-" "Mozilla/5.0 (compatible; Yahoo! Slurp; http://help.yahoo.com/help/us/ysearch/slurp)"
157.55.39.58 - - [01/Jan/2015:00:09:34 -0500] "GET /~baker/devices/lxr/http/diff/linux/drivers/hwmon/ultra45_env.c?diffval=2.6.11.8;diffvar=v HTTP/1.1" 200 64964 "-" "Mozilla/5.0 (compatible; bingbot/2.0; +http://www.bing.com/bingbot.htm)"
157.55.39.57 - - [01/Jan/2015:00:09:35 -0500] "GET /~baker/devices/lxr/http/ident?v=2.6.11.8;i=nfs_readlinkargs HTTP/1.1" 200 2407 "-" "Mozilla/5.0 (compatible; bingbot/2.0; +http://www.bing.com/bingbot.htm)"
157.55.39.57 - - [01/Jan/2015:00:09:35 -0500] "GET /~baker/devices/lxr/http/ident?v=2.6.11.8;i=rtc_time_to_tm HTTP/1.1" 200 1920 "-" "Mozilla/5.0 (compatible; bingbot/2.0; +http://www.bing.com/bingbot.htm)"
157.55.39.57 - - [01/Jan/2015:00:09:36 -0500] "GET /~baker/devices/lxr/http/source/linux/drivers/parisc/eisa_eeprom.c?v=2.6.25 HTTP/1.1" 200 21568 "-" "Mozilla/5.0 (compatible; bingbot/2.0; +http://www.bing.com/bingbot.htm)"
157.55.39.57 - - [01/Jan/2015:00:09:36 -0500] "GET /~baker/devices/lxr/http/source/linux/drivers/net/wireless/wl12xx/debugfs.h HTTP/1.1" 200 6336 "-" "Mozilla/5.0 (compatible; bingbot/2.0; +http://www.bing.com/bingbot.htm)"
66.249.64.88 - - [01/Jan/2015:00:09:36 -0500] "GET /~baker/devices/lxr/http/ident?v=2.6.11.8;i=add_single_flow_creds HTTP/1.1" 200 1962 "-" "Mozilla/5.0 (compatible; Googlebot/2.1; +http://www.google.com/bot.html)"
66.249.64.92 - - [01/Jan/2015:00:09:40 -0500] "GET /~baker/devices/lxr/http/ident?v=2.6.25;i=LINE6_BIT_TONEPORT_UX1 HTTP/1.1" 200 1962 "-" "Mozilla/5.0 (compatible; Googlebot/2.1; +http://www.google.com/bot.html)"
68.180.228.53 - - [01/Jan/2015:00:09:41 -0500] "GET /~baker/devices/lxr/http/ident?i=mx21_map_io HTTP/1.1" 200 2522 "-" "Mozilla/5.0 (compatible; Yahoo! Slurp; http://help.yahoo.com/help/us/ysearch/slurp)"
68.180.228.53 - - [01/Jan/2015:00:09:42 -0500] "GET /~engelen/ctadel/object_38.html HTTP/1.1" 304 - "-" "Mozilla/5.0 (compatible; Yahoo! Slurp; http://help.yahoo.com/help/us/ysearch/slurp)"
106.120.173.147 - - [01/Jan/2015:00:09:43 -0500] "GET /~baker/devices/lxr/http/ident?v=2.6.25.8;i=crypto_comp_crt HTTP/1.1" 200 2387 "-" "Sogou web spider/4.0(+http://www.sogou.com/docs/help/webmasters.htm#07)"
66.249.64.92 - - [01/Jan/2015:00:09:46 -0500] "GET /~baker/devices/lxr/http/ident?v=2.6.25;i=L4_24XX_PHYS HTTP/1.1" 200 2325 "-" "Mozilla/5.0 (compatible; Googlebot/2.1; +http://www.google.com/bot.html)"
68.180.228.53 - - [01/Jan/2015:00:09:46 -0500] "GET /%7eengelen/ctadel/report_2.html HTTP/1.1" 304 - "-" "Mozilla/5.0 (compatible; Yahoo! Slurp; http://help.yahoo.com/help/us/ysearch/slurp)"
68.180.228.53 - - [01/Jan/2015:00:09:50 -0500] "GET /~baker/devices/lxr/http/ident?v=2.6.25.8;i=txlog_cur_entry HTTP/1.1" 200 2521 "-" "Mozilla/5.0 (compatible; Yahoo! Slurp; http://help.yahoo.com/help/us/ysearch/slurp)"
66.249.64.84 - - [01/Jan/2015:00:09:55 -0500] "GET /~baker/devices/lxr/http/diff/linux/arch/i386/mach-s3c2410/pm.c?v=2.6.25;diffval=2.6.31.13;diffvar=v HTTP/1.1" 200 2438 "-" "Mozilla/5.0 (compatible; Googlebot/2.1; +http://www.google.com/bot.html)"
157.55.39.58 - - [01/Jan/2015:00:09:56 -0500] "GET /~baker/devices/lxr/http/source/linux/drivers/net/wireless/bcm43xx/bcm43xx_dma.h?v=2.6.25.8 HTTP/1.1" 200 72116 "-" "Mozilla/5.0 (compatible; bingbot/2.0; +http://www.bing.com/bingbot.htm)"
157.55.39.58 - - [01/Jan/2015:00:09:56 -0500] "GET /~baker/devices/lxr/http/source/linux/arch/x86/lib/msr-on-cpu.c HTTP/1.1" 200 1839 "-" "Mozilla/5.0 (compatible; bingbot/2.0; +http://www.bing.com/bingbot.htm)"
157.55.39.58 - - [01/Jan/2015:00:09:57 -0500] "GET /~baker/devices/lxr/http/ident?i=show_ep_type HTTP/1.1" 200 2200 "-" "Mozilla/5.0 (compatible; bingbot/2.0; +http://www.bing.com/bingbot.htm)"
157.55.39.58 - - [01/Jan/2015:00:09:57 -0500] "GET /~baker/devices/lxr/http/ident?i=LM80_IS_FAN2 HTTP/1.1" 200 1840 "-" "Mozilla/5.0 (compatible; bingbot/2.0; +http://www.bing.com/bingbot.htm)"
157.55.39.58 - - [01/Jan/2015:00:09:57 -0500] "GET /~baker/devices/lxr/http/ident?v=2.6.25.8;i=NT_STATUS_FT_ORPHANING HTTP/1.1" 200 2511 "-" "Mozilla/5.0 (compatible; bingbot/2.0; +http://www.bing.com/bingbot.htm)"
157.55.39.58 - - [01/Jan/2015:00:09:57 -0500] "GET /~baker/devices/lxr/http/ident?v=2.6.11.8;i=__FCP_H HTTP/1.1" 200 2225 "-" "Mozilla/5.0 (compatible; bingbot/2.0; +http://www.bing.com/bingbot.htm)"
157.55.39.58 - - [01/Jan/2015:00:09:58 -0500] "GET /~baker/devices/lxr/http/ident?i=curr_control_reg HTTP/1.1" 200 1864 "-" "Mozilla/5.0 (compatible; bingbot/2.0; +http://www.bing.com/bingbot.htm)"
157.55.39.58 - - [01/Jan/2015:00:09:58 -0500] "GET /~baker/devices/lxr/http/ident?i=S3C2410_GPIO_F_NR HTTP/1.1" 200 2226 "-" "Mozilla/5.0 (compatible; bingbot/2.0; +http://www.bing.com/bingbot.htm)"
157.55.39.58 - - [01/Jan/2015:00:09:58 -0500] "GET /~baker/devices/lxr/http/ident?v=2.6.25.8;i=ESR_RX_POWER_CTRL_H HTTP/1.1" 200 2220 "-" "Mozilla/5.0 (compatible; bingbot/2.0; +http://www.bing.com/bingbot.htm)"
66.249.64.92 - - [01/Jan/2015:00:09:58 -0500] "GET /~baker/devices/lxr/http/ident?v=2.6.25.8;i=irlan_provider_send_reply HTTP/1.1" 200 3136 "-" "Mozilla/5.0 (compatible; Googlebot/2.1; +http://www.google.com/bot.html)"
157.55.39.58 - - [01/Jan/2015:00:09:58 -0500] "GET /~baker/devices/lxr/http/ident?v=2.6.25.8;i=SkIsrRetNone HTTP/1.1" 200 2397 "-" "Mozilla/5.0 (compatible; bingbot/2.0; +http://www.bing.com/bingbot.htm)"
157.55.39.58 - - [01/Jan/2015:00:09:58 -0500] "GET /~baker/devices/lxr/http/ident?v=2.6.11.8;i=wafwdt_open HTTP/1.1" 200 2346 "-" "Mozilla/5.0 (compatible; bingbot/2.0; +http://www.bing.com/bingbot.htm)"
157.55.39.58 - - [01/Jan/2015:00:09:59 -0500] "GET /~baker/devices/lxr/http/ident?i=AR_STA_ID1_CRPT_MIC_ENABLE HTTP/1.1" 200 2683 "-" "Mozilla/5.0 (compatible; bingbot/2.0; +http://www.bing.com/bingbot.htm)"
157.55.39.58 - - [01/Jan/2015:00:09:59 -0500] "GET /~baker/devices/lxr/http/ident?v=2.6.25;i=MT_ST_DEBUGGING HTTP/1.1" 200 2580 "-" "Mozilla/5.0 (compatible; bingbot/2.0; +http://www.bing.com/bingbot.htm)"
157.55.39.58 - - [01/Jan/2015:00:09:59 -0500] "GET /~baker/devices/lxr/http/ident?i=uart_update_mctrl HTTP/1.1" 200 2389 "-" "Mozilla/5.0 (compatible; bingbot/2.0; +http://www.bing.com/bingbot.htm)"
157.55.39.58 - - [01/Jan/2015:00:09:59 -0500] "GET /~baker/devices/lxr/http/ident?v=2.6.25.8;i=CB_NOTACARD HTTP/1.1" 200 2339 "-" "Mozilla/5.0 (compatible; bingbot/2.0; +http://www.bing.com/bingbot.htm)"
157.55.39.58 - - [01/Jan/2015:00:09:59 -0500] "GET /~baker/devices/lxr/http/ident?v=2.6.11.8;i=ZD_CCK_PLCP_SIGNAL_5M5 HTTP/1.1" 200 1968 "-" "Mozilla/5.0 (compatible; bingbot/2.0; +http://www.bing.com/bingbot.htm)"
157.55.39.58 - - [01/Jan/2015:00:10:00 -0500] "GET /~baker/devices/lxr/http/ident?v=2.6.25.8;i=VOYAGER_XSUM_END_OFFSET HTTP/1.1" 200 2702 "-" "Mozilla/5.0 (compatible; bingbot/2.0; +http://www.bing.com/bingbot.htm)"
188.35.22.24 - - [01/Jan/2015:00:09:59 -0500] "GET /~breno/CIS-5357/lecture_slides/class9.pdf HTTP/1.1" 200 99959 "-" "Mozilla/4.0 (compatible; MSIE 5.0; Windows 98; DigExt)"
157.55.39.58 - - [01/Jan/2015:00:10:00 -0500] "GET /~baker/devices/lxr/http/ident?i=CRC3_END HTTP/1.1" 200 2140 "-" "Mozilla/5.0 (compatible; bingbot/2.0; +http://www.bing.com/bingbot.htm)"
157.55.39.58 - - [01/Jan/2015:00:10:00 -0500] "GET /~baker/devices/lxr/http/ident?i=cb710_src_freq_mhz HTTP/1.1" 200 2315 "-" "Mozilla/5.0 (compatible; bingbot/2.0; +http://www.bing.com/bingbot.htm)"
157.55.39.58 - - [01/Jan/2015:00:10:00 -0500] "GET /~baker/devices/lxr/http/ident?v=2.6.25.8;i=DOC_MODE_CLR_ERR HTTP/1.1" 200 3047 "-" "Mozilla/5.0 (compatible; bingbot/2.0; +http://www.bing.com/bingbot.htm)"
157.55.39.58 - - [01/Jan/2015:00:10:01 -0500] "GET /~baker/devices/lxr/http/ident?i=DRR HTTP/1.1" 200 2408 "-" "Mozilla/5.0 (compatible; bingbot/2.0; +http://www.bing.com/bingbot.htm)"
157.55.39.58 - - [01/Jan/2015:00:10:01 -0500] "GET /~baker/devices/lxr/http/diff/linux/include/asm-generic/bitops/fls.h HTTP/1.1" 200 2013 "-" "Mozilla/5.0 (compatible; bingbot/2.0; +http://www.bing.com/bingbot.htm)"
157.55.39.58 - - [01/Jan/2015:00:10:01 -0500] "GET /~baker/devices/lxr/http/ident?v=2.6.25.8;i=rv_init1 HTTP/1.1" 200 2675 "-" "Mozilla/5.0 (compatible; bingbot/2.0; +http://www.bing.com/bingbot.htm)"
157.55.39.58 - - [01/Jan/2015:00:10:01 -0500] "GET /~baker/devices/lxr/http/ident?v=2.6.11.8;i=__br_deliver HTTP/1.1" 200 2361 "-" "Mozilla/5.0 (compatible; bingbot/2.0; +http://www.bing.com/bingbot.htm)"
157.55.39.58 - - [01/Jan/2015:00:10:01 -0500] "GET /~baker/devices/lxr/http/ident?v=2.6.25;i=thaw_process HTTP/1.1" 200 2499 "-" "Mozilla/5.0 (compatible; bingbot/2.0; +http://www.bing.com/bingbot.htm)"
14.139.114.194 - - [01/Jan/2015:00:10:00 -0500] "GET /~baker/swe1/restricted/templates/rr631gv1_stuwrk_withdraw_cash_use-case_spec.pdf HTTP/1.1" 200 88790 "http://www.google.co.in/url?sa=t&rct=j&q=&esrc=s&source=web&cd=6&ved=0CDwQFjAF&url=http%3A%2F%2Fwww.cs.fsu.edu%2F~baker%2Fswe1%2Frestricted%2Ftemplates%2Frr631gv1_stuwrk_withdraw_cash_use-case_spec.pdf&ei=MdakVMLBFsiwuAT27YG4Dg&usg=AFQjCNG8XmWT9XLz0UBuAjiNYxMIwQwxFw&bvm=bv.82001339,d.c2E&cad=rja" "Mozilla/5.0 (Windows NT 6.1; rv:35.0) Gecko/20100101 Firefox/35.0"
157.55.39.58 - - [01/Jan/2015:00:10:02 -0500] "GET /~baker/devices/lxr/http/diff/linux/drivers/net/mlx4/port.c HTTP/1.1" 200 1968 "-" "Mozilla/5.0 (compatible; bingbot/2.0; +http://www.bing.com/bingbot.htm)"
157.55.39.58 - - [01/Jan/2015:00:10:02 -0500] "GET /~baker/devices/lxr/http/ident?v=2.6.11.8;i=snd_seq_queue_set_owner HTTP/1.1" 200 2677 "-" "Mozilla/5.0 (compatible; bingbot/2.0; +http://www.bing.com/bingbot.htm)"
66.249.64.88 - - [01/Jan/2015:00:10:02 -0500] "GET /~baker/devices/lxr/http/diff/linux/arch/i386/include/asm-i386/timex.h?v=2.6.25 HTTP/1.1" 200 2089 "-" "SAMSUNG-SGH-E250/1.0 Profile/MIDP-2.0 Configuration/CLDC-1.1 UP.Browser/6.2.3.3.c.1.101 (GUI) MMP/2.0 (compatible; Googlebot-Mobile/2.1; +http://www.google.com/bot.html)"
157.55.39.58 - - [01/Jan/2015:00:10:02 -0500] "GET /~baker/devices/lxr/http/ident?v=2.6.11.8;i=ACI_SET_MIC HTTP/1.1" 200 1902 "-" "Mozilla/5.0 (compatible; bingbot/2.0; +http://www.bing.com/bingbot.htm)"
157.55.39.58 - - [01/Jan/2015:00:10:02 -0500] "GET /~baker/devices/lxr/http/ident?v=2.6.25.8;i=QUERY_FW_ERR_BAR_OFFSET HTTP/1.1" 200 2353 "-" "Mozilla/5.0 (compatible; bingbot/2.0; +http://www.bing.com/bingbot.htm)"
157.55.39.58 - - [01/Jan/2015:00:10:02 -0500] "GET /~baker/devices/lxr/http/ident?v=2.6.25;i=internal_insert_childs HTTP/1.1" 200 2798 "-" "Mozilla/5.0 (compatible; bingbot/2.0; +http://www.bing.com/bingbot.htm)"
66.249.64.88 - - [01/Jan/2015:00:10:05 -0500] "GET /~baker/devices/lxr/http/ident?v=2.6.11.8;i=WLAN_FR_PROBEREQ HTTP/1.1" 200 1932 "-" "Mozilla/5.0 (compatible; Googlebot/2.1; +http://www.google.com/bot.html)"
68.180.228.53 - - [01/Jan/2015:00:10:06 -0500] "GET /~baker/devices/lxr/http/ident?i=HID_USAGE_STYLUS HTTP/1.1" 200 2261 "-" "Mozilla/5.0 (compatible; Yahoo! Slurp; http://help.yahoo.com/help/us/ysearch/slurp)"
106.120.173.147 - - [01/Jan/2015:00:10:07 -0500] "GET /~baker/devices/lxr/http/ident?v=2.6.11.8;i=sony_mo_entries HTTP/1.1" 200 2421 "-" "Sogou web spider/4.0(+http://www.sogou.com/docs/help/webmasters.htm#07)"
207.46.13.126 - - [01/Jan/2015:00:09:10 -0500] "GET /~baker/devices/lxr/http/source/linux/arch/arm/mach-at91/at91cap9_devices.c?v=2.6.25 HTTP/1.1" 200 188076 "-" "Mozilla/5.0 (compatible; bingbot/2.0; +http://www.bing.com/bingbot.htm)"
220.181.108.77 - - [01/Jan/2015:00:10:10 -0500] "GET /~baker/devices/lxr/http/ident?i=RT28XX_RXD_STRUC HTTP/1.1" 200 2638 "-" "Mozilla/5.0 (compatible; Baiduspider/2.0; +http://www.baidu.com/search/spider.html)"
68.180.228.53 - - [01/Jan/2015:00:10:11 -0500] "GET /~baker/devices/lxr/http/ident?i=GPIO63_MLCD_LDD_9 HTTP/1.1" 200 2222 "-" "Mozilla/5.0 (compatible; Yahoo! Slurp; http://help.yahoo.com/help/us/ysearch/slurp)"
68.180.228.53 - - [01/Jan/2015:00:10:11 -0500] "GET /~baker/devices/lxr/http/ident?v=2.6.11.8;i=GREG_IMASK_EOPERR HTTP/1.1" 200 2216 "-" "Mozilla/5.0 (compatible; Yahoo! Slurp; http://help.yahoo.com/help/us/ysearch/slurp)"
66.249.64.88 - - [01/Jan/2015:00:10:14 -0500] "GET /~baker/devices/lxr/http/diff/source/default/linux/drivers/net/wireless/rt2x00/rt2x00pci.c?v=.. HTTP/1.1" 200 2257 "-" "Mozilla/5.0 (compatible; Googlebot/2.1; +http://www.google.com/bot.html)"
199.21.99.206 - - [01/Jan/2015:00:10:15 -0500] "GET /~baker/devices/lxr/http/ident?v=2.6.25;i=__NR_swapoff HTTP/1.1" 200 2761 "-" "Mozilla/5.0 (compatible; YandexBot/3.0; +http://yandex.com/bots)"
