207.46.13.126 - - [01/Jan/2015:00:04:56 -0500] "GET /~baker/devices/lxr/http/ident?i=TYPHOON_CRYPTO_DES HTTP/1.1" 200 2691 "-" "Mozilla/5.0 (iPhone; CPU iPhone OS 7_0 like Mac OS X) AppleWebKit/537.51.1 (KHTML, like Gecko) Version/7.0 Mobile/11A465 Safari/9537.53 (compatible; bingbot/2.0;  http://www.bing.com/bingbot.htm)"
207.46.13.126 - - [01/Jan/2015:00:04:56 -0500] "GET /~baker/devices/lxr/http/ident?i=BNX2_MISC_DUAL_MEDIA_CTRL_SERDES1_RST HTTP/1.1" 200 2246 "-" "Mozilla/5.0 (iPhone; CPU iPhone OS 7_0 like Mac OS X) AppleWebKit/537.51.1 (KHTML, like Gecko) Version/7.0 Mobile/11A465 Safari/9537.53 (compatible; bingbot/2.0;  http://www.bing.com/bingbot.htm)"
207.46.13.126 - - [01/Jan/2015:00:04:56 -0500] "GET /~baker/devices/lxr/http/ident?v=2.6.25.8;i=SWAP_DATA HTTP/1.1" 200 2454 "-" "Mozilla/5.0 (iPhone; CPU iPhone OS 7_0 like Mac OS X) AppleWebKit/537.51.1 (KHTML, like Gecko) Version/7.0 Mobile/11A465 Safari/9537.53 (compatible; bingbot/2.0;  http://www.bing.com/bingbot.htm)"
207.46.13.126 - - [01/Jan/2015:00:04:57 -0500] "GET /~baker/devices/lxr/http/ident?v=2.6.11.8;i=tlb_is_full_mm HTTP/1.1" 200 2299 "-" "Mozilla/5.0 (iPhone; CPU iPhone OS 7_0 like Mac OS X) AppleWebKit/537.51.1 (KHTML, like Gecko) Version/7.0 Mobile/11A465 Safari/9537.53 (compatible; bingbot/2.0;  http://www.bing.com/bingbot.htm)"
207.46.13.126 - - [01/Jan/2015:00:04:57 -0500] "GET /~baker/devices/lxr/http/ident?v=2.6.25.8;i=IXGBE_LINKS_10G_ALIGN HTTP/1.1" 200 2284 "-" "Mozilla/5.0 (iPhone; CPU iPhone OS 7_0 like Mac OS X) AppleWebKit/537.51.1 (KHTML, like Gecko) Version/7.0 Mobile/11A465 Safari/9537.53 (compatible; bingbot/2.0;  http://www.bing.com/bingbot.htm)"
207.46.13.126 - - [01/Jan/2015:00:04:57 -0500] "GET /~baker/devices/lxr/http/ident?i=FTFMT_SET_PARMS HTTP/1.1" 200 1858 "-" "Mozilla/5.0 (iPhone; CPU iPhone OS 7_0 like Mac OS X) AppleWebKit/537.51.1 (KHTML, like Gecko) Version/7.0 Mobile/11A465 Safari/9537.53 (compatible; bingbot/2.0;  http://www.bing.com/bingbot.htm)"
68.180.228.53 - - [01/Jan/2015:00:04:57 -0500] "GET /~baker/devices/lxr/http/ident?i=NeedSeek HTTP/1.1" 200 2442 "-" "Mozilla/5.0 (compatible; Yahoo! Slurp; http://help.yahoo.com/help/us/ysearch/slurp)"
207.46.13.126 - - [01/Jan/2015:00:04:58 -0500] "GET /~baker/devices/lxr/http/ident?v=2.6.11.8;i=GENERIC_NCR5380_H HTTP/1.1" 200 2326 "-" "Mozilla/5.0 (iPhone; CPU iPhone OS 7_0 like Mac OS X) AppleWebKit/537.51.1 (KHTML, like Gecko) Version/7.0 Mobile/11A465 Safari/9537.53 (compatible; bingbot/2.0;  http://www.bing.com/bingbot.htm)"
207.46.13.126 - - [01/Jan/2015:00:04:58 -0500] "GET /~baker/devices/lxr/http/ident?v=2.6.25.8;i=CR_PON HTTP/1.1" 200 2230 "-" "Mozilla/5.0 (iPhone; CPU iPhone OS 7_0 like Mac OS X) AppleWebKit/537.51.1 (KHTML, like Gecko) Version/7.0 Mobile/11A465 Safari/9537.53 (compatible; bingbot/2.0;  http://www.bing.com/bingbot.htm)"
68.180.228.53 - - [01/Jan/2015:00:04:58 -0500] "GET /~baker/devices/lxr/http/source/linux/include/linux/ssb/ssb_driver_chipcommon.h HTTP/1.1" 200 121887 "-" "Mozilla/5.0 (compatible; Yahoo! Slurp; http://help.yahoo.com/help/us/ysearch/slurp)"
207.46.13.126 - - [01/Jan/2015:00:04:58 -0500] "GET /~baker/devices/lxr/http/ident?v=2.6.11.8;i=HPG_WINTV_PRO_PAL_D_K HTTP/1.1" 200 1962 "-" "Mozilla/5.0 (iPhone; CPU iPhone OS 7_0 like Mac OS X) AppleWebKit/537.51.1 (KHTML, like Gecko) Version/7.0 Mobile/11A465 Safari/9537.53 (compatible; bingbot/2.0;  http://www.bing.com/bingbot.htm)"
207.46.13.126 - - [01/Jan/2015:00:04:58 -0500] "GET /~baker/devices/lxr/http/ident?i=S3C2412_CLKSRC HTTP/1.1" 200 3363 "-" "Mozilla/5.0 (iPhone; CPU iPhone OS 7_0 like Mac OS X) AppleWebKit/537.51.1 (KHTML, like Gecko) Version/7.0 Mobile/11A465 Safari/9537.53 (compatible; bingbot/2.0;  http://www.bing.com/bingbot.htm)"
66.249.64.88 - - [01/Jan/2015:00:05:00 -0500] "GET /~baker/devices/lxr/http/ident?i=SL_MODE_CSLIP6 HTTP/1.1" 200 2104 "-" "DoCoMo/2.0 N905i(c100;TB;W24H16) (compatible; Googlebot-Mobile/2.1; +http://www.google.com/bot.html)"
220.181.108.143 - - [01/Jan/2015:00:05:01 -0500] "GET /script/preload.js HTTP/1.1" 200 837 "http://www.cs.fsu.edu/faculty/" "Mozilla/5.0 (compatible; Baiduspider/2.0; +http://www.baidu.com/search/spider.html)"
220.181.108.181 - - [01/Jan/2015:00:05:01 -0500] "GET /css/page.css HTTP/1.1" 200 2477 "http://www.cs.fsu.edu/faculty/" "Mozilla/5.0 (compatible; Baiduspider/2.0; +http://www.baidu.com/search/spider.html)"
66.249.64.84 - - [01/Jan/2015:00:05:03 -0500] "GET /~baker/devices/lxr/http/ident?v=2.6.11.8;i=AT91_PIN_PD22 HTTP/1.1" 200 1914 "-" "Mozilla/5.0 (compatible; Googlebot/2.1; +http://www.google.com/bot.html)"
106.120.173.147 - - [01/Jan/2015:00:05:03 -0500] "GET /~baker/devices/lxr/http/ident?i=hostap_set_word HTTP/1.1" 200 7585 "-" "Sogou web spider/4.0(+http://www.sogou.com/docs/help/webmasters.htm#07)"
68.180.228.53 - - [01/Jan/2015:00:05:07 -0500] "GET /~baker/devices/lxr/http/ident?i=usbatm_driver HTTP/1.1" 200 2798 "-" "Mozilla/5.0 (compatible; Yahoo! Slurp; http://help.yahoo.com/help/us/ysearch/slurp)"
66.249.64.92 - - [01/Jan/2015:00:05:08 -0500] "GET /~baker/devices/lxr/http/source/2.6.25/linux/include/asm-i386/arch-at91/at91_wdt.h?v=2.6.11.8 HTTP/1.1" 200 1964 "-" "Mozilla/5.0 (compatible; Googlebot/2.1; +http://www.google.com/bot.html)"
68.180.228.53 - - [01/Jan/2015:00:05:09 -0500] "GET /~baker/devices/lxr/http/ident?i=zf_miscdev HTTP/1.1" 200 2261 "-" "Mozilla/5.0 (compatible; Yahoo! Slurp; http://help.yahoo.com/help/us/ysearch/slurp)"
66.249.64.88 - - [01/Jan/2015:00:05:13 -0500] "GET /~baker/devices/lxr/http/ident?v=2.6.11.8;i=amlm5900_uartcfgs HTTP/1.1" 200 1938 "-" "Mozilla/5.0 (compatible; Googlebot/2.1; +http://www.google.com/bot.html)"
68.180.228.53 - - [01/Jan/2015:00:05:14 -0500] "GET /~baker/devices/lxr/http/ident?i=__put_user_err HTTP/1.1" 200 2319 "-" "Mozilla/5.0 (compatible; Yahoo! Slurp; http://help.yahoo.com/help/us/ysearch/slurp)"
157.55.39.58 - - [01/Jan/2015:00:05:18 -0500] "GET /~baker/devices/lxr/http/ident?i=ni_mio_print_status_b HTTP/1.1" 200 2929 "-" "Mozilla/5.0 (compatible; bingbot/2.0; +http://www.bing.com/bingbot.htm)"
157.55.39.58 - - [01/Jan/2015:00:05:18 -0500] "GET /~baker/devices/lxr/http/ident?v=2.6.11.8;i=HFA384X_BAP0_EVENTS HTTP/1.1" 200 1950 "-" "Mozilla/5.0 (compatible; bingbot/2.0; +http://www.bing.com/bingbot.htm)"
157.55.39.58 - - [01/Jan/2015:00:05:18 -0500] "GET /~baker/devices/lxr/http/ident?v=2.6.25;i=usb_rcvintpipe HTTP/1.1" 200 10550 "-" "Mozilla/5.0 (compatible; bingbot/2.0; +http://www.bing.com/bingbot.htm)"
157.55.39.58 - - [01/Jan/2015:00:05:18 -0500] "GET /g2/g2doc/g2rm/foreign7.htm HTTP/1.1" 200 7318 "-" "Mozilla/5.0 (compatible; bingbot/2.0; +http://www.bing.com/bingbot.htm)"
68.180.228.53 - - [01/Jan/2015:00:05:19 -0500] "GET /~baker/devices/lxr/http/ident?v=2.6.11.8;i=force_sig_specific HTTP/1.1" 200 2751 "-" "Mozilla/5.0 (compatible; Yahoo! Slurp; http://help.yahoo.com/help/us/ysearch/slurp)"
157.55.39.58 - - [01/Jan/2015:00:05:18 -0500] "GET /~baker/devices/lxr/http/source/linux/drivers/cpufreq/cpufreq_userspace.c HTTP/1.1" 200 35871 "-" "Mozilla/5.0 (compatible; bingbot/2.0; +http://www.bing.com/bingbot.htm)"
68.180.228.53 - - [01/Jan/2015:00:05:19 -0500] "GET /%7eengelen/ctadel/object_870.html HTTP/1.1" 304 - "-" "Mozilla/5.0 (compatible; Yahoo! Slurp; http://help.yahoo.com/help/us/ysearch/slurp)"
66.249.64.92 - - [01/Jan/2015:00:05:22 -0500] "GET /~baker/devices/lxr/http/ident?v=2.6.11.8;i=MCI_MODE_MEMORY_READ HTTP/1.1" 200 1956 "-" "Mozilla/5.0 (compatible; Googlebot/2.1; +http://www.google.com/bot.html)"
195.211.155.186 - - [01/Jan/2015:00:05:19 -0500] "GET /~baker/devices/lxr/http/source/linux/drivers/i2c/chips/tsl2550.c HTTP/1.1" 200 68518 "-" "Mozilla/4.0 (compatible; MSIE 6.0; Windows NT 5.1)"
157.55.39.78 - - [01/Jan/2015:00:05:24 -0500] "GET /~baker/devices/lxr/http/ident?v=2.6.11.8;i=mtdblock_add_mtd HTTP/1.1" 200 2627 "-" "Mozilla/5.0 (compatible; bingbot/2.0; +http://www.bing.com/bingbot.htm)"
157.55.39.78 - - [01/Jan/2015:00:05:24 -0500] "GET /~baker/devices/lxr/http/ident?v=2.6.11.8;i=GEP_FDXD HTTP/1.1" 200 2447 "-" "Mozilla/5.0 (compatible; bingbot/2.0; +http://www.bing.com/bingbot.htm)"
66.249.64.84 - - [01/Jan/2015:00:05:24 -0500] "GET /~baker/devices/lxr/http/ident?v=2.6.11.8;i=XHI_CMD_START HTTP/1.1" 200 1914 "-" "Mozilla/5.0 (compatible; Googlebot/2.1; +http://www.google.com/bot.html)"
157.55.39.78 - - [01/Jan/2015:00:05:24 -0500] "GET /~baker/devices/lxr/http/ident?i=xd_p_fd_sqi_s1 HTTP/1.1" 200 2172 "-" "Mozilla/5.0 (compatible; bingbot/2.0; +http://www.bing.com/bingbot.htm)"
157.55.39.78 - - [01/Jan/2015:00:05:24 -0500] "GET /~baker/devices/lxr/http/source/linux/drivers/i2c/chips/lm80.c?v=2.6.25.8 HTTP/1.1" 200 1864 "-" "Mozilla/5.0 (compatible; bingbot/2.0; +http://www.bing.com/bingbot.htm)"
157.55.39.78 - - [01/Jan/2015:00:05:25 -0500] "GET /~baker/devices/lxr/http/ident?v=2.6.25.8;i=V4L2_FMT_FLAG_COMPRESSED HTTP/1.1" 200 3671 "-" "Mozilla/5.0 (compatible; bingbot/2.0; +http://www.bing.com/bingbot.htm)"
68.180.228.53 - - [01/Jan/2015:00:05:27 -0500] "GET /~baker/devices/lxr/http/ident?v=2.6.25.8;i=do_ioctl HTTP/1.1" 200 21140 "-" "Mozilla/5.0 (compatible; Yahoo! Slurp; http://help.yahoo.com/help/us/ysearch/slurp)"
180.76.6.55 - - [01/Jan/2015:00:05:28 -0500] "GET /~banks/courses/2001.0/ HTTP/1.1" 200 6742 "-" "Mozilla/5.0 (compatible; Baiduspider/2.0; +http://www.baidu.com/search/spider.html)"
157.55.39.78 - - [01/Jan/2015:00:05:28 -0500] "GET /~baker/devices/lxr/http/ident?v=2.6.25.8;i=MC417_RWD HTTP/1.1" 200 2256 "-" "Mozilla/5.0 (compatible; bingbot/2.0; +http://www.bing.com/bingbot.htm)"
157.55.39.78 - - [01/Jan/2015:00:05:29 -0500] "GET /~baker/devices/lxr/http/ident?i=MXC_CCM_PDR1_USB_PRDF_OFFSET HTTP/1.1" 200 2328 "-" "Mozilla/5.0 (compatible; bingbot/2.0; +http://www.bing.com/bingbot.htm)"
65.185.27.93 - - [01/Jan/2015:00:05:31 -0500] "POST /~engelen/calcserver.cgi HTTP/1.1" 500 574 "-" "gSOAP/2.7"
106.120.173.147 - - [01/Jan/2015:00:05:31 -0500] "GET /~baker/devices/lxr/http/ident?i=PLX9050_LINTI1_ACTIVE_HIGH HTTP/1.1" 200 2385 "-" "Sogou web spider/4.0(+http://www.sogou.com/docs/help/webmasters.htm#07)"
66.249.64.88 - - [01/Jan/2015:00:05:31 -0500] "GET /~baker/devices/lxr/http/ident?v=2.6.11.8;i=E1000_STATUS_PHYRA HTTP/1.1" 200 1944 "-" "Mozilla/5.0 (compatible; Googlebot/2.1; +http://www.google.com/bot.html)"
66.249.64.88 - - [01/Jan/2015:00:05:32 -0500] "GET /~baker/devices/lxr/http/ident?v=2.6.25.8;i=IBM_MP2_HOST_INT1 HTTP/1.1" 200 2256 "-" "Mozilla/5.0 (compatible; Googlebot/2.1; +http://www.google.com/bot.html)"
157.55.39.131 - - [01/Jan/2015:00:05:39 -0500] "GET /~engelen/ctadel/dyn/object_475.html HTTP/1.1" 200 3325 "-" "Mozilla/5.0 (compatible; bingbot/2.0; +http://www.bing.com/bingbot.htm)"
207.46.13.126 - - [01/Jan/2015:00:05:40 -0500] "GET /~baker/devices/lxr/http/source/linux/drivers/net/e1000e/phy.c?v=2.6.11.8 HTTP/1.1" 200 1864 "-" "Mozilla/5.0 (compatible; bingbot/2.0; +http://www.bing.com/bingbot.htm)"
207.46.13.126 - - [01/Jan/2015:00:05:40 -0500] "GET /~baker/devices/lxr/http/source/linux/drivers/net/bonding/Makefile HTTP/1.1" 200 2820 "-" "Mozilla/5.0 (compatible; bingbot/2.0; +http://www.bing.com/bingbot.htm)"
207.46.13.126 - - [01/Jan/2015:00:05:40 -0500] "GET /~baker/devices/lxr/http/source/linux/include/asm-i386/mtd-xip.h HTTP/1.1" 200 1841 "-" "Mozilla/5.0 (compatible; bingbot/2.0; +http://www.bing.com/bingbot.htm)"
207.46.13.126 - - [01/Jan/2015:00:05:40 -0500] "GET /~baker/devices/lxr/http/ident?i=MAX_NPORTS HTTP/1.1" 200 3707 "-" "Mozilla/5.0 (compatible; bingbot/2.0; +http://www.bing.com/bingbot.htm)"
207.46.13.126 - - [01/Jan/2015:00:05:41 -0500] "GET /~baker/devices/lxr/http/ident?i=LM85_VERSTEP_GENERIC2 HTTP/1.1" 200 2233 "-" "Mozilla/5.0 (compatible; bingbot/2.0; +http://www.bing.com/bingbot.htm)"
68.180.228.53 - - [01/Jan/2015:00:05:41 -0500] "GET /~baker/devices/lxr/http/ident?i=MSR_RST HTTP/1.1" 200 2220 "-" "Mozilla/5.0 (compatible; Yahoo! Slurp; http://help.yahoo.com/help/us/ysearch/slurp)"
66.249.64.84 - - [01/Jan/2015:00:05:41 -0500] "GET /~baker/devices/lxr/http/ident?v=2.6.11.8;i=iceil8 HTTP/1.1" 200 1872 "-" "Mozilla/5.0 (compatible; Googlebot/2.1; +http://www.google.com/bot.html)"
207.46.13.126 - - [01/Jan/2015:00:05:41 -0500] "GET /~baker/devices/lxr/http/ident?i=reg_fste_w3_11_4_pos HTTP/1.1" 200 2208 "-" "Mozilla/5.0 (compatible; bingbot/2.0; +http://www.bing.com/bingbot.htm)"
207.46.13.126 - - [01/Jan/2015:00:05:41 -0500] "GET /~baker/devices/lxr/http/ident?i=EXT4_MOUNT_JOURNAL_DATA HTTP/1.1" 200 2669 "-" "Mozilla/5.0 (compatible; bingbot/2.0; +http://www.bing.com/bingbot.htm)"
207.46.13.126 - - [01/Jan/2015:00:05:41 -0500] "GET /~baker/devices/lxr/http/ident?i=snull_interrupt HTTP/1.1" 200 1858 "-" "Mozilla/5.0 (compatible; bingbot/2.0; +http://www.bing.com/bingbot.htm)"
207.46.13.126 - - [01/Jan/2015:00:05:42 -0500] "GET /~baker/devices/lxr/http/ident?i=proc_pcm_format_read HTTP/1.1" 200 2225 "-" "Mozilla/5.0 (compatible; bingbot/2.0; +http://www.bing.com/bingbot.htm)"
207.46.13.126 - - [01/Jan/2015:00:05:42 -0500] "GET /~baker/devices/lxr/http/ident?v=2.6.11.8;i=RTPORT HTTP/1.1" 200 1872 "-" "Mozilla/5.0 (compatible; bingbot/2.0; +http://www.bing.com/bingbot.htm)"
207.46.13.126 - - [01/Jan/2015:00:05:42 -0500] "GET /~baker/devices/lxr/http/ident?i=NUMLINES HTTP/1.1" 200 3130 "-" "Mozilla/5.0 (compatible; bingbot/2.0; +http://www.bing.com/bingbot.htm)"
207.46.13.126 - - [01/Jan/2015:00:05:42 -0500] "GET /~baker/devices/lxr/http/ident?v=2.6.25;i=llc_pdu_init_as_rnr_cmd HTTP/1.1" 200 2579 "-" "Mozilla/5.0 (compatible; bingbot/2.0; +http://www.bing.com/bingbot.htm)"
207.46.13.126 - - [01/Jan/2015:00:05:43 -0500] "GET /~baker/devices/lxr/http/ident?i=xfs_finish_reclaim HTTP/1.1" 200 1876 "-" "Mozilla/5.0 (compatible; bingbot/2.0; +http://www.bing.com/bingbot.htm)"
207.46.13.126 - - [01/Jan/2015:00:05:43 -0500] "GET /~baker/devices/lxr/http/ident?v=2.6.11.8;i=ISR_DIS_INT HTTP/1.1" 200 1902 "-" "Mozilla/5.0 (compatible; bingbot/2.0; +http://www.bing.com/bingbot.htm)"
207.46.13.126 - - [01/Jan/2015:00:05:44 -0500] "GET /~baker/devices/lxr/http/ident?v=2.6.11.8;i=AC_SUPPCM_BITS_24 HTTP/1.1" 200 1938 "-" "Mozilla/5.0 (compatible; bingbot/2.0; +http://www.bing.com/bingbot.htm)"
207.46.13.126 - - [01/Jan/2015:00:05:44 -0500] "GET /~baker/devices/lxr/http/ident?i=RCVDBDI_SPLIT_FRAME_MINSZ HTTP/1.1" 200 2166 "-" "Mozilla/5.0 (compatible; bingbot/2.0; +http://www.bing.com/bingbot.htm)"
207.46.13.126 - - [01/Jan/2015:00:05:44 -0500] "GET /~baker/devices/lxr/http/ident?v=2.6.25.8;i=PI_FMC_DESCR_V_RCC_DD HTTP/1.1" 200 2236 "-" "Mozilla/5.0 (compatible; bingbot/2.0; +http://www.bing.com/bingbot.htm)"
207.46.13.126 - - [01/Jan/2015:00:05:44 -0500] "GET /~baker/devices/lxr/http/ident?v=2.6.11.8;i=SONYPI_TYPE4_OFFSET HTTP/1.1" 200 1950 "-" "Mozilla/5.0 (compatible; bingbot/2.0; +http://www.bing.com/bingbot.htm)"
207.46.13.126 - - [01/Jan/2015:00:05:45 -0500] "GET /~baker/devices/lxr/http/ident?v=2.6.25.8;i=tsi108_stat_carry HTTP/1.1" 200 2324 "-" "Mozilla/5.0 (compatible; bingbot/2.0; +http://www.bing.com/bingbot.htm)"
207.46.13.126 - - [01/Jan/2015:00:05:45 -0500] "GET /~baker/devices/lxr/http/ident?i=SIOCSDTRRTS HTTP/1.1" 200 2312 "-" "Mozilla/5.0 (compatible; bingbot/2.0; +http://www.bing.com/bingbot.htm)"
68.180.228.53 - - [01/Jan/2015:00:05:45 -0500] "GET /~baker/devices/lxr/http/ident?i=MCOR1_CTSZD HTTP/1.1" 200 2512 "-" "Mozilla/5.0 (compatible; Yahoo! Slurp; http://help.yahoo.com/help/us/ysearch/slurp)"
207.46.13.126 - - [01/Jan/2015:00:05:45 -0500] "GET /~baker/devices/lxr/http/ident?v=2.6.25.8;i=ES1371REV_ES1373_8 HTTP/1.1" 200 2393 "-" "Mozilla/5.0 (compatible; bingbot/2.0; +http://www.bing.com/bingbot.htm)"
207.46.13.126 - - [01/Jan/2015:00:05:45 -0500] "GET /~baker/devices/lxr/http/diff/linux/drivers/serial/cpm_uart/cpm_uart_core.c HTTP/1.1" 200 2048 "-" "Mozilla/5.0 (compatible; bingbot/2.0; +http://www.bing.com/bingbot.htm)"
207.46.13.126 - - [01/Jan/2015:00:05:45 -0500] "GET /~baker/devices/lxr/http/ident?v=2.6.25.8;i=ZR050_OP_OVF HTTP/1.1" 200 2226 "-" "Mozilla/5.0 (compatible; bingbot/2.0; +http://www.bing.com/bingbot.htm)"
207.46.13.126 - - [01/Jan/2015:00:05:46 -0500] "GET /~baker/devices/lxr/http/ident?v=2.6.11.8;i=DPMS_MASK HTTP/1.1" 200 2192 "-" "Mozilla/5.0 (compatible; bingbot/2.0; +http://www.bing.com/bingbot.htm)"
207.46.13.126 - - [01/Jan/2015:00:05:46 -0500] "GET /~baker/devices/lxr/http/ident?i=mdacon_switch HTTP/1.1" 200 2227 "-" "Mozilla/5.0 (compatible; bingbot/2.0; +http://www.bing.com/bingbot.htm)"
207.46.13.126 - - [01/Jan/2015:00:05:46 -0500] "GET /~baker/devices/lxr/http/ident?v=2.6.25.8;i=de_get_eeprom HTTP/1.1" 200 2319 "-" "Mozilla/5.0 (compatible; bingbot/2.0; +http://www.bing.com/bingbot.htm)"
207.46.13.126 - - [01/Jan/2015:00:05:46 -0500] "GET /~baker/devices/lxr/http/ident?i=PM3PCIFeedbackCount HTTP/1.1" 200 2142 "-" "Mozilla/5.0 (compatible; bingbot/2.0; +http://www.bing.com/bingbot.htm)"
68.180.228.53 - - [01/Jan/2015:00:05:47 -0500] "GET /%7eengelen/ctadel/object_598.html HTTP/1.1" 304 - "-" "Mozilla/5.0 (compatible; Yahoo! Slurp; http://help.yahoo.com/help/us/ysearch/slurp)"
207.46.13.126 - - [01/Jan/2015:00:05:46 -0500] "GET /~baker/devices/lxr/http/ident?i=PCI_VENDOR_ID_SYBA HTTP/1.1" 200 2355 "-" "Mozilla/5.0 (compatible; bingbot/2.0; +http://www.bing.com/bingbot.htm)"
207.46.13.126 - - [01/Jan/2015:00:05:47 -0500] "GET /~baker/devices/lxr/http/ident?i=RADEON_MC_MCLK_MAX_DYN_STOP_LAT HTTP/1.1" 200 2278 "-" "Mozilla/5.0 (compatible; bingbot/2.0; +http://www.bing.com/bingbot.htm)"
207.46.13.126 - - [01/Jan/2015:00:05:47 -0500] "GET /~baker/devices/lxr/http/ident?v=2.6.11.8;i=pagemap_pte_range HTTP/1.1" 200 1938 "-" "Mozilla/5.0 (compatible; bingbot/2.0; +http://www.bing.com/bingbot.htm)"
66.249.64.88 - - [01/Jan/2015:00:05:50 -0500] "GET /~baker/devices/lxr/http/ident?v=2.6.11.8;i=wan_tprfk_ops HTTP/1.1" 200 1914 "-" "Mozilla/5.0 (compatible; Googlebot/2.1; +http://www.google.com/bot.html)"
68.180.228.53 - - [01/Jan/2015:00:05:53 -0500] "GET /~baker/devices/lxr/http/ident?v=2.6.25;i=TCV_STAT_BASIC HTTP/1.1" 200 2192 "-" "Mozilla/5.0 (compatible; Yahoo! Slurp; http://help.yahoo.com/help/us/ysearch/slurp)"
106.120.173.147 - - [01/Jan/2015:00:05:56 -0500] "GET /~baker/devices/lxr/http/ident?i=PLX9050_LINTI2_ACTIVE_HIGH HTTP/1.1" 200 2385 "-" "Sogou web spider/4.0(+http://www.sogou.com/docs/help/webmasters.htm#07)"
66.249.64.92 - - [01/Jan/2015:00:06:00 -0500] "GET /~baker/devices/lxr/http/ident?v=2.6.11.8;i=CRYPTO4XX_SCAT_RING_BASE_UADDR HTTP/1.1" 200 2016 "-" "Mozilla/5.0 (compatible; Googlebot/2.1; +http://www.google.com/bot.html)"
178.255.215.79 - - [01/Jan/2015:00:06:02 -0500] "GET /g2/nol/data_se3.htm HTTP/1.1" 304 - "-" "Mozilla/5.0 (compatible; Exabot/3.0; +http://www.exabot.com/go/robot)"
66.249.64.84 - - [01/Jan/2015:00:06:03 -0500] "GET /~baker/devices/lxr/http/ident?v=2.6.25.8;i=__non_empty_string HTTP/1.1" 200 1944 "-" "Mozilla/5.0 (compatible; Googlebot/2.1; +http://www.google.com/bot.html)"
66.249.64.88 - - [01/Jan/2015:00:06:04 -0500] "GET /~baker/devices/lxr/http/source/linux/fs/jffs2/comprtest.c?v=2.6.25 HTTP/1.1" 200 1838 "-" "Mozilla/5.0 (compatible; Googlebot/2.1; +http://www.google.com/bot.html)"
220.181.108.105 - - [01/Jan/2015:00:06:05 -0500] "GET /~baker/devices/lxr/http/ident?i=__rfcomm_get_sock_by_channel HTTP/1.1" 200 2302 "-" "Mozilla/5.0 (compatible; Baiduspider/2.0; +http://www.baidu.com/search/spider.html)"
68.180.228.53 - - [01/Jan/2015:00:06:07 -0500] "GET /~baker/devices/lxr/http/ident?i=vfs_dq_drop HTTP/1.1" 200 3722 "-" "Mozilla/5.0 (compatible; Yahoo! Slurp; http://help.yahoo.com/help/us/ysearch/slurp)"
66.249.64.88 - - [01/Jan/2015:00:06:09 -0500] "GET /~baker/devices/lxr/http/ident?v=2.6.11.8;i=zd_usb_init HTTP/1.1" 200 1902 "-" "Mozilla/5.0 (compatible; Googlebot/2.1; +http://www.google.com/bot.html)"
207.46.13.126 - - [01/Jan/2015:00:06:09 -0500] "GET /~baker/devices/lxr/http/ident?i=sg_dma_address HTTP/1.1" 200 16382 "-" "Mozilla/5.0 (compatible; bingbot/2.0; +http://www.bing.com/bingbot.htm)"
207.46.13.126 - - [01/Jan/2015:00:06:10 -0500] "GET /~baker/devices/lxr/http/ident?v=2.6.11.8;i=frag_start HTTP/1.1" 200 2241 "-" "Mozilla/5.0 (compatible; bingbot/2.0; +http://www.bing.com/bingbot.htm)"
207.46.13.126 - - [01/Jan/2015:00:06:10 -0500] "GET /~baker/devices/lxr/http/ident?v=2.6.11.8;i=compat_xt_conntrack_info HTTP/1.1" 200 1980 "-" "Mozilla/5.0 (compatible; bingbot/2.0; +http://www.bing.com/bingbot.htm)"
207.46.13.126 - - [01/Jan/2015:00:06:11 -0500] "GET /~baker/devices/lxr/http/ident?i=sbuf_f HTTP/1.1" 200 2253 "-" "Mozilla/5.0 (compatible; bingbot/2.0; +http://www.bing.com/bingbot.htm)"
207.46.13.126 - - [01/Jan/2015:00:06:11 -0500] "GET /~baker/devices/lxr/http/ident?v=2.6.11.8;i=ST2_RBIT HTTP/1.1" 200 2186 "-" "Mozilla/5.0 (compatible; bingbot/2.0; +http://www.bing.com/bingbot.htm)"
207.46.13.126 - - [01/Jan/2015:00:06:11 -0500] "GET /~baker/devices/lxr/http/ident?i=AR5416_BCHAN_UNUSED HTTP/1.1" 200 3410 "-" "Mozilla/5.0 (compatible; bingbot/2.0; +http://www.bing.com/bingbot.htm)"
207.46.13.126 - - [01/Jan/2015:00:06:11 -0500] "GET /~baker/devices/lxr/http/ident?i=__audit_log_bprm_fcaps HTTP/1.1" 200 2458 "-" "Mozilla/5.0 (compatible; bingbot/2.0; +http://www.bing.com/bingbot.htm)"
207.46.13.126 - - [01/Jan/2015:00:06:12 -0500] "GET /~baker/devices/lxr/http/ident?v=2.6.11.8;i=au1xxx_start_hc HTTP/1.1" 200 2336 "-" "Mozilla/5.0 (compatible; bingbot/2.0; +http://www.bing.com/bingbot.htm)"
207.46.13.126 - - [01/Jan/2015:00:06:12 -0500] "GET /~baker/devices/lxr/http/ident?v=2.6.25.8;i=TW_IOCTL_CHRDEV_FREE HTTP/1.1" 200 3356 "-" "Mozilla/5.0 (compatible; bingbot/2.0; +http://www.bing.com/bingbot.htm)"
207.46.13.126 - - [01/Jan/2015:00:06:12 -0500] "GET /~baker/devices/lxr/http/ident?v=2.6.11.8;i=xfs_buf_unlock HTTP/1.1" 200 1920 "-" "Mozilla/5.0 (compatible; bingbot/2.0; +http://www.bing.com/bingbot.htm)"
207.46.13.126 - - [01/Jan/2015:00:06:12 -0500] "GET /~baker/devices/lxr/http/ident?i=uwbd_flush HTTP/1.1" 200 2499 "-" "Mozilla/5.0 (compatible; bingbot/2.0; +http://www.bing.com/bingbot.htm)"
68.180.228.53 - - [01/Jan/2015:00:06:13 -0500] "GET /~baker/devices/lxr/http/ident?i=ASUS_ISAC HTTP/1.1" 200 2199 "-" "Mozilla/5.0 (compatible; Yahoo! Slurp; http://help.yahoo.com/help/us/ysearch/slurp)"
68.180.228.53 - - [01/Jan/2015:00:06:15 -0500] "GET /~baker/devices/lxr/http/ident?i=qeth_fill_ipacmd_header HTTP/1.1" 200 2308 "-" "Mozilla/5.0 (compatible; Yahoo! Slurp; http://help.yahoo.com/help/us/ysearch/slurp)"
199.21.99.206 - - [01/Jan/2015:00:06:16 -0500] "GET /~baker/devices/lxr/http/source/linux/drivers/staging/rt2860/oid.h HTTP/1.1" 200 154850 "-" "Mozilla/5.0 (compatible; YandexBot/3.0; +http://yandex.com/bots)"
157.55.39.58 - - [01/Jan/2015:00:06:17 -0500] "GET /~baker/devices/lxr/http/ident?i=MAX_CPU_FILES HTTP/1.1" 200 2510 "-" "Mozilla/5.0 (compatible; bingbot/2.0; +http://www.bing.com/bingbot.htm)"
157.55.39.58 - - [01/Jan/2015:00:06:17 -0500] "GET /~baker/devices/lxr/http/source/linux/arch/x86/kernel/crash.c?v=2.6.25.8 HTTP/1.1" 200 20363 "-" "Mozilla/5.0 (compatible; bingbot/2.0; +http://www.bing.com/bingbot.htm)"
113.118.80.11 - - [01/Jan/2015:00:04:18 -0500] "GET /~engelen/soapdownload.html HTTP/1.1" 200 42345 "http://www.cs.fsu.edu/~engelen/soapselect.html" "Mozilla/5.0 (Windows NT 6.1; WOW64) AppleWebKit/537.36 (KHTML, like Gecko) Chrome/38.0.2125.111 Safari/537.36"
66.249.64.92 - - [01/Jan/2015:00:06:18 -0500] "GET /~baker/devices/lxr/http/ident?v=2.6.11.8;i=ACO_CHANGE_CONFIG_PARAM HTTP/1.1" 200 1974 "-" "Mozilla/5.0 (compatible; Googlebot/2.1; +http://www.google.com/bot.html)"
68.180.228.53 - - [01/Jan/2015:00:06:19 -0500] "GET /~baker/devices/lxr/http/ident?i=UPCOMPACK HTTP/1.1" 200 2397 "-" "Mozilla/5.0 (compatible; Yahoo! Slurp; http://help.yahoo.com/help/us/ysearch/slurp)"
89.210.92.62 - - [01/Jan/2015:00:06:20 -0500] "GET /favicon.ico HTTP/1.0" 200 1406 "-" "Safari/10600.2.5 CFNetwork/720.1.1 Darwin/14.0.0 (x86_64)"
106.120.173.147 - - [01/Jan/2015:00:06:22 -0500] "GET /~baker/devices/lxr/http/ident?i=edc_init HTTP/1.1" 200 3104 "-" "Sogou web spider/4.0(+http://www.sogou.com/docs/help/webmasters.htm#07)"
75.218.250.106 - - [01/Jan/2015:00:06:22 -0500] "POST /~engelen/calcserver.cgi HTTP/1.1" 500 574 "-" "gSOAP/2.7"
75.218.250.106 - - [01/Jan/2015:00:06:23 -0500] "POST /~engelen/calcserver.cgi HTTP/1.1" 500 574 "-" "gSOAP/2.7"
207.46.13.126 - - [01/Jan/2015:00:06:24 -0500] "GET /~baker/devices/lxr/http/ident?v=2.6.25.8;i=TPD_BA HTTP/1.1" 200 2237 "-" "Mozilla/5.0 (iPhone; CPU iPhone OS 7_0 like Mac OS X) AppleWebKit/537.51.1 (KHTML, like Gecko) Version/7.0 Mobile/11A465 Safari/9537.53 (compatible; bingbot/2.0;  http://www.bing.com/bingbot.htm)"
207.46.13.126 - - [01/Jan/2015:00:06:24 -0500] "GET /~baker/devices/lxr/http/source/linux/drivers/char/rio/host.h?v=2.6.11.8 HTTP/1.1" 200 22665 "-" "Mozilla/5.0 (iPhone; CPU iPhone OS 7_0 like Mac OS X) AppleWebKit/537.51.1 (KHTML, like Gecko) Version/7.0 Mobile/11A465 Safari/9537.53 (compatible; bingbot/2.0;  http://www.bing.com/bingbot.htm)"
207.46.13.126 - - [01/Jan/2015:00:06:24 -0500] "GET /~baker/devices/lxr/http/ident?v=2.6.11.8;i=get_priv_size HTTP/1.1" 200 2349 "-" "Mozilla/5.0 (iPhone; CPU iPhone OS 7_0 like Mac OS X) AppleWebKit/537.51.1 (KHTML, like Gecko) Version/7.0 Mobile/11A465 Safari/9537.53 (compatible; bingbot/2.0;  http://www.bing.com/bingbot.htm)"
207.46.13.126 - - [01/Jan/2015:00:06:24 -0500] "GET /~baker/devices/lxr/http/ident?v=2.6.11.8;i=hostap_exit HTTP/1.1" 200 1902 "-" "Mozilla/5.0 (iPhone; CPU iPhone OS 7_0 like Mac OS X) AppleWebKit/537.51.1 (KHTML, like Gecko) Version/7.0 Mobile/11A465 Safari/9537.53 (compatible; bingbot/2.0;  http://www.bing.com/bingbot.htm)"
207.46.13.126 - - [01/Jan/2015:00:06:25 -0500] "GET /~baker/devices/lxr/http/source/linux/sound/isa/msnd/msnd_midi.c?v=2.6.25.8 HTTP/1.1" 200 1874 "-" "Mozilla/5.0 (iPhone; CPU iPhone OS 7_0 like Mac OS X) AppleWebKit/537.51.1 (KHTML, like Gecko) Version/7.0 Mobile/11A465 Safari/9537.53 (compatible; bingbot/2.0;  http://www.bing.com/bingbot.htm)"
207.46.13.126 - - [01/Jan/2015:00:06:25 -0500] "GET /~baker/devices/lxr/http/source/linux/lib/locking-selftest-wlock-softirq.h?v=2.6.25 HTTP/1.1" 200 2349 "-" "Mozilla/5.0 (iPhone; CPU iPhone OS 7_0 like Mac OS X) AppleWebKit/537.51.1 (KHTML, like Gecko) Version/7.0 Mobile/11A465 Safari/9537.53 (compatible; bingbot/2.0;  http://www.bing.com/bingbot.htm)"
157.55.39.78 - - [01/Jan/2015:00:06:25 -0500] "GET /~baker/devices/lxr/http/ident?v=2.6.11.8;i=smack_inode_setsecurity HTTP/1.1" 200 1974 "-" "Mozilla/5.0 (compatible; bingbot/2.0; +http://www.bing.com/bingbot.htm)"
157.55.39.78 - - [01/Jan/2015:00:06:25 -0500] "GET /~baker/devices/lxr/http/ident?v=2.6.11.8;i=NV_PFIFO_CACHE1_DMA_FETCH_TRIG_232_BYTES HTTP/1.1" 200 2386 "-" "Mozilla/5.0 (compatible; bingbot/2.0; +http://www.bing.com/bingbot.htm)"
157.55.39.78 - - [01/Jan/2015:00:06:25 -0500] "GET /~baker/devices/lxr/http/ident?v=2.6.11.8;i=red2 HTTP/1.1" 200 2307 "-" "Mozilla/5.0 (compatible; bingbot/2.0; +http://www.bing.com/bingbot.htm)"
157.55.39.78 - - [01/Jan/2015:00:06:26 -0500] "GET /~baker/devices/lxr/http/ident?v=2.6.25;i=input_get_drvdata HTTP/1.1" 200 13381 "-" "Mozilla/5.0 (compatible; bingbot/2.0; +http://www.bing.com/bingbot.htm)"
68.180.228.53 - - [01/Jan/2015:00:06:26 -0500] "GET /~baker/devices/lxr/http/ident?i=TALITOS_CCCR_LO_CDIE HTTP/1.1" 200 2262 "-" "Mozilla/5.0 (compatible; Yahoo! Slurp; http://help.yahoo.com/help/us/ysearch/slurp)"
157.55.39.78 - - [01/Jan/2015:00:06:26 -0500] "GET /~baker/devices/lxr/http/diff/linux/crypto/ctr.c?diffval=2.6.25.8;diffvar=v HTTP/1.1" 200 142299 "-" "Mozilla/5.0 (compatible; bingbot/2.0; +http://www.bing.com/bingbot.htm)"
66.249.64.84 - - [01/Jan/2015:00:06:28 -0500] "GET /~baker/devices/lxr/http/ident?v=2.6.25.8;i=RRS_RXD_UPDATED_MASK HTTP/1.1" 200 1956 "-" "Mozilla/5.0 (compatible; Googlebot/2.1; +http://www.google.com/bot.html)"
65.185.27.93 - - [01/Jan/2015:00:06:31 -0500] "POST /~engelen/calcserver.cgi HTTP/1.1" 500 574 "-" "gSOAP/2.7"
49.207.131.136 - - [01/Jan/2015:00:06:31 -0500] "GET /~baker/devices/lxr/http/source/ldd-examples/snull/Makefile?v=2.6.25.8 HTTP/1.1" 200 1849 "http://www.cs.fsu.edu/~baker/devices/lxr/http/source/ldd-examples/snull/Makefile" "Mozilla/5.0 (X11; Ubuntu; Linux x86_64; rv:33.0) Gecko/20100101 Firefox/33.0"
68.180.228.53 - - [01/Jan/2015:00:06:33 -0500] "GET /~baker/devices/lxr/http/ident?i=ISDN_FAX_PHASE_A HTTP/1.1" 200 2244 "-" "Mozilla/5.0 (compatible; Yahoo! Slurp; http://help.yahoo.com/help/us/ysearch/slurp)"
66.249.64.88 - - [01/Jan/2015:00:06:34 -0500] "GET /~baker/devices/lxr/http/ident?v=2.6.11.8;i=ieee80211_softmac_init HTTP/1.1" 200 1968 "-" "Mozilla/5.0 (compatible; Googlebot/2.1; +http://www.google.com/bot.html)"
68.180.228.53 - - [01/Jan/2015:00:06:36 -0500] "GET /~baker/devices/lxr/http/ident?i=baud HTTP/1.1" 200 14131 "-" "Mozilla/5.0 (compatible; Yahoo! Slurp; http://help.yahoo.com/help/us/ysearch/slurp)"
157.55.39.78 - - [01/Jan/2015:00:06:36 -0500] "GET /~baker/devices/lxr/http/source/linux/arch/x86/lib/bitops_64.c?v=2.6.25.8 HTTP/1.1" 200 27389 "-" "Mozilla/5.0 (compatible; bingbot/2.0; +http://www.bing.com/bingbot.htm)"
157.55.39.78 - - [01/Jan/2015:00:06:37 -0500] "GET /~baker/devices/lxr/http/ident?v=2.6.11.8;i=SSB_ADM_TYPE1 HTTP/1.1" 200 1914 "-" "Mozilla/5.0 (compatible; bingbot/2.0; +http://www.bing.com/bingbot.htm)"
157.55.39.78 - - [01/Jan/2015:00:06:37 -0500] "GET /~baker/devices/lxr/http/ident?v=2.6.11.8;i=drm_i830_private_t HTTP/1.1" 200 6728 "-" "Mozilla/5.0 (compatible; bingbot/2.0; +http://www.bing.com/bingbot.htm)"
157.55.39.78 - - [01/Jan/2015:00:06:37 -0500] "GET /~baker/devices/lxr/http/ident?i=XFS_DIORD_ENTER HTTP/1.1" 200 2138 "-" "Mozilla/5.0 (compatible; bingbot/2.0; +http://www.bing.com/bingbot.htm)"
66.249.64.88 - - [01/Jan/2015:00:06:37 -0500] "GET /~baker/devices/lxr/http/diff/linux/drivers/input/misc/powermate.c?v=2.6.25 HTTP/1.1" 200 2069 "-" "Mozilla/5.0 (compatible; Googlebot/2.1; +http://www.google.com/bot.html)"
157.55.39.78 - - [01/Jan/2015:00:06:37 -0500] "GET /~baker/devices/lxr/http/ident?v=2.6.25.8;i=zr36057_set_memgrab HTTP/1.1" 200 3580 "-" "Mozilla/5.0 (compatible; bingbot/2.0; +http://www.bing.com/bingbot.htm)"
49.207.131.136 - - [01/Jan/2015:00:06:38 -0500] "GET /~baker/devices/lxr/http/source/ldd-examples/snull/Makefile?v=2.6.25 HTTP/1.1" 200 5603 "http://www.cs.fsu.edu/~baker/devices/lxr/http/source/ldd-examples/snull/Makefile?v=2.6.25.8" "Mozilla/5.0 (X11; Ubuntu; Linux x86_64; rv:33.0) Gecko/20100101 Firefox/33.0"
157.55.39.131 - - [01/Jan/2015:00:06:41 -0500] "GET /~baker/devices/lxr/http/ident?i=V_GPIO_SEL6 HTTP/1.1" 200 2174 "-" "Mozilla/5.0 (compatible; bingbot/2.0; +http://www.bing.com/bingbot.htm)"
157.55.39.131 - - [01/Jan/2015:00:06:41 -0500] "GET /~baker/devices/lxr/http/ident?i=DVB_USB_STATE_INIT HTTP/1.1" 200 2551 "-" "Mozilla/5.0 (compatible; bingbot/2.0; +http://www.bing.com/bingbot.htm)"
157.55.39.131 - - [01/Jan/2015:00:06:41 -0500] "GET /~baker/devices/lxr/http/ident?v=2.6.11.8;i=I3000_REVISION HTTP/1.1" 200 1920 "-" "Mozilla/5.0 (compatible; bingbot/2.0; +http://www.bing.com/bingbot.htm)"
157.55.39.131 - - [01/Jan/2015:00:06:41 -0500] "GET /~baker/devices/lxr/http/diff/linux/drivers/ieee1394/dv1394.h?v=2.6.11.8 HTTP/1.1" 200 2056 "-" "Mozilla/5.0 (compatible; bingbot/2.0; +http://www.bing.com/bingbot.htm)"
66.249.64.88 - - [01/Jan/2015:00:06:43 -0500] "GET /~baker/devices/lxr/http/ident?i=w1_f2d_fix_count HTTP/1.1" 200 2311 "-" "SAMSUNG-SGH-E250/1.0 Profile/MIDP-2.0 Configuration/CLDC-1.1 UP.Browser/6.2.3.3.c.1.101 (GUI) MMP/2.0 (compatible; Googlebot-Mobile/2.1; +http://www.google.com/bot.html)"
220.181.108.149 - - [01/Jan/2015:00:06:43 -0500] "GET /~baker/devices/lxr/http/ident?i=WAKE_MAGICSECURE HTTP/1.1" 200 3592 "-" "Mozilla/5.0 (compatible; Baiduspider/2.0; +http://www.baidu.com/search/spider.html)"
68.180.228.53 - - [01/Jan/2015:00:06:44 -0500] "GET /~baker/devices/lxr/http/ident?i=gscps2_write HTTP/1.1" 200 2211 "-" "Mozilla/5.0 (compatible; Yahoo! Slurp; http://help.yahoo.com/help/us/ysearch/slurp)"
207.46.13.126 - - [01/Jan/2015:00:06:45 -0500] "GET /~baker/devices/lxr/http/ident?v=2.6.25.8;i=b43legacy_a_ratetable_size HTTP/1.1" 200 2342 "-" "Mozilla/5.0 (compatible; bingbot/2.0; +http://www.bing.com/bingbot.htm)"
207.46.13.126 - - [01/Jan/2015:00:06:46 -0500] "GET /~baker/devices/lxr/http/ident?v=2.6.11.8;i=MEGA_MBOXCMD_ADAPTERINQ HTTP/1.1" 200 2268 "-" "Mozilla/5.0 (compatible; bingbot/2.0; +http://www.bing.com/bingbot.htm)"
207.46.13.126 - - [01/Jan/2015:00:06:46 -0500] "GET /~baker/devices/lxr/http/ident?v=2.6.25.8;i=VG469_VSEL_MAX HTTP/1.1" 200 2206 "-" "Mozilla/5.0 (compatible; bingbot/2.0; +http://www.bing.com/bingbot.htm)"
66.249.64.92 - - [01/Jan/2015:00:06:46 -0500] "GET /~baker/devices/lxr/http/ident?v=2.6.25.8;i=PCI_INTR_ENABLE HTTP/1.1" 200 1926 "-" "Mozilla/5.0 (compatible; Googlebot/2.1; +http://www.google.com/bot.html)"
157.55.39.131 - - [01/Jan/2015:00:06:50 -0500] "GET /~baker/devices/lxr/http/ident?i=symtable_open HTTP/1.1" 200 2640 "-" "Mozilla/5.0 (compatible; bingbot/2.0; +http://www.bing.com/bingbot.htm)"
157.55.39.131 - - [01/Jan/2015:00:06:50 -0500] "GET /~baker/devices/lxr/http/ident?i=AIRONET_IAPP_SUBTYPE_REQUEST HTTP/1.1" 200 2366 "-" "Mozilla/5.0 (compatible; bingbot/2.0; +http://www.bing.com/bingbot.htm)"
157.55.39.131 - - [01/Jan/2015:00:06:50 -0500] "GET /~baker/devices/lxr/http/ident?i=ZM_ERR_FIRMWARE_WRONG_TYPE HTTP/1.1" 200 2374 "-" "Mozilla/5.0 (compatible; bingbot/2.0; +http://www.bing.com/bingbot.htm)"
157.55.39.78 - - [01/Jan/2015:00:06:50 -0500] "GET /~baker/devices/lxr/http/ident?v=2.6.25.8;i=MASK_FRAGMENT HTTP/1.1" 200 2431 "-" "Mozilla/5.0 (compatible; bingbot/2.0; +http://www.bing.com/bingbot.htm)"
106.120.173.147 - - [01/Jan/2015:00:06:50 -0500] "GET /~baker/devices/lxr/http/ident?i=TVP5150_COLOR_KIL_THSH_CTL HTTP/1.1" 200 2434 "-" "Sogou web spider/4.0(+http://www.sogou.com/docs/help/webmasters.htm#07)"
157.55.39.131 - - [01/Jan/2015:00:06:50 -0500] "GET /~baker/devices/lxr/http/ident?i=R_BRG_CTRL HTTP/1.1" 200 2266 "-" "Mozilla/5.0 (compatible; bingbot/2.0; +http://www.bing.com/bingbot.htm)"
157.55.39.131 - - [01/Jan/2015:00:06:50 -0500] "GET /~baker/devices/lxr/http/diff/linux/drivers/net/wireless/b43/rfkill.h?diffval=2.6.11.8;diffvar=v HTTP/1.1" 200 4482 "-" "Mozilla/5.0 (compatible; bingbot/2.0; +http://www.bing.com/bingbot.htm)"
50.46.233.84 - - [01/Jan/2015:00:06:51 -0500] "GET /~baker/style.css HTTP/1.1" 200 5118 "http://www.cs.fsu.edu/~baker/devices/lxr/http/source/linux/kernel/workqueue.c" "Mozilla/5.0 (Windows NT 6.1; WOW64) AppleWebKit/537.36 (KHTML, like Gecko) Chrome/39.0.2171.95 Safari/537.36"
50.46.233.84 - - [01/Jan/2015:00:06:51 -0500] "GET /~baker/devices/lxr/http/source/linux/kernel/workqueue.c HTTP/1.1" 200 130395 "-" "Mozilla/5.0 (Windows NT 6.1; WOW64) AppleWebKit/537.36 (KHTML, like Gecko) Chrome/39.0.2171.95 Safari/537.36"
50.46.233.84 - - [01/Jan/2015:00:06:52 -0500] "GET /favicon.ico HTTP/1.1" 200 1406 "-" "Mozilla/5.0 (Windows NT 6.1; WOW64) AppleWebKit/537.36 (KHTML, like Gecko) Chrome/39.0.2171.95 Safari/537.36"
157.55.39.58 - - [01/Jan/2015:00:06:56 -0500] "GET /~baker/devices/lxr/http/ident?v=2.6.25.8;i=cis_numbers HTTP/1.1" 200 2337 "-" "Mozilla/5.0 (compatible; bingbot/2.0; +http://www.bing.com/bingbot.htm)"
66.249.64.84 - - [01/Jan/2015:00:06:56 -0500] "GET /~baker/devices/lxr/http/diff/2.6.25/linux/sound/pci/sonicvibes.c?diffval=2.6.11.8;diffvar=v HTTP/1.1" 200 2400 "-" "Mozilla/5.0 (compatible; Googlebot/2.1; +http://www.google.com/bot.html)"
157.55.39.58 - - [01/Jan/2015:00:06:56 -0500] "GET /~baker/devices/lxr/http/diff/linux/fs/gfs2/sys.c?v=2.6.25;diffval=2.6.31.13;diffvar=v HTTP/1.1" 200 199523 "-" "Mozilla/5.0 (compatible; bingbot/2.0; +http://www.bing.com/bingbot.htm)"
220.181.108.99 - - [01/Jan/2015:00:06:58 -0500] "GET /~baker/devices/lxr/http/ident?i=lbs_get_wireless_stats HTTP/1.1" 200 2397 "-" "Mozilla/5.0 (compatible; Baiduspider/2.0; +http://www.baidu.com/search/spider.html)"
157.55.39.58 - - [01/Jan/2015:00:06:58 -0500] "GET /~baker/devices/lxr/http/diff/linux/net/sctp/ulpevent.c?diffval=2.6.25.8;diffvar=v HTTP/1.1" 200 327667 "-" "Mozilla/5.0 (compatible; bingbot/2.0; +http://www.bing.com/bingbot.htm)"
157.55.39.58 - - [01/Jan/2015:00:07:01 -0500] "GET /~baker/devices/lxr/http/ident?v=2.6.11.8;i=bond_xmit_roundrobin HTTP/1.1" 200 2381 "-" "Mozilla/5.0 (compatible; bingbot/2.0; +http://www.bing.com/bingbot.htm)"
157.55.39.58 - - [01/Jan/2015:00:07:01 -0500] "GET /~baker/devices/lxr/http/source/linux/drivers/net/chelsio/cxgb2.c?v=2.6.11.8 HTTP/1.1" 200 1879 "-" "Mozilla/5.0 (compatible; bingbot/2.0; +http://www.bing.com/bingbot.htm)"
157.55.39.131 - - [01/Jan/2015:00:07:03 -0500] "GET /courses/netdesign/2005/lect1febII.pdf HTTP/1.1" 200 57792 "-" "Mozilla/5.0 (iPhone; CPU iPhone OS 7_0 like Mac OS X) AppleWebKit/537.51.1 (KHTML, like Gecko) Version/7.0 Mobile/11A465 Safari/9537.53 (compatible; bingbot/2.0;  http://www.bing.com/bingbot.htm)"
120.40.146.233 - - [01/Jan/2015:00:07:04 -0500] "GET /~baker/devices/lxr/http/source/ldd-examples/simple/simple.c HTTP/1.0" 200 30016 "http://www.cs.fsu.edu/~baker/devices/lxr/http/source/ldd-examples/simple/simple.c" "Mozilla/5.0 (Windows NT 6.1; WOW64; rv:16.0) Gecko/20100101 Firefox/16.0"
66.249.64.92 - - [01/Jan/2015:00:07:05 -0500] "GET /~baker/devices/lxr/http/source/source/default/linux/scripts/checkkconfigsymbols.sh?v=2.6.11.8 HTTP/1.1" 200 1969 "-" "Mozilla/5.0 (compatible; Googlebot/2.1; +http://www.google.com/bot.html)"
68.180.228.53 - - [01/Jan/2015:00:07:05 -0500] "GET /~baker/devices/lxr/http/ident?i=atm_vcc HTTP/1.1" 200 39194 "-" "Mozilla/5.0 (compatible; Yahoo! Slurp; http://help.yahoo.com/help/us/ysearch/slurp)"
66.249.64.84 - - [01/Jan/2015:00:07:06 -0500] "GET /~baker/devices/lxr/http/ident?v=2.6.11.8;i=SNOOP_SIZE_512KB HTTP/1.1" 200 1932 "-" "Mozilla/5.0 (compatible; Googlebot/2.1; +http://www.google.com/bot.html)"
157.55.39.131 - - [01/Jan/2015:00:07:08 -0500] "GET /~baker/devices/lxr/http/ident?v=2.6.11.8;i=OPC_DECODE_NORMAL HTTP/1.1" 200 2240 "-" "Mozilla/5.0 (compatible; bingbot/2.0; +http://www.bing.com/bingbot.htm)"
157.55.39.131 - - [01/Jan/2015:00:07:08 -0500] "GET /~baker/devices/lxr/http/ident?i=SNDRV_GF1_HANDLER_VOICE HTTP/1.1" 200 2421 "-" "Mozilla/5.0 (iPhone; CPU iPhone OS 7_0 like Mac OS X) AppleWebKit/537.51.1 (KHTML, like Gecko) Version/7.0 Mobile/11A465 Safari/9537.53 (compatible; bingbot/2.0;  http://www.bing.com/bingbot.htm)"
157.55.39.131 - - [01/Jan/2015:00:07:08 -0500] "GET /~baker/devices/lxr/http/ident?v=2.6.25.8;i=IP6_TNL_MAX HTTP/1.1" 200 1902 "-" "Mozilla/5.0 (compatible; bingbot/2.0; +http://www.bing.com/bingbot.htm)"
157.55.39.131 - - [01/Jan/2015:00:07:08 -0500] "GET /~baker/devices/lxr/http/ident?i=kvm_suspend HTTP/1.1" 200 2166 "-" "Mozilla/5.0 (iPhone; CPU iPhone OS 7_0 like Mac OS X) AppleWebKit/537.51.1 (KHTML, like Gecko) Version/7.0 Mobile/11A465 Safari/9537.53 (compatible; bingbot/2.0;  http://www.bing.com/bingbot.htm)"
157.55.39.131 - - [01/Jan/2015:00:07:08 -0500] "GET /~baker/devices/lxr/http/ident?v=2.6.11.8;i=CDU535_CDROM_MAJOR HTTP/1.1" 200 2440 "-" "Mozilla/5.0 (compatible; bingbot/2.0; +http://www.bing.com/bingbot.htm)"
157.55.39.131 - - [01/Jan/2015:00:07:08 -0500] "GET /~baker/devices/lxr/http/source/linux/drivers/watchdog/at91rm9200_wdt.c?v=2.6.11.8 HTTP/1.1" 200 1909 "-" "Mozilla/5.0 (compatible; bingbot/2.0; +http://www.bing.com/bingbot.htm)"
157.55.39.131 - - [01/Jan/2015:00:07:08 -0500] "GET /~baker/devices/lxr/http/ident?v=2.6.25.8;i=skb_fill_page_desc HTTP/1.1" 200 4490 "-" "Mozilla/5.0 (compatible; bingbot/2.0; +http://www.bing.com/bingbot.htm)"
157.55.39.131 - - [01/Jan/2015:00:07:08 -0500] "GET /~baker/devices/lxr/http/diff/linux/drivers/i2c/busses/i2c-versatile.c?diffval=2.6.31.13;diffvar=v HTTP/1.1" 200 56357 "-" "Mozilla/5.0 (iPhone; CPU iPhone OS 7_0 like Mac OS X) AppleWebKit/537.51.1 (KHTML, like Gecko) Version/7.0 Mobile/11A465 Safari/9537.53 (compatible; bingbot/2.0;  http://www.bing.com/bingbot.htm)"
157.55.39.131 - - [01/Jan/2015:00:07:09 -0500] "GET /~baker/devices/lxr/http/ident?v=2.6.11.8;i=VB_SISTMDSLCDA HTTP/1.1" 200 1920 "-" "Mozilla/5.0 (compatible; bingbot/2.0; +http://www.bing.com/bingbot.htm)"
157.55.39.131 - - [01/Jan/2015:00:07:09 -0500] "GET /~baker/devices/lxr/http/ident?v=2.6.11.8;i=UCB_TC_B_SIDE_ENA HTTP/1.1" 200 1938 "-" "Mozilla/5.0 (compatible; bingbot/2.0; +http://www.bing.com/bingbot.htm)"
68.180.228.53 - - [01/Jan/2015:00:07:10 -0500] "GET /~baker/devices/lxr/http/source/linux/include/media/tvaudio.h?v=2.6.11.8 HTTP/1.1" 200 1859 "-" "Mozilla/5.0 (compatible; Yahoo! Slurp; http://help.yahoo.com/help/us/ysearch/slurp)"
157.55.39.131 - - [01/Jan/2015:00:07:10 -0500] "GET /~baker/devices/lxr/http/ident?v=2.6.25.8;i=ata_bmdma_setup HTTP/1.1" 200 10688 "-" "Mozilla/5.0 (compatible; bingbot/2.0; +http://www.bing.com/bingbot.htm)"
157.55.39.131 - - [01/Jan/2015:00:07:10 -0500] "GET /~baker/devices/lxr/http/ident?v=2.6.11.8;i=afs_kafsasyncd_attend_op HTTP/1.1" 200 2684 "-" "Mozilla/5.0 (compatible; bingbot/2.0; +http://www.bing.com/bingbot.htm)"
157.55.39.131 - - [01/Jan/2015:00:07:09 -0500] "GET /~baker/devices/lxr/http/diff/linux/drivers/rtc/rtc-bfin.c?diffval=2.6.25;diffvar=v HTTP/1.1" 200 161311 "-" "Mozilla/5.0 (iPhone; CPU iPhone OS 7_0 like Mac OS X) AppleWebKit/537.51.1 (KHTML, like Gecko) Version/7.0 Mobile/11A465 Safari/9537.53 (compatible; bingbot/2.0;  http://www.bing.com/bingbot.htm)"
157.55.39.131 - - [01/Jan/2015:00:07:10 -0500] "GET /~baker/devices/lxr/http/ident?v=2.6.11.8;i=nfs4_acl_whotype HTTP/1.1" 200 2201 "-" "Mozilla/5.0 (compatible; bingbot/2.0; +http://www.bing.com/bingbot.htm)"
157.55.39.131 - - [01/Jan/2015:00:07:11 -0500] "GET /~baker/devices/lxr/http/ident?v=2.6.11.8;i=put_prev_task_fair HTTP/1.1" 200 1944 "-" "Mozilla/5.0 (iPhone; CPU iPhone OS 7_0 like Mac OS X) AppleWebKit/537.51.1 (KHTML, like Gecko) Version/7.0 Mobile/11A465 Safari/9537.53 (compatible; bingbot/2.0;  http://www.bing.com/bingbot.htm)"
157.55.39.131 - - [01/Jan/2015:00:07:10 -0500] "GET /~baker/devices/lxr/http/diff/linux/drivers/acpi/dispatcher/dswstate.c?v=2.6.25.8;diffval=2.6.25;diffvar=v HTTP/1.1" 200 361860 "-" "Mozilla/5.0 (compatible; bingbot/2.0; +http://www.bing.com/bingbot.htm)"
157.55.39.131 - - [01/Jan/2015:00:07:13 -0500] "GET /~baker/devices/lxr/http/ident?v=2.6.11.8;i=ipmi_addr_length HTTP/1.1" 200 2758 "-" "Mozilla/5.0 (compatible; bingbot/2.0; +http://www.bing.com/bingbot.htm)"
157.55.39.131 - - [01/Jan/2015:00:07:13 -0500] "GET /~baker/devices/lxr/http/ident?v=2.6.11.8;i=_FP_FRAC_ADD_1 HTTP/1.1" 200 2210 "-" "Mozilla/5.0 (compatible; bingbot/2.0; +http://www.bing.com/bingbot.htm)"
157.55.39.131 - - [01/Jan/2015:00:07:13 -0500] "GET /~baker/devices/lxr/http/ident?v=2.6.11.8;i=ipip_init HTTP/1.1" 200 2546 "-" "Mozilla/5.0 (compatible; bingbot/2.0; +http://www.bing.com/bingbot.htm)"
157.55.39.131 - - [01/Jan/2015:00:07:13 -0500] "GET /~baker/devices/lxr/http/ident?v=2.6.11.8;i=int_mod_cq_depth_128 HTTP/1.1" 200 1956 "-" "Mozilla/5.0 (compatible; bingbot/2.0; +http://www.bing.com/bingbot.htm)"
157.55.39.131 - - [01/Jan/2015:00:07:13 -0500] "GET /~baker/devices/lxr/http/source/linux/arch/i386/mach-omap2/timer-gp.c HTTP/1.1" 200 1866 "-" "Mozilla/5.0 (compatible; bingbot/2.0; +http://www.bing.com/bingbot.htm)"
157.55.39.131 - - [01/Jan/2015:00:07:14 -0500] "GET /~baker/devices/lxr/http/ident?v=2.6.11.8;i=ipq_packet_msg HTTP/1.1" 200 2515 "-" "Mozilla/5.0 (compatible; bingbot/2.0; +http://www.bing.com/bingbot.htm)"
157.55.39.131 - - [01/Jan/2015:00:07:14 -0500] "GET /~baker/devices/lxr/http/source/linux/arch/arm/mach-orion5x/include/ HTTP/1.1" 200 2613 "-" "Mozilla/5.0 (compatible; bingbot/2.0; +http://www.bing.com/bingbot.htm)"
66.249.64.84 - - [01/Jan/2015:00:07:15 -0500] "GET /~baker/devices/lxr/http/ident?v=2.6.25;i=PCAP_BL1_SHIFT HTTP/1.1" 200 1914 "-" "Mozilla/5.0 (compatible; Googlebot/2.1; +http://www.google.com/bot.html)"
157.55.39.131 - - [01/Jan/2015:00:07:14 -0500] "GET /~baker/devices/lxr/http/source/linux/block/as-iosched.c?v=2.6.25.8 HTTP/1.1" 200 218603 "-" "Mozilla/5.0 (compatible; bingbot/2.0; +http://www.bing.com/bingbot.htm)"
106.120.173.147 - - [01/Jan/2015:00:07:15 -0500] "GET /~baker/devices/lxr/http/ident?i=TVP5150_MACROVISION_ON_CTR HTTP/1.1" 200 2434 "-" "Sogou web spider/4.0(+http://www.sogou.com/docs/help/webmasters.htm#07)"
157.55.39.131 - - [01/Jan/2015:00:07:16 -0500] "GET /~baker/devices/lxr/http/ident?v=2.6.25.8;i=set_pwm_freq HTTP/1.1" 200 2755 "-" "Mozilla/5.0 (compatible; bingbot/2.0; +http://www.bing.com/bingbot.htm)"
157.55.39.131 - - [01/Jan/2015:00:07:16 -0500] "GET /~baker/devices/lxr/http/diff/linux/drivers/char/nvram.c?v=2.6.11.8;diffval=2.6.31.13;diffvar=v HTTP/1.1" 200 278312 "-" "Mozilla/5.0 (compatible; bingbot/2.0; +http://www.bing.com/bingbot.htm)"
157.55.39.131 - - [01/Jan/2015:00:07:18 -0500] "GET /~baker/devices/lxr/http/ident?v=2.6.11.8;i=w83l786ng_group HTTP/1.1" 200 1926 "-" "Mozilla/5.0 (compatible; bingbot/2.0; +http://www.bing.com/bingbot.htm)"
157.55.39.131 - - [01/Jan/2015:00:07:18 -0500] "GET /~baker/devices/lxr/http/ident?v=2.6.11.8;i=XFS_SB_VERSION_SECTORBIT HTTP/1.1" 200 2465 "-" "Mozilla/5.0 (compatible; bingbot/2.0; +http://www.bing.com/bingbot.htm)"
157.55.39.131 - - [01/Jan/2015:00:07:19 -0500] "GET /~baker/devices/lxr/http/ident?v=2.6.11.8;i=SFB_VID_HOR_FP_SHIFT HTTP/1.1" 200 1956 "-" "Mozilla/5.0 (compatible; bingbot/2.0; +http://www.bing.com/bingbot.htm)"
157.55.39.131 - - [01/Jan/2015:00:07:19 -0500] "GET /~baker/devices/lxr/http/ident?v=2.6.25.8;i=ext3_clear_journal_err HTTP/1.1" 200 2596 "-" "Mozilla/5.0 (compatible; bingbot/2.0; +http://www.bing.com/bingbot.htm)"
157.55.39.131 - - [01/Jan/2015:00:07:19 -0500] "GET /~baker/devices/lxr/http/ident?v=2.6.11.8;i=XFS_DFORK_DSIZE_ARCH HTTP/1.1" 200 2708 "-" "Mozilla/5.0 (compatible; bingbot/2.0; +http://www.bing.com/bingbot.htm)"
157.55.39.131 - - [01/Jan/2015:00:07:19 -0500] "GET /~baker/devices/lxr/http/diff/linux/sound/ppc/burgundy.c?diffval=2.6.25.8;diffvar=v HTTP/1.1" 200 221252 "-" "Mozilla/5.0 (compatible; bingbot/2.0; +http://www.bing.com/bingbot.htm)"
68.180.228.53 - - [01/Jan/2015:00:07:21 -0500] "GET /~baker/devices/lxr/http/source/xawtv-3.95/Makefile.clean?v=2.6.11.8 HTTP/1.1" 200 1839 "-" "Mozilla/5.0 (compatible; Yahoo! Slurp; http://help.yahoo.com/help/us/ysearch/slurp)"
157.55.39.131 - - [01/Jan/2015:00:07:21 -0500] "GET /~baker/devices/lxr/http/ident?v=2.6.11.8;i=UNLOCK HTTP/1.1" 200 4113 "-" "Mozilla/5.0 (compatible; bingbot/2.0; +http://www.bing.com/bingbot.htm)"
157.55.39.131 - - [01/Jan/2015:00:07:22 -0500] "GET /~baker/devices/lxr/http/ident?v=2.6.11.8;i=nla_nest_start HTTP/1.1" 200 1920 "-" "Mozilla/5.0 (compatible; bingbot/2.0; +http://www.bing.com/bingbot.htm)"
157.55.39.131 - - [01/Jan/2015:00:07:22 -0500] "GET /~baker/devices/lxr/http/ident?v=2.6.11.8;i=acpi_os_readable HTTP/1.1" 200 2591 "-" "Mozilla/5.0 (compatible; bingbot/2.0; +http://www.bing.com/bingbot.htm)"
75.218.250.106 - - [01/Jan/2015:00:07:23 -0500] "POST /~engelen/calcserver.cgi HTTP/1.1" 500 574 "-" "gSOAP/2.7"
66.249.64.88 - - [01/Jan/2015:00:07:24 -0500] "GET /~baker/devices/lxr/http/ident?v=2.6.25.8;i=PCAP_BUSCTRL_CURRLIM HTTP/1.1" 200 1956 "-" "Mozilla/5.0 (compatible; Googlebot/2.1; +http://www.google.com/bot.html)"
207.46.13.126 - - [01/Jan/2015:00:07:27 -0500] "GET /~engelen/ctadel/dyn/report_4_85.html HTTP/1.1" 200 285 "-" "Mozilla/5.0 (compatible; bingbot/2.0; +http://www.bing.com/bingbot.htm)"
65.185.27.93 - - [01/Jan/2015:00:07:31 -0500] "POST /~engelen/calcserver.cgi HTTP/1.1" 500 574 "-" "gSOAP/2.7"
220.181.108.104 - - [01/Jan/2015:00:07:30 -0500] "GET /~cop4601p/midterm/algorithms.pdf HTTP/1.1" 200 252969 "-" "Mozilla/5.0 (compatible; Baiduspider/2.0; +http://www.baidu.com/search/spider.html)"
220.181.108.95 - - [01/Jan/2015:00:07:31 -0500] "GET /~baker/devices/lxr/http/ident?i=sctp_ulpq_set_pd HTTP/1.1" 200 2257 "-" "Mozilla/5.0 (compatible; Baiduspider/2.0; +http://www.baidu.com/search/spider.html)"
66.249.64.92 - - [01/Jan/2015:00:07:33 -0500] "GET /~baker/devices/lxr/http/ident?v=2.6.25.8;i=PCI_MITE_SIZE HTTP/1.1" 200 1914 "-" "Mozilla/5.0 (compatible; Googlebot/2.1; +http://www.google.com/bot.html)"
128.59.20.226 - - [01/Jan/2015:00:07:36 -0500] "POST /~engelen/luserver.cgi HTTP/1.1" 500 617 "-" "Jakarta Commons-HttpClient/3.1"
128.59.20.226 - - [01/Jan/2015:00:07:36 -0500] "POST /~engelen/interop2B.cgi HTTP/1.1" 200 561 "-" "Jakarta Commons-HttpClient/3.1"
66.249.64.92 - - [01/Jan/2015:00:07:36 -0500] "GET /~baker/devices/lxr/http/ident?v=2.6.11.8;i=tc1100_device HTTP/1.1" 200 1914 "-" "Mozilla/5.0 (compatible; Googlebot/2.1; +http://www.google.com/bot.html)"
128.59.20.226 - - [01/Jan/2015:00:07:36 -0500] "POST /~engelen/interop2C.cgi HTTP/1.1" 200 518 "-" "Jakarta Commons-HttpClient/3.1"
199.21.99.206 - - [01/Jan/2015:00:07:36 -0500] "GET /~baker/devices/lxr/http/diff/linux/include/linux/tsacct_kern.h HTTP/1.1" 200 1988 "-" "Mozilla/5.0 (compatible; YandexBot/3.0; +http://yandex.com/bots)"
128.59.20.226 - - [01/Jan/2015:00:07:37 -0500] "POST /~engelen/calcserver.cgi HTTP/1.1" 500 628 "-" "Jakarta Commons-HttpClient/3.1"
220.181.108.101 - - [01/Jan/2015:00:07:39 -0500] "GET /~baker/devices/lxr/http/ident?i=SIGVTALRM HTTP/1.1" 200 4099 "-" "Mozilla/5.0 (compatible; Baiduspider/2.0; +http://www.baidu.com/search/spider.html)"
106.120.173.147 - - [01/Jan/2015:00:07:40 -0500] "GET /~baker/devices/lxr/http/ident?i=TVP5150_FIFO_INT_THRESHOLD HTTP/1.1" 200 2438 "-" "Sogou web spider/4.0(+http://www.sogou.com/docs/help/webmasters.htm#07)"
66.249.64.92 - - [01/Jan/2015:00:07:43 -0500] "GET /~baker/devices/lxr/http/diff/linux/arch/i386/mach-ixp4xx/dsmg600-setup.c?v=2.6.25.8;diffval=2.6.11.8;diffvar=v HTTP/1.1" 200 2587 "-" "Mozilla/5.0 (compatible; Googlebot/2.1; +http://www.google.com/bot.html)"
