68.180.228.53 - - [01/Jan/2015:00:10:18 -0500] "GET /~baker/devices/lxr/http/ident?i=KEY_SYM_LCURLY HTTP/1.1" 200 2254 "-" "Mozilla/5.0 (compatible; Yahoo! Slurp; http://help.yahoo.com/help/us/ysearch/slurp)"
220.181.108.187 - - [01/Jan/2015:00:10:18 -0500] "GET /~baker/devices/lxr/http/ident?i=pre_reset HTTP/1.1" 200 6042 "-" "Mozilla/5.0 (compatible; Baiduspider/2.0; +http://www.baidu.com/search/spider.html)"
66.249.64.88 - - [01/Jan/2015:00:10:24 -0500] "GET /~baker/devices/lxr/http/ident?v=2.6.25;i=TX_RATE_AUTO HTTP/1.1" 200 1902 "-" "Mozilla/5.0 (compatible; Googlebot/2.1; +http://www.google.com/bot.html)"
75.218.250.106 - - [01/Jan/2015:00:10:24 -0500] "POST /~engelen/calcserver.cgi HTTP/1.1" 500 574 "-" "gSOAP/2.7"
66.249.64.88 - - [01/Jan/2015:00:10:24 -0500] "GET /~baker/devices/lxr/http/ident?v=2.6.25;i=AR9170_MAC_REG_BSSID_L HTTP/1.1" 200 1962 "-" "Mozilla/5.0 (compatible; Googlebot/2.1; +http://www.google.com/bot.html)"
207.46.13.126 - - [01/Jan/2015:00:10:29 -0500] "GET /~baker/devices/lxr/http/ident?i=SRXAFSCB_ProbeUuid HTTP/1.1" 200 2197 "-" "Mozilla/5.0 (compatible; bingbot/2.0; +http://www.bing.com/bingbot.htm)"
207.46.13.126 - - [01/Jan/2015:00:10:29 -0500] "GET /~baker/devices/lxr/http/ident?v=2.6.25.8;i=list_splice_init_rcu HTTP/1.1" 200 2363 "-" "Mozilla/5.0 (compatible; bingbot/2.0; +http://www.bing.com/bingbot.htm)"
188.35.22.24 - - [01/Jan/2015:00:10:28 -0500] "GET /~breno/CIS-5357/lecture_slides/class9.pdf HTTP/1.1" 200 99959 "-" "Mozilla/4.0 (compatible; MSIE 6.0; Windows NT 5.1)"
207.46.13.126 - - [01/Jan/2015:00:10:30 -0500] "GET /~baker/devices/lxr/http/ident?v=2.6.11.8;i=reg_fft_mask_tone3_7_0_pos HTTP/1.1" 200 1992 "-" "Mozilla/5.0 (compatible; bingbot/2.0; +http://www.bing.com/bingbot.htm)"
207.46.13.126 - - [01/Jan/2015:00:10:30 -0500] "GET /~baker/devices/lxr/http/ident?v=2.6.25.8;i=ADS_A2A1A0_d_y HTTP/1.1" 200 2262 "-" "Mozilla/5.0 (compatible; bingbot/2.0; +http://www.bing.com/bingbot.htm)"
207.46.13.126 - - [01/Jan/2015:00:10:30 -0500] "GET /~baker/devices/lxr/http/ident?v=2.6.11.8;i=regions_74 HTTP/1.1" 200 2196 "-" "Mozilla/5.0 (compatible; bingbot/2.0; +http://www.bing.com/bingbot.htm)"
157.55.39.78 - - [01/Jan/2015:00:10:30 -0500] "GET /~baker/devices/lxr/http/ident?v=2.6.25.8;i=madgemc_sifreadb HTTP/1.1" 200 2347 "-" "Mozilla/5.0 (compatible; bingbot/2.0; +http://www.bing.com/bingbot.htm)"
157.55.39.78 - - [01/Jan/2015:00:10:30 -0500] "GET /~baker/devices/lxr/http/ident?v=2.6.25;i=w1_family_registered HTTP/1.1" 200 2571 "-" "Mozilla/5.0 (compatible; bingbot/2.0; +http://www.bing.com/bingbot.htm)"
68.180.228.53 - - [01/Jan/2015:00:10:31 -0500] "GET /~baker/devices/lxr/http/ident?i=phm_reg HTTP/1.1" 200 2450 "-" "Mozilla/5.0 (compatible; Yahoo! Slurp; http://help.yahoo.com/help/us/ysearch/slurp)"
66.249.64.88 - - [01/Jan/2015:00:10:31 -0500] "GET / HTTP/1.1" 200 17812 "http://ww2.cs.fsu.edu/~hoang/test/a5.html" "Mozilla/5.0 (compatible; Googlebot/2.1; +http://www.google.com/bot.html)"
157.55.39.78 - - [01/Jan/2015:00:10:31 -0500] "GET /~baker/devices/lxr/http/source/linux/drivers/usb/host/ohci-sm501.c?v=2.6.25 HTTP/1.1" 200 45467 "-" "Mozilla/5.0 (compatible; bingbot/2.0; +http://www.bing.com/bingbot.htm)"
106.120.173.147 - - [01/Jan/2015:00:10:31 -0500] "GET /~baker/devices/lxr/http/ident?i=TG3PCI_DEVICE_TIGON3_57790 HTTP/1.1" 200 2405 "-" "Sogou web spider/4.0(+http://www.sogou.com/docs/help/webmasters.htm#07)"
65.185.27.93 - - [01/Jan/2015:00:10:31 -0500] "POST /~engelen/calcserver.cgi HTTP/1.1" 500 574 "-" "gSOAP/2.7"
157.55.39.78 - - [01/Jan/2015:00:10:31 -0500] "GET /~baker/devices/lxr/http/source/linux/drivers/ide/ide-cd.c?v=2.6.25.8 HTTP/1.1" 200 364034 "-" "Mozilla/5.0 (compatible; bingbot/2.0; +http://www.bing.com/bingbot.htm)"
68.180.228.53 - - [01/Jan/2015:00:10:32 -0500] "GET /~baker/devices/lxr/http/ident?i=PCI_DEVICE_ID_NVIDIA_GEFORCE_FX_5900ZT HTTP/1.1" 200 2272 "-" "Mozilla/5.0 (compatible; Yahoo! Slurp; http://help.yahoo.com/help/us/ysearch/slurp)"
66.249.64.84 - - [01/Jan/2015:00:10:33 -0500] "GET /~baker/devices/lxr/http/ident?v=2.6.11.8;i=AR5K_PHY_MODE_RAD_RF5111 HTTP/1.1" 200 1980 "-" "Mozilla/5.0 (compatible; Googlebot/2.1; +http://www.google.com/bot.html)"
157.55.39.78 - - [01/Jan/2015:00:10:34 -0500] "GET /~baker/devices/lxr/http/ident?v=2.6.11.8;i=ext3_file_write HTTP/1.1" 200 2256 "-" "Mozilla/5.0 (compatible; bingbot/2.0; +http://www.bing.com/bingbot.htm)"
157.55.39.57 - - [01/Jan/2015:00:10:35 -0500] "GET /~baker/devices/lxr/http/ident?i=CTRL_DAC1_EN HTTP/1.1" 200 1840 "-" "Mozilla/5.0 (compatible; bingbot/2.0; +http://www.bing.com/bingbot.htm)"
157.55.39.57 - - [01/Jan/2015:00:10:35 -0500] "GET /~baker/devices/lxr/http/ident?i=IT_HEADER_SPEED HTTP/1.1" 200 2216 "-" "Mozilla/5.0 (compatible; bingbot/2.0; +http://www.bing.com/bingbot.htm)"
157.55.39.57 - - [01/Jan/2015:00:10:35 -0500] "GET /~baker/devices/lxr/http/ident?i=llc_rst_actions_2_1 HTTP/1.1" 200 2209 "-" "Mozilla/5.0 (compatible; bingbot/2.0; +http://www.bing.com/bingbot.htm)"
157.55.39.57 - - [01/Jan/2015:00:10:36 -0500] "GET /~baker/devices/lxr/http/diff/linux/drivers/ieee1394/highlevel.c?v=2.6.25;diffval=2.6.11.8;diffvar=v HTTP/1.1" 200 269395 "-" "Mozilla/5.0 (compatible; bingbot/2.0; +http://www.bing.com/bingbot.htm)"
71.10.187.15 - - [01/Jan/2015:00:10:37 -0500] "GET /~wingfiel/stuff/gt28rs.gif HTTP/1.1" 200 35362 "https://www.google.com/" "Mozilla/5.0 (Linux; Android 5.0.1; Nexus 7 Build/LRX22C) AppleWebKit/537.36 (KHTML, like Gecko) Chrome/39.0.2171.93 Safari/537.36"
68.180.228.53 - - [01/Jan/2015:00:10:37 -0500] "GET /~baker/devices/lxr/http/ident?i=TLAN_TC_NFEW HTTP/1.1" 200 2092 "-" "Mozilla/5.0 (compatible; Yahoo! Slurp; http://help.yahoo.com/help/us/ysearch/slurp)"
157.55.39.57 - - [01/Jan/2015:00:10:37 -0500] "GET /~baker/devices/lxr/http/diff/linux/drivers/char/ipmi/ipmi_smic_sm.c?diffval=2.6.11.8;diffvar=v HTTP/1.1" 200 212150 "-" "Mozilla/5.0 (compatible; bingbot/2.0; +http://www.bing.com/bingbot.htm)"
68.180.228.53 - - [01/Jan/2015:00:10:40 -0500] "GET /~baker/devices/lxr/http/ident?i=CX700_31_500M HTTP/1.1" 200 2222 "-" "Mozilla/5.0 (compatible; Yahoo! Slurp; http://help.yahoo.com/help/us/ysearch/slurp)"
157.55.39.78 - - [01/Jan/2015:00:10:40 -0500] "GET /~baker/devices/lxr/http/source/linux/drivers/media/dvb/bt8xx/bt878.h?v=2.6.11.8 HTTP/1.1" 200 24320 "-" "Mozilla/5.0 (compatible; bingbot/2.0; +http://www.bing.com/bingbot.htm)"
157.55.39.78 - - [01/Jan/2015:00:10:40 -0500] "GET /~baker/devices/lxr/http/ident?v=2.6.11.8;i=MAXTTL HTTP/1.1" 200 2372 "-" "Mozilla/5.0 (compatible; bingbot/2.0; +http://www.bing.com/bingbot.htm)"
157.55.39.78 - - [01/Jan/2015:00:10:41 -0500] "GET /~baker/devices/lxr/http/ident?v=2.6.11.8;i=hvcs_partner_free HTTP/1.1" 200 2676 "-" "Mozilla/5.0 (compatible; bingbot/2.0; +http://www.bing.com/bingbot.htm)"
157.55.39.78 - - [01/Jan/2015:00:10:41 -0500] "GET /~baker/devices/lxr/http/ident?i=APE_FW_VERSION_MAJMSK HTTP/1.1" 200 2238 "-" "Mozilla/5.0 (compatible; bingbot/2.0; +http://www.bing.com/bingbot.htm)"
157.55.39.78 - - [01/Jan/2015:00:10:41 -0500] "GET /~baker/devices/lxr/http/ident?i=raw_v4_lock HTTP/1.1" 200 1834 "-" "Mozilla/5.0 (compatible; bingbot/2.0; +http://www.bing.com/bingbot.htm)"
66.249.64.88 - - [01/Jan/2015:00:10:43 -0500] "GET /~baker/devices/lxr/http/diff/source/default/linux/drivers/input/joystick/guillemot.c?v=2.6.25.8 HTTP/1.1" 200 2176 "-" "Mozilla/5.0 (compatible; Googlebot/2.1; +http://www.google.com/bot.html)"
66.249.64.84 - - [01/Jan/2015:00:10:45 -0500] "GET /~baker/devices/lxr/http/ident?v=2.6.11.8;i=pvr2_trace HTTP/1.1" 200 1896 "-" "DoCoMo/2.0 N905i(c100;TB;W24H16) (compatible; Googlebot-Mobile/2.1; +http://www.google.com/bot.html)"
157.55.39.58 - - [01/Jan/2015:00:10:48 -0500] "GET /~baker/devices/lxr/http/ident?v=2.6.11.8;i=CHAR_HEIGHT HTTP/1.1" 200 3047 "-" "Mozilla/5.0 (compatible; bingbot/2.0; +http://www.bing.com/bingbot.htm)"
157.55.39.58 - - [01/Jan/2015:00:10:48 -0500] "GET /~baker/devices/lxr/http/ident?v=2.6.11.8;i=sectioncheck HTTP/1.1" 200 1908 "-" "Mozilla/5.0 (compatible; bingbot/2.0; +http://www.bing.com/bingbot.htm)"
157.55.39.58 - - [01/Jan/2015:00:10:48 -0500] "GET /~baker/devices/lxr/http/ident?i=tolapai_map_db HTTP/1.1" 200 2193 "-" "Mozilla/5.0 (compatible; bingbot/2.0; +http://www.bing.com/bingbot.htm)"
157.55.39.58 - - [01/Jan/2015:00:10:49 -0500] "GET /~baker/devices/lxr/http/ident?i=WBSD_IDX_PBSLSB HTTP/1.1" 200 2310 "-" "Mozilla/5.0 (compatible; bingbot/2.0; +http://www.bing.com/bingbot.htm)"
157.55.39.58 - - [01/Jan/2015:00:10:49 -0500] "GET /~baker/devices/lxr/http/ident?v=2.6.25.8;i=reg_sfoe_lm_counter_th_len HTTP/1.1" 200 2334 "-" "Mozilla/5.0 (compatible; bingbot/2.0; +http://www.bing.com/bingbot.htm)"
157.55.39.58 - - [01/Jan/2015:00:10:49 -0500] "GET /~baker/devices/lxr/http/diff/linux/drivers/net/atl1/atl1_main.c?diffval=2.6.11.8;diffvar=v HTTP/1.1" 200 2389 "-" "Mozilla/5.0 (compatible; bingbot/2.0; +http://www.bing.com/bingbot.htm)"
157.55.39.58 - - [01/Jan/2015:00:10:49 -0500] "GET /~baker/devices/lxr/http/ident?i=tosa_tc6393xb_nand_bbt HTTP/1.1" 200 2251 "-" "Mozilla/5.0 (compatible; bingbot/2.0; +http://www.bing.com/bingbot.htm)"
157.55.39.58 - - [01/Jan/2015:00:10:49 -0500] "GET /~baker/devices/lxr/http/ident?v=2.6.25.8;i=PL_VECTOR_LEN HTTP/1.1" 200 2347 "-" "Mozilla/5.0 (compatible; bingbot/2.0; +http://www.bing.com/bingbot.htm)"
66.249.64.92 - - [01/Jan/2015:00:10:50 -0500] "GET /~baker/devices/lxr/http/ident?v=2.6.25;i=tEplNmtNodeEvent HTTP/1.1" 200 1926 "-" "Mozilla/5.0 (compatible; Googlebot/2.1; +http://www.google.com/bot.html)"
157.55.39.58 - - [01/Jan/2015:00:10:50 -0500] "GET /~baker/devices/lxr/http/ident?i=MDM_CAPI_GUARD_550 HTTP/1.1" 200 2334 "-" "Mozilla/5.0 (compatible; bingbot/2.0; +http://www.bing.com/bingbot.htm)"
157.55.39.58 - - [01/Jan/2015:00:10:50 -0500] "GET /~baker/devices/lxr/http/ident?i=pIOCPage4_t HTTP/1.1" 200 2152 "-" "Mozilla/5.0 (compatible; bingbot/2.0; +http://www.bing.com/bingbot.htm)"
157.55.39.58 - - [01/Jan/2015:00:10:50 -0500] "GET /~baker/devices/lxr/http/ident?i=PCI_DEVICE_ID_ALTIMA_AC1003 HTTP/1.1" 200 2294 "-" "Mozilla/5.0 (compatible; bingbot/2.0; +http://www.bing.com/bingbot.htm)"
157.55.39.58 - - [01/Jan/2015:00:10:50 -0500] "GET /~baker/devices/lxr/http/ident?v=2.6.11.8;i=DEFAULT_LCT_LONG HTTP/1.1" 200 2327 "-" "Mozilla/5.0 (compatible; bingbot/2.0; +http://www.bing.com/bingbot.htm)"
157.55.39.58 - - [01/Jan/2015:00:10:51 -0500] "GET /~baker/devices/lxr/http/ident?i=TX_CTL_OFFSET HTTP/1.1" 200 2106 "-" "Mozilla/5.0 (compatible; bingbot/2.0; +http://www.bing.com/bingbot.htm)"
157.55.39.58 - - [01/Jan/2015:00:10:51 -0500] "GET /~baker/devices/lxr/http/ident?v=2.6.25.8;i=br_get_ticks HTTP/1.1" 200 2531 "-" "Mozilla/5.0 (compatible; bingbot/2.0; +http://www.bing.com/bingbot.htm)"
157.55.39.58 - - [01/Jan/2015:00:10:51 -0500] "GET /~baker/devices/lxr/http/ident?v=2.6.25;i=XFS_IGET_CREATE HTTP/1.1" 200 2547 "-" "Mozilla/5.0 (compatible; bingbot/2.0; +http://www.bing.com/bingbot.htm)"
157.55.39.58 - - [01/Jan/2015:00:10:51 -0500] "GET /~baker/devices/lxr/http/ident?i=NLM_holder_sz HTTP/1.1" 200 2157 "-" "Mozilla/5.0 (compatible; bingbot/2.0; +http://www.bing.com/bingbot.htm)"
157.55.39.58 - - [01/Jan/2015:00:10:51 -0500] "GET /~baker/devices/lxr/http/ident?v=2.6.25.8;i=sym_lcb HTTP/1.1" 200 4822 "-" "Mozilla/5.0 (compatible; bingbot/2.0; +http://www.bing.com/bingbot.htm)"
157.55.39.58 - - [01/Jan/2015:00:10:52 -0500] "GET /~baker/devices/lxr/http/ident?v=2.6.11.8;i=add_code HTTP/1.1" 200 2465 "-" "Mozilla/5.0 (compatible; bingbot/2.0; +http://www.bing.com/bingbot.htm)"
157.55.39.58 - - [01/Jan/2015:00:10:52 -0500] "GET /~baker/devices/lxr/http/ident?v=2.6.25;i=HDSPM_inputEnableBase HTTP/1.1" 200 2349 "-" "Mozilla/5.0 (compatible; bingbot/2.0; +http://www.bing.com/bingbot.htm)"
157.55.39.58 - - [01/Jan/2015:00:10:52 -0500] "GET /~baker/devices/lxr/http/ident?v=2.6.25.8;i=RADEON_EMIT_PP_BORDER_COLOR_1 HTTP/1.1" 200 2451 "-" "Mozilla/5.0 (compatible; bingbot/2.0; +http://www.bing.com/bingbot.htm)"
66.249.64.92 - - [01/Jan/2015:00:10:52 -0500] "GET /~baker/devices/lxr/http/ident?v=2.6.25.8;i=D1MODE_PRIORITY_B_CNT HTTP/1.1" 200 1962 "-" "Mozilla/5.0 (compatible; Googlebot/2.1; +http://www.google.com/bot.html)"
157.55.39.58 - - [01/Jan/2015:00:10:52 -0500] "GET /~baker/devices/lxr/http/ident?i=CRC32_REMAINDER HTTP/1.1" 200 2307 "-" "Mozilla/5.0 (compatible; bingbot/2.0; +http://www.bing.com/bingbot.htm)"
157.55.39.58 - - [01/Jan/2015:00:10:52 -0500] "GET /~baker/devices/lxr/http/ident?v=2.6.11.8;i=FUSE_MAX_PAGES_PER_REQ HTTP/1.1" 200 1968 "-" "Mozilla/5.0 (compatible; bingbot/2.0; +http://www.bing.com/bingbot.htm)"
157.55.39.58 - - [01/Jan/2015:00:10:53 -0500] "GET /~baker/devices/lxr/http/ident?i=SNDRV_TIMER_IFLG_EARLY_EVENT HTTP/1.1" 200 2435 "-" "Mozilla/5.0 (compatible; bingbot/2.0; +http://www.bing.com/bingbot.htm)"
157.55.39.58 - - [01/Jan/2015:00:10:53 -0500] "GET /~baker/devices/lxr/http/ident?v=2.6.11.8;i=HASH_LOOKUP_ERR_LOG1_ERR HTTP/1.1" 200 1980 "-" "Mozilla/5.0 (compatible; bingbot/2.0; +http://www.bing.com/bingbot.htm)"
157.55.39.58 - - [01/Jan/2015:00:10:53 -0500] "GET /~baker/devices/lxr/http/ident?v=2.6.11.8;i=hifn_setup_dst_desc HTTP/1.1" 200 1950 "-" "Mozilla/5.0 (compatible; bingbot/2.0; +http://www.bing.com/bingbot.htm)"
157.55.39.58 - - [01/Jan/2015:00:10:53 -0500] "GET /~baker/devices/lxr/http/ident?v=2.6.11.8;i=vx_setup_pseudo_dma HTTP/1.1" 200 2421 "-" "Mozilla/5.0 (compatible; bingbot/2.0; +http://www.bing.com/bingbot.htm)"
68.180.228.53 - - [01/Jan/2015:00:10:54 -0500] "GET /~baker/devices/lxr/http/ident?i=read_telegram HTTP/1.1" 200 2401 "-" "Mozilla/5.0 (compatible; Yahoo! Slurp; http://help.yahoo.com/help/us/ysearch/slurp)"
157.55.39.58 - - [01/Jan/2015:00:10:54 -0500] "GET /~baker/devices/lxr/http/ident?v=2.6.25;i=bnx2x_mdio45_read HTTP/1.1" 200 3811 "-" "Mozilla/5.0 (compatible; bingbot/2.0; +http://www.bing.com/bingbot.htm)"
68.180.228.53 - - [01/Jan/2015:00:10:54 -0500] "GET /%7Elangley/CNT4603-2012-Summer/Assign3-new.html HTTP/1.1" 304 - "-" "Mozilla/5.0 (compatible; Yahoo! Slurp; http://help.yahoo.com/help/us/ysearch/slurp)"
157.55.39.58 - - [01/Jan/2015:00:10:54 -0500] "GET /~baker/devices/lxr/http/ident?v=2.6.11.8;i=SLOB_ALIGN HTTP/1.1" 200 1896 "-" "Mozilla/5.0 (compatible; bingbot/2.0; +http://www.bing.com/bingbot.htm)"
157.55.39.58 - - [01/Jan/2015:00:10:54 -0500] "GET /~baker/devices/lxr/http/ident?v=2.6.11.8;i=videomode HTTP/1.1" 200 3005 "-" "Mozilla/5.0 (compatible; bingbot/2.0; +http://www.bing.com/bingbot.htm)"
157.55.39.58 - - [01/Jan/2015:00:10:54 -0500] "GET /~baker/devices/lxr/http/ident?v=2.6.25.8;i=header_le32_to_cpu HTTP/1.1" 200 2762 "-" "Mozilla/5.0 (compatible; bingbot/2.0; +http://www.bing.com/bingbot.htm)"
125.209.235.172 - - [01/Jan/2015:00:10:52 -0500] "GET /~engelen/ccgrid.pdf HTTP/1.1" 200 950692 "-" "Mozilla/5.0 (compatible; Yeti/1.1; +http://help.naver.com/robots/)"
106.120.173.147 - - [01/Jan/2015:00:10:55 -0500] "GET /~baker/devices/lxr/http/ident?i=NT_STATUS_EOM_OVERFLOW HTTP/1.1" 200 2388 "-" "Sogou web spider/4.0(+http://www.sogou.com/docs/help/webmasters.htm#07)"
204.93.111.240 - - [01/Jan/2015:00:10:56 -0500] "GET /~jieyang/FSU_Seal.jpg HTTP/1.1" 200 2574431 "https://www.google.com/" "Mozilla/5.0 (iPhone; CPU iPhone OS 8_1_2 like Mac OS X) AppleWebKit/600.1.4 (KHTML, like Gecko) Version/8.0 Mobile/12B440 Safari/600.1.4"
66.249.64.84 - - [01/Jan/2015:00:11:01 -0500] "GET /~baker/devices/lxr/http/ident?v=2.6.25;i=OMAP3430_AUTO_GPT9 HTTP/1.1" 200 1938 "-" "Mozilla/5.0 (compatible; Googlebot/2.1; +http://www.google.com/bot.html)"
68.180.228.53 - - [01/Jan/2015:00:11:02 -0500] "GET /~baker/devices/lxr/http/ident?i=C218tx_mask HTTP/1.1" 200 2182 "-" "Mozilla/5.0 (compatible; Yahoo! Slurp; http://help.yahoo.com/help/us/ysearch/slurp)"
66.249.64.84 - - [01/Jan/2015:00:11:11 -0500] "GET /~baker/devices/lxr/http/ident?v=2.6.11.8;i=A3D_A_HrtfTarget HTTP/1.1" 200 2369 "-" "Mozilla/5.0 (compatible; Googlebot/2.1; +http://www.google.com/bot.html)"
68.180.228.53 - - [01/Jan/2015:00:11:13 -0500] "GET /~baker/devices/lxr/http/ident?i=phonet_device HTTP/1.1" 200 2903 "-" "Mozilla/5.0 (compatible; Yahoo! Slurp; http://help.yahoo.com/help/us/ysearch/slurp)"
66.249.64.88 - - [01/Jan/2015:00:11:15 -0500] "GET /~baker/devices/lxr/http/ident?v=2.6.25.8;i=i2o_cfg_getiops HTTP/1.1" 200 2346 "-" "Mozilla/5.0 (compatible; Googlebot/2.1; +http://www.google.com/bot.html)"
220.181.108.154 - - [01/Jan/2015:00:11:16 -0500] "GET /~baker/devices/lxr/http/ident?i=TRACE_HEADER_MULTI_READ HTTP/1.1" 200 3568 "-" "Mozilla/5.0 (compatible; Baiduspider/2.0; +http://www.baidu.com/search/spider.html)"
106.120.173.147 - - [01/Jan/2015:00:11:17 -0500] "GET /~baker/devices/lxr/http/ident?v=2.6.11.8;i=ELCOM_VENDOR_ID HTTP/1.1" 200 2446 "-" "Sogou web spider/4.0(+http://www.sogou.com/docs/help/webmasters.htm#07)"
68.180.228.53 - - [01/Jan/2015:00:11:18 -0500] "GET /~baker/devices/lxr/http/ident?i=ISDN_CMSGLEN HTTP/1.1" 200 2177 "-" "Mozilla/5.0 (compatible; Yahoo! Slurp; http://help.yahoo.com/help/us/ysearch/slurp)"
157.55.39.58 - - [01/Jan/2015:00:11:19 -0500] "GET /~baker/devices/lxr/http/ident?i=pvr2_hdw_cmd_modeswitch HTTP/1.1" 200 2348 "-" "Mozilla/5.0 (compatible; bingbot/2.0; +http://www.bing.com/bingbot.htm)"
157.55.39.58 - - [01/Jan/2015:00:11:19 -0500] "GET /~baker/devices/lxr/http/ident?i=A_IRQ_MSK HTTP/1.1" 200 3990 "-" "Mozilla/5.0 (compatible; bingbot/2.0; +http://www.bing.com/bingbot.htm)"
157.55.39.58 - - [01/Jan/2015:00:11:19 -0500] "GET /~baker/devices/lxr/http/ident?v=2.6.11.8;i=TCF_DRV_255_63 HTTP/1.1" 200 2704 "-" "Mozilla/5.0 (compatible; bingbot/2.0; +http://www.bing.com/bingbot.htm)"
157.55.39.58 - - [01/Jan/2015:00:11:19 -0500] "GET /~baker/devices/lxr/http/source/linux/fs/jfs/jfs_types.h HTTP/1.1" 200 20401 "-" "Mozilla/5.0 (compatible; bingbot/2.0; +http://www.bing.com/bingbot.htm)"
157.55.39.58 - - [01/Jan/2015:00:11:20 -0500] "GET /~baker/devices/lxr/http/ident?v=2.6.11.8;i=kcapi_init HTTP/1.1" 200 1896 "-" "Mozilla/5.0 (compatible; bingbot/2.0; +http://www.bing.com/bingbot.htm)"
66.249.64.84 - - [01/Jan/2015:00:11:21 -0500] "GET /~baker/devices/lxr/http/ident?v=2.6.11.8;i=EP93XX_KEYPAD_KDIV HTTP/1.1" 200 1944 "-" "Mozilla/5.0 (compatible; Googlebot/2.1; +http://www.google.com/bot.html)"
157.55.39.78 - - [01/Jan/2015:00:11:23 -0500] "GET /~baker/devices/lxr/http/diff/linux/drivers/net/ibm_emac/ibm_emac_debug.c?v=2.6.25.8 HTTP/1.1" 200 2116 "-" "Mozilla/5.0 (compatible; bingbot/2.0; +http://www.bing.com/bingbot.htm)"
157.55.39.78 - - [01/Jan/2015:00:11:23 -0500] "GET /~baker/devices/lxr/http/ident?v=2.6.25;i=mpt_lan_close HTTP/1.1" 200 2666 "-" "Mozilla/5.0 (compatible; bingbot/2.0; +http://www.bing.com/bingbot.htm)"
157.55.39.78 - - [01/Jan/2015:00:11:23 -0500] "GET /~baker/devices/lxr/http/ident?v=2.6.11.8;i=jornada720_kbd_driver HTTP/1.1" 200 1962 "-" "Mozilla/5.0 (compatible; bingbot/2.0; +http://www.bing.com/bingbot.htm)"
157.55.39.78 - - [01/Jan/2015:00:11:23 -0500] "GET /~baker/devices/lxr/http/source/linux/drivers/char/pcmcia/ipwireless/network.c?v=2.6.25.8 HTTP/1.1" 200 94857 "-" "Mozilla/5.0 (compatible; bingbot/2.0; +http://www.bing.com/bingbot.htm)"
75.218.250.106 - - [01/Jan/2015:00:11:24 -0500] "POST /~engelen/calcserver.cgi HTTP/1.1" 500 574 "-" "gSOAP/2.7"
157.55.39.78 - - [01/Jan/2015:00:11:24 -0500] "GET /~baker/devices/lxr/http/ident?v=2.6.25;i=full HTTP/1.1" 200 36099 "-" "Mozilla/5.0 (compatible; bingbot/2.0; +http://www.bing.com/bingbot.htm)"
68.180.228.53 - - [01/Jan/2015:00:11:24 -0500] "GET /~baker/devices/lxr/http/ident?v=2.6.25.8;i=BMCR_LOOPBACK HTTP/1.1" 200 4059 "-" "Mozilla/5.0 (compatible; Yahoo! Slurp; http://help.yahoo.com/help/us/ysearch/slurp)"
66.249.64.92 - - [01/Jan/2015:00:11:30 -0500] "GET /~baker/devices/lxr/http/ident?v=2.6.11.8;i=__dcbnl_pg_getcfg HTTP/1.1" 200 1938 "-" "Mozilla/5.0 (compatible; Googlebot/2.1; +http://www.google.com/bot.html)"
65.185.27.93 - - [01/Jan/2015:00:11:31 -0500] "POST /~engelen/calcserver.cgi HTTP/1.1" 500 574 "-" "gSOAP/2.7"
157.55.39.131 - - [01/Jan/2015:00:11:33 -0500] "GET /~baker/devices/lxr/http/ident?v=2.6.25.8;i=LL_MAX_HEADER HTTP/1.1" 200 3965 "-" "Mozilla/5.0 (compatible; bingbot/2.0; +http://www.bing.com/bingbot.htm)"
157.55.39.131 - - [01/Jan/2015:00:11:33 -0500] "GET /~baker/devices/lxr/http/ident?v=2.6.25;i=jazz_sonic_probe HTTP/1.1" 200 2299 "-" "Mozilla/5.0 (compatible; bingbot/2.0; +http://www.bing.com/bingbot.htm)"
115.115.227.139 - - [01/Jan/2015:00:11:33 -0500] "GET /favicon.ico HTTP/1.1" 200 1406 "-" "Mozilla/5.0 (X11; Ubuntu; Linux x86_64; rv:31.0) Gecko/20100101 Firefox/31.0"
157.55.39.131 - - [01/Jan/2015:00:11:33 -0500] "GET /~baker/devices/lxr/http/ident?v=2.6.11.8;i=in_dev_hold HTTP/1.1" 200 2976 "-" "Mozilla/5.0 (compatible; bingbot/2.0; +http://www.bing.com/bingbot.htm)"
157.55.39.58 - - [01/Jan/2015:00:11:34 -0500] "GET /~myers/cop3014/hw/hwpractice.html HTTP/1.1" 200 7947 "-" "Mozilla/5.0 (compatible; bingbot/2.0; +http://www.bing.com/bingbot.htm)"
115.115.227.139 - - [01/Jan/2015:00:11:33 -0500] "GET /~gaitrosd/classes/cop3344/lecture11-unix-shell-programming.pdf HTTP/1.1" 200 32139 "http://www.google.co.in/url?sa=t&rct=j&q=&esrc=s&source=web&cd=9&sqi=2&ved=0CFIQFjAI&url=http%3A%2F%2Fwww.cs.fsu.edu%2F~gaitrosd%2Fclasses%2Fcop3344%2Flecture11-unix-shell-programming.pdf&ei=1NakVKu0BMGOuASTr4KQCQ&usg=AFQjCNEIm5bbHCaGmaOQ1YKIA_E57FwqUw&bvm=bv.82001339,d.c2E" "Mozilla/5.0 (X11; Ubuntu; Linux x86_64; rv:31.0) Gecko/20100101 Firefox/31.0"
157.55.39.58 - - [01/Jan/2015:00:11:34 -0500] "GET /~baker/devices/lxr/http/ident?v=2.6.11.8;i=nfs3svc_encode_entry HTTP/1.1" 200 2593 "-" "Mozilla/5.0 (compatible; bingbot/2.0; +http://www.bing.com/bingbot.htm)"
157.55.39.58 - - [01/Jan/2015:00:11:34 -0500] "GET /~baker/devices/lxr/http/ident?v=2.6.11.8;i=nxt6000_read_status HTTP/1.1" 200 2399 "-" "Mozilla/5.0 (compatible; bingbot/2.0; +http://www.bing.com/bingbot.htm)"
157.55.39.58 - - [01/Jan/2015:00:11:34 -0500] "GET /~baker/devices/lxr/http/ident?v=2.6.25;i=dev_3c507 HTTP/1.1" 200 2459 "-" "Mozilla/5.0 (compatible; bingbot/2.0; +http://www.bing.com/bingbot.htm)"
157.55.39.58 - - [01/Jan/2015:00:11:34 -0500] "GET /~baker/devices/lxr/http/ident?i=mbxfb_exit HTTP/1.1" 200 2190 "-" "Mozilla/5.0 (compatible; bingbot/2.0; +http://www.bing.com/bingbot.htm)"
115.115.227.139 - - [01/Jan/2015:00:11:34 -0500] "GET /~gaitrosd/classes/cop3344/lecture11-unix-shell-programming.pdf HTTP/1.1" 206 32139 "http://www.google.co.in/url?sa=t&rct=j&q=&esrc=s&source=web&cd=9&sqi=2&ved=0CFIQFjAI&url=http%3A%2F%2Fwww.cs.fsu.edu%2F~gaitrosd%2Fclasses%2Fcop3344%2Flecture11-unix-shell-programming.pdf&ei=1NakVKu0BMGOuASTr4KQCQ&usg=AFQjCNEIm5bbHCaGmaOQ1YKIA_E57FwqUw&bvm=bv.82001339,d.c2E" "Mozilla/5.0 (X11; Ubuntu; Linux x86_64; rv:31.0) Gecko/20100101 Firefox/31.0"
157.55.39.58 - - [01/Jan/2015:00:11:35 -0500] "GET /~baker/devices/lxr/http/ident?v=2.6.25.8;i=ttusb_i2c_msg HTTP/1.1" 200 2529 "-" "Mozilla/5.0 (compatible; bingbot/2.0; +http://www.bing.com/bingbot.htm)"
199.21.99.206 - - [01/Jan/2015:00:11:35 -0500] "GET /~baker/devices/lxr/source/2.6.25.8/linux/drivers/media/radio/Makefile HTTP/1.1" 200 976 "-" "Mozilla/5.0 (compatible; YandexBot/3.0; +http://yandex.com/bots)"
193.157.115.250 - - [01/Jan/2015:00:11:35 -0500] "GET /~engelen/interop2C.wsdl HTTP/1.1" 200 3671 "-" "Jakarta Commons-HttpClient/3.1"
193.157.115.250 - - [01/Jan/2015:00:11:35 -0500] "GET /~engelen/lu.wsdl HTTP/1.1" 200 6332 "-" "Jakarta Commons-HttpClient/3.1"
193.157.115.250 - - [01/Jan/2015:00:11:35 -0500] "GET /~engelen/calc.wsdl HTTP/1.1" 200 5249 "-" "Jakarta Commons-HttpClient/3.1"
193.157.115.250 - - [01/Jan/2015:00:11:35 -0500] "GET /~engelen/magic.wsdl HTTP/1.1" 200 3141 "-" "Jakarta Commons-HttpClient/3.1"
193.157.115.250 - - [01/Jan/2015:00:11:35 -0500] "GET /~engelen/interop2B.wsdl HTTP/1.1" 200 8562 "-" "Jakarta Commons-HttpClient/3.1"
157.55.39.131 - - [01/Jan/2015:00:11:34 -0500] "GET /~baker/devices/lxr/http/diff/linux/net/decnet/dn_dev.c?diffval=2.6.11.8;diffvar=v HTTP/1.1" 200 495888 "-" "Mozilla/5.0 (compatible; bingbot/2.0; +http://www.bing.com/bingbot.htm)"
106.120.173.147 - - [01/Jan/2015:00:11:37 -0500] "GET /~baker/devices/lxr/http/ident?v=2.6.11.8;i=apc_regsize HTTP/1.1" 200 2435 "-" "Sogou web spider/4.0(+http://www.sogou.com/docs/help/webmasters.htm#07)"
157.55.39.131 - - [01/Jan/2015:00:11:38 -0500] "GET /~baker/devices/lxr/http/ident?v=2.6.11.8;i=XFS_CFORK_NEXT_SET_ARCH HTTP/1.1" 200 2701 "-" "Mozilla/5.0 (compatible; bingbot/2.0; +http://www.bing.com/bingbot.htm)"
68.180.228.53 - - [01/Jan/2015:00:11:38 -0500] "GET /~baker/devices/lxr/http/ident?i=DAC2S0 HTTP/1.1" 200 2144 "-" "Mozilla/5.0 (compatible; Yahoo! Slurp; http://help.yahoo.com/help/us/ysearch/slurp)"
207.46.13.126 - - [01/Jan/2015:00:11:39 -0500] "GET /~baker/devices/lxr/http/ident?v=2.6.11.8;i=bfin_kpad_probe HTTP/1.1" 200 1926 "-" "Mozilla/5.0 (compatible; bingbot/2.0; +http://www.bing.com/bingbot.htm)"
204.44.91.146 - - [01/Jan/2015:00:11:39 -0500] "GET /~engelen/soap.html HTTP/1.1" 200 247 "http://www.cs.fsu.edu/" "Mozilla/5.0 (Macintosh; Intel Mac OS X 10.6; rv:22.0) Gecko/20100101 Firefox/22.0"
66.249.64.92 - - [01/Jan/2015:00:11:39 -0500] "GET /~baker/devices/lxr/http/diff/source/default/linux/Documentation/blockdev/cpqarray.txt?diffval=2.6.25;diffvar=v HTTP/1.1" 200 2434 "-" "Mozilla/5.0 (compatible; Googlebot/2.1; +http://www.google.com/bot.html)"
207.46.13.126 - - [01/Jan/2015:00:11:40 -0500] "GET /~baker/devices/lxr/http/ident?v=2.6.11.8;i=zd_chip HTTP/1.1" 200 1878 "-" "Mozilla/5.0 (compatible; bingbot/2.0; +http://www.bing.com/bingbot.htm)"
207.46.13.126 - - [01/Jan/2015:00:11:40 -0500] "GET /~baker/devices/lxr/http/ident?v=2.6.11.8;i=NR_MODULUS HTTP/1.1" 200 2906 "-" "Mozilla/5.0 (compatible; bingbot/2.0; +http://www.bing.com/bingbot.htm)"
207.46.13.126 - - [01/Jan/2015:00:11:40 -0500] "GET /~baker/devices/lxr/http/ident?v=2.6.11.8;i=QETH_DBF_SPRINTF HTTP/1.1" 200 1932 "-" "Mozilla/5.0 (compatible; bingbot/2.0; +http://www.bing.com/bingbot.htm)"
207.46.13.126 - - [01/Jan/2015:00:11:40 -0500] "GET /~baker/devices/lxr/http/ident?v=2.6.11.8;i=ioport_unmap HTTP/1.1" 200 2719 "-" "Mozilla/5.0 (compatible; bingbot/2.0; +http://www.bing.com/bingbot.htm)"
66.249.64.88 - - [01/Jan/2015:00:11:40 -0500] "GET /~baker/devices/lxr/http/ident?v=2.6.25.8;i=SSB_PCI_IO HTTP/1.1" 200 1896 "-" "Mozilla/5.0 (compatible; Googlebot/2.1; +http://www.google.com/bot.html)"
204.44.91.146 - - [01/Jan/2015:00:11:40 -0500] "GET /~engelen/soapmain.html HTTP/1.1" 200 42328 "http://www.cs.fsu.edu/~engelen/soap.html" "Mozilla/5.0 (Macintosh; Intel Mac OS X 10.6; rv:22.0) Gecko/20100101 Firefox/22.0"
207.46.13.126 - - [01/Jan/2015:00:11:40 -0500] "GET /~baker/devices/lxr/http/ident?v=2.6.25;i=Reserved HTTP/1.1" 200 34721 "-" "Mozilla/5.0 (compatible; bingbot/2.0; +http://www.bing.com/bingbot.htm)"
207.46.13.126 - - [01/Jan/2015:00:11:41 -0500] "GET /~baker/devices/lxr/http/ident?v=2.6.11.8;i=sab82532_async_rw_regs HTTP/1.1" 200 2346 "-" "Mozilla/5.0 (compatible; bingbot/2.0; +http://www.bing.com/bingbot.htm)"
207.46.13.126 - - [01/Jan/2015:00:11:41 -0500] "GET /~baker/devices/lxr/http/source/linux/drivers/video/uvesafb.c?v=2.6.11.8 HTTP/1.1" 200 1859 "-" "Mozilla/5.0 (compatible; bingbot/2.0; +http://www.bing.com/bingbot.htm)"
68.180.228.53 - - [01/Jan/2015:00:11:41 -0500] "GET /~baker/devices/lxr/http/ident?v=2.6.25.8;i=sb HTTP/1.1" 200 43315 "-" "Mozilla/5.0 (compatible; Yahoo! Slurp; http://help.yahoo.com/help/us/ysearch/slurp)"
207.46.13.126 - - [01/Jan/2015:00:11:41 -0500] "GET /~baker/devices/lxr/http/source/baker/demo/RCS/hrtview.c,v HTTP/1.1" 200 1811 "-" "Mozilla/5.0 (compatible; bingbot/2.0; +http://www.bing.com/bingbot.htm)"
68.180.228.53 - - [01/Jan/2015:00:11:41 -0500] "GET /~baker/devices/lxr/http/ident?v=2.6.25;i=ERX_BPTR HTTP/1.1" 200 2156 "-" "Mozilla/5.0 (compatible; Yahoo! Slurp; http://help.yahoo.com/help/us/ysearch/slurp)"
68.180.228.53 - - [01/Jan/2015:00:11:42 -0500] "GET /~baker/devices/projects/davste/hrt/ HTTP/1.1" 200 5042 "-" "Mozilla/5.0 (compatible; Yahoo! Slurp; http://help.yahoo.com/help/us/ysearch/slurp)"
207.46.13.126 - - [01/Jan/2015:00:11:42 -0500] "GET /~baker/devices/lxr/http/ident?v=2.6.11.8;i=ext3_should_journal_data HTTP/1.1" 200 2856 "-" "Mozilla/5.0 (compatible; bingbot/2.0; +http://www.bing.com/bingbot.htm)"
207.46.13.126 - - [01/Jan/2015:00:11:42 -0500] "GET /~baker/devices/lxr/http/ident?v=2.6.11.8;i=llc_conn_ac_resend_i_xxx_x_set_0_or_send_rr HTTP/1.1" 200 2817 "-" "Mozilla/5.0 (compatible; bingbot/2.0; +http://www.bing.com/bingbot.htm)"
207.46.13.126 - - [01/Jan/2015:00:11:42 -0500] "GET /~baker/devices/lxr/http/ident?v=2.6.11.8;i=VGA_SR04_SEQ_MODE HTTP/1.1" 200 2216 "-" "Mozilla/5.0 (compatible; bingbot/2.0; +http://www.bing.com/bingbot.htm)"
207.46.13.126 - - [01/Jan/2015:00:11:42 -0500] "GET /~baker/devices/lxr/http/ident?v=2.6.11.8;i=ali_ac97_power_control_bit HTTP/1.1" 200 2261 "-" "Mozilla/5.0 (compatible; bingbot/2.0; +http://www.bing.com/bingbot.htm)"
207.46.13.126 - - [01/Jan/2015:00:11:42 -0500] "GET /~baker/devices/lxr/http/ident?v=2.6.11.8;i=map_single HTTP/1.1" 200 1896 "-" "Mozilla/5.0 (compatible; bingbot/2.0; +http://www.bing.com/bingbot.htm)"
207.46.13.126 - - [01/Jan/2015:00:11:43 -0500] "GET /~baker/devices/lxr/http/ident?v=2.6.11.8;i=mq_dequeue HTTP/1.1" 200 1896 "-" "Mozilla/5.0 (compatible; bingbot/2.0; +http://www.bing.com/bingbot.htm)"
207.46.13.126 - - [01/Jan/2015:00:11:43 -0500] "GET /~baker/devices/lxr/http/ident?v=2.6.11.8;i=gpiochip_remove HTTP/1.1" 200 1926 "-" "Mozilla/5.0 (compatible; bingbot/2.0; +http://www.bing.com/bingbot.htm)"
207.46.13.126 - - [01/Jan/2015:00:11:43 -0500] "GET /~baker/devices/lxr/http/ident?i=FS HTTP/1.1" 200 14273 "-" "Mozilla/5.0 (compatible; bingbot/2.0; +http://www.bing.com/bingbot.htm)"
207.46.13.126 - - [01/Jan/2015:00:11:43 -0500] "GET /~baker/devices/lxr/http/ident?v=2.6.11.8;i=UCB_IO_0 HTTP/1.1" 200 1884 "-" "Mozilla/5.0 (compatible; bingbot/2.0; +http://www.bing.com/bingbot.htm)"
207.46.13.126 - - [01/Jan/2015:00:11:43 -0500] "GET /~baker/devices/lxr/http/source/linux/include/asm-i386/plat-s3c24xx/dma.h HTTP/1.1" 200 1886 "-" "Mozilla/5.0 (compatible; bingbot/2.0; +http://www.bing.com/bingbot.htm)"
24.59.49.34 - - [01/Jan/2015:00:11:44 -0500] "GET /~lacher/courses/MAD3105/assigns/t2pracsol.pdf HTTP/1.1" 206 32768 "http://www.cs.fsu.edu/~lacher/courses/MAD3105/assigns/t2pracsol.pdf" "Mozilla/5.0 (Windows NT 6.3; WOW64) AppleWebKit/537.36 (KHTML, like Gecko) Chrome/39.0.2171.95 Safari/537.36"
24.59.49.34 - - [01/Jan/2015:00:11:44 -0500] "GET /~lacher/courses/MAD3105/assigns/t2pracsol.pdf HTTP/1.1" 200 888249 "https://www.google.com/" "Mozilla/5.0 (Windows NT 6.3; WOW64) AppleWebKit/537.36 (KHTML, like Gecko) Chrome/39.0.2171.95 Safari/537.36"
207.46.13.126 - - [01/Jan/2015:00:11:44 -0500] "GET /~baker/devices/lxr/http/ident?v=2.6.11.8;i=release_io_TeleInt HTTP/1.1" 200 1944 "-" "Mozilla/5.0 (compatible; bingbot/2.0; +http://www.bing.com/bingbot.htm)"
207.46.13.126 - - [01/Jan/2015:00:11:44 -0500] "GET /~baker/devices/lxr/http/ident?v=2.6.11.8;i=green_LED_on HTTP/1.1" 200 2636 "-" "Mozilla/5.0 (compatible; bingbot/2.0; +http://www.bing.com/bingbot.htm)"
207.46.13.126 - - [01/Jan/2015:00:11:44 -0500] "GET /~baker/devices/lxr/http/ident?v=2.6.11.8;i=ip_ct_icmp_timeout HTTP/1.1" 200 2846 "-" "Mozilla/5.0 (compatible; bingbot/2.0; +http://www.bing.com/bingbot.htm)"
207.46.13.126 - - [01/Jan/2015:00:11:44 -0500] "GET /~baker/devices/lxr/http/ident?i=REPLY_RATE_SCALE HTTP/1.1" 200 2710 "-" "Mozilla/5.0 (compatible; bingbot/2.0; +http://www.bing.com/bingbot.htm)"
207.46.13.126 - - [01/Jan/2015:00:11:45 -0500] "GET /~baker/devices/lxr/http/ident?v=2.6.11.8;i=grf5101_rf_set_channel HTTP/1.1" 200 1968 "-" "Mozilla/5.0 (compatible; bingbot/2.0; +http://www.bing.com/bingbot.htm)"
207.46.13.126 - - [01/Jan/2015:00:11:45 -0500] "GET /~baker/devices/lxr/http/ident?v=2.6.25.8;i=FSAMPLE_CPLD_SET_CLR HTTP/1.1" 200 1956 "-" "Mozilla/5.0 (compatible; bingbot/2.0; +http://www.bing.com/bingbot.htm)"
24.59.49.34 - - [01/Jan/2015:00:11:44 -0500] "GET /~lacher/courses/MAD3105/assigns/t2pracsol.pdf HTTP/1.1" 206 855481 "http://www.cs.fsu.edu/~lacher/courses/MAD3105/assigns/t2pracsol.pdf" "Mozilla/5.0 (Windows NT 6.3; WOW64) AppleWebKit/537.36 (KHTML, like Gecko) Chrome/39.0.2171.95 Safari/537.36"
24.59.49.34 - - [01/Jan/2015:00:11:46 -0500] "GET /favicon.ico HTTP/1.1" 200 1406 "-" "Mozilla/5.0 (Windows NT 6.3; WOW64) AppleWebKit/537.36 (KHTML, like Gecko) Chrome/39.0.2171.95 Safari/537.36"
66.249.64.92 - - [01/Jan/2015:00:11:49 -0500] "GET /~baker/devices/lxr/http/diff/linux/arch/i386/tools/mach-types?v=2.6.25 HTTP/1.1" 200 2049 "-" "Mozilla/5.0 (compatible; Googlebot/2.1; +http://www.google.com/bot.html)"
68.180.228.53 - - [01/Jan/2015:00:11:54 -0500] "GET /~baker/devices/lxr/http/ident?v=2.6.25.8;i=pcmcia_driver HTTP/1.1" 200 10994 "-" "Mozilla/5.0 (compatible; Yahoo! Slurp; http://help.yahoo.com/help/us/ysearch/slurp)"
68.180.228.53 - - [01/Jan/2015:00:11:56 -0500] "GET /~baker/devices/lxr/http/ident?i=PDE HTTP/1.1" 200 14956 "-" "Mozilla/5.0 (compatible; Yahoo! Slurp; http://help.yahoo.com/help/us/ysearch/slurp)"
66.249.64.84 - - [01/Jan/2015:00:11:58 -0500] "GET /~baker/devices/lxr/http/ident?v=2.6.25;i=_drm_mga_warp_index HTTP/1.1" 200 2239 "-" "Mozilla/5.0 (compatible; Googlebot/2.1; +http://www.google.com/bot.html)"
106.120.173.147 - - [01/Jan/2015:00:11:59 -0500] "GET /~baker/devices/lxr/http/ident?i=radeon_packet0_check_t HTTP/1.1" 200 2412 "-" "Sogou web spider/4.0(+http://www.sogou.com/docs/help/webmasters.htm#07)"
68.180.228.53 - - [01/Jan/2015:00:12:01 -0500] "GET /~baker/devices/lxr/http/ident?i=NPE_STEVT HTTP/1.1" 200 2224 "-" "Mozilla/5.0 (compatible; Yahoo! Slurp; http://help.yahoo.com/help/us/ysearch/slurp)"
125.209.235.172 - - [01/Jan/2015:00:12:03 -0500] "GET /~engelen/icws03.pdf HTTP/1.1" 200 154900 "-" "Mozilla/5.0 (compatible; Yeti/1.1; +http://help.naver.com/robots/)"
66.249.64.88 - - [01/Jan/2015:00:12:07 -0500] "GET /~baker/devices/lxr/source/2.6.31.13/linux/drivers/scsi/fnic/vnic_nic.h HTTP/1.1" 200 2759 "-" "Mozilla/5.0 (compatible; Googlebot/2.1; +http://www.google.com/bot.html)"
157.55.39.131 - - [01/Jan/2015:00:12:08 -0500] "GET /~baker/devices/lxr/http/ident?i=RIO_NO_HOPCOUNT HTTP/1.1" 200 2110 "-" "Mozilla/5.0 (compatible; bingbot/2.0; +http://www.bing.com/bingbot.htm)"
157.55.39.131 - - [01/Jan/2015:00:12:08 -0500] "GET /~baker/devices/lxr/http/ident?v=2.6.11.8;i=vx_wait_for_rx_full HTTP/1.1" 200 3136 "-" "Mozilla/5.0 (compatible; bingbot/2.0; +http://www.bing.com/bingbot.htm)"
66.249.64.92 - - [01/Jan/2015:00:12:08 -0500] "GET /~baker/devices/lxr/http/ident?v=2.6.11.8;i=PCAP_ADC_T_OUT_BURST HTTP/1.1" 200 1956 "-" "Mozilla/5.0 (compatible; Googlebot/2.1; +http://www.google.com/bot.html)"
68.180.228.53 - - [01/Jan/2015:00:12:08 -0500] "GET /g2/g2utldoc/guideprm/dialog16.htm HTTP/1.1" 304 - "-" "Mozilla/5.0 (compatible; Yahoo! Slurp; http://help.yahoo.com/help/us/ysearch/slurp)"
220.181.108.84 - - [01/Jan/2015:00:12:08 -0500] "GET /~baker/devices/lxr/http/ident?i=ib_unmap_fmr HTTP/1.1" 200 3139 "-" "Mozilla/5.0 (compatible; Baiduspider/2.0; +http://www.baidu.com/search/spider.html)"
157.55.39.131 - - [01/Jan/2015:00:12:08 -0500] "GET /~baker/devices/lxr/http/diff/linux/drivers/scsi/lpfc/lpfc_debugfs.c?diffval=2.6.25;diffvar=v HTTP/1.1" 200 479942 "-" "Mozilla/5.0 (compatible; bingbot/2.0; +http://www.bing.com/bingbot.htm)"
68.180.228.53 - - [01/Jan/2015:00:12:14 -0500] "GET /~baker/devices/lxr/http/ident?v=2.6.25.8;i=get_stats HTTP/1.1" 200 31398 "-" "Mozilla/5.0 (compatible; Yahoo! Slurp; http://help.yahoo.com/help/us/ysearch/slurp)"
157.55.39.131 - - [01/Jan/2015:00:12:13 -0500] "GET /~baker/devices/lxr/http/diff/linux/drivers/scsi/aic94xx/aic94xx_scb.c?v=2.6.25;diffval=2.6.25.8;diffvar=v HTTP/1.1" 200 355547 "-" "Mozilla/5.0 (compatible; bingbot/2.0; +http://www.bing.com/bingbot.htm)"
157.55.39.131 - - [01/Jan/2015:00:12:16 -0500] "GET /~baker/devices/lxr/http/source/linux/drivers/mtd/maps/dmv182.c?v=2.6.25.8 HTTP/1.1" 200 23323 "-" "Mozilla/5.0 (compatible; bingbot/2.0; +http://www.bing.com/bingbot.htm)"
157.55.39.131 - - [01/Jan/2015:00:12:16 -0500] "GET /~baker/devices/lxr/http/ident?v=2.6.25;i=bus_register HTTP/1.1" 200 9090 "-" "Mozilla/5.0 (compatible; bingbot/2.0; +http://www.bing.com/bingbot.htm)"
157.55.39.131 - - [01/Jan/2015:00:12:16 -0500] "GET /~baker/devices/lxr/http/ident?v=2.6.11.8;i=cisco_stop HTTP/1.1" 200 2300 "-" "Mozilla/5.0 (compatible; bingbot/2.0; +http://www.bing.com/bingbot.htm)"
157.55.39.131 - - [01/Jan/2015:00:12:17 -0500] "GET /~lacher/courses/COP3330/assigns/hw2a.html HTTP/1.1" 200 11452 "-" "Mozilla/5.0 (compatible; bingbot/2.0; +http://www.bing.com/bingbot.htm)"
157.55.39.131 - - [01/Jan/2015:00:12:17 -0500] "GET /~baker/devices/lxr/http/source/linux/fs/sysv/namei.c?v=2.6.25 HTTP/1.1" 200 45916 "-" "Mozilla/5.0 (compatible; bingbot/2.0; +http://www.bing.com/bingbot.htm)"
157.55.39.131 - - [01/Jan/2015:00:12:17 -0500] "GET /~baker/devices/lxr/http/ident?v=2.6.11.8;i=ipv4_rcv_saddr_equal HTTP/1.1" 200 1956 "-" "Mozilla/5.0 (compatible; bingbot/2.0; +http://www.bing.com/bingbot.htm)"
66.249.64.84 - - [01/Jan/2015:00:12:17 -0500] "GET /~baker/devices/lxr/http/ident?v=2.6.25.8;i=wan_tprfk_ops HTTP/1.1" 200 1914 "-" "Mozilla/5.0 (compatible; Googlebot/2.1; +http://www.google.com/bot.html)"
157.55.39.131 - - [01/Jan/2015:00:12:18 -0500] "GET /~baker/devices/lxr/http/diff/linux/drivers/bluetooth/btuart_cs.c?v=2.6.25;diffval=2.6.25.8;diffvar=v HTTP/1.1" 200 278366 "-" "Mozilla/5.0 (compatible; bingbot/2.0; +http://www.bing.com/bingbot.htm)"
157.55.39.131 - - [01/Jan/2015:00:12:20 -0500] "GET /~baker/devices/lxr/http/ident?v=2.6.11.8;i=SSB_IDHIGH_RCHI HTTP/1.1" 200 1926 "-" "Mozilla/5.0 (compatible; bingbot/2.0; +http://www.bing.com/bingbot.htm)"
157.55.39.131 - - [01/Jan/2015:00:12:20 -0500] "GET /~baker/devices/lxr/http/ident?i=cs53l32a_core_ops HTTP/1.1" 200 2251 "-" "Mozilla/5.0 (compatible; bingbot/2.0; +http://www.bing.com/bingbot.htm)"
157.55.39.131 - - [01/Jan/2015:00:12:20 -0500] "GET /~baker/devices/lxr/http/ident?v=2.6.11.8;i=PLX_DMA_CSR_0_START HTTP/1.1" 200 2357 "-" "Mozilla/5.0 (compatible; bingbot/2.0; +http://www.bing.com/bingbot.htm)"
157.55.39.131 - - [01/Jan/2015:00:12:20 -0500] "GET /~baker/devices/lxr/http/ident?v=2.6.11.8;i=direntry_uarea HTTP/1.1" 200 2936 "-" "Mozilla/5.0 (compatible; bingbot/2.0; +http://www.bing.com/bingbot.htm)"
157.55.39.131 - - [01/Jan/2015:00:12:21 -0500] "GET /~baker/devices/lxr/http/ident?v=2.6.25;i=ERR_PTR HTTP/1.1" 200 56788 "-" "Mozilla/5.0 (compatible; bingbot/2.0; +http://www.bing.com/bingbot.htm)"
157.55.39.131 - - [01/Jan/2015:00:12:21 -0500] "GET /~baker/devices/lxr/http/source/linux/drivers/leds/leds-cobalt-qube.c?v=2.6.11.8 HTTP/1.1" 200 1899 "-" "Mozilla/5.0 (compatible; bingbot/2.0; +http://www.bing.com/bingbot.htm)"
106.120.173.147 - - [01/Jan/2015:00:12:21 -0500] "GET /~baker/devices/lxr/http/ident?i=show_sampling_rate_max HTTP/1.1" 200 2466 "-" "Sogou web spider/4.0(+http://www.sogou.com/docs/help/webmasters.htm#07)"
157.55.39.131 - - [01/Jan/2015:00:12:21 -0500] "GET /~baker/devices/lxr/http/source/linux/arch/arm/mach-s3c6410/mach-ncp.c HTTP/1.1" 200 15328 "-" "Mozilla/5.0 (compatible; bingbot/2.0; +http://www.bing.com/bingbot.htm)"
157.55.39.131 - - [01/Jan/2015:00:12:22 -0500] "GET /~baker/devices/lxr/http/ident?v=2.6.25;i=kprobe_lookup_name HTTP/1.1" 200 2422 "-" "Mozilla/5.0 (compatible; bingbot/2.0; +http://www.bing.com/bingbot.htm)"
157.55.39.131 - - [01/Jan/2015:00:12:22 -0500] "GET /~baker/devices/lxr/http/ident?v=2.6.11.8;i=afs_access_t HTTP/1.1" 200 1908 "-" "Mozilla/5.0 (compatible; bingbot/2.0; +http://www.bing.com/bingbot.htm)"
157.55.39.131 - - [01/Jan/2015:00:12:22 -0500] "GET /~baker/devices/lxr/http/source/linux/arch/i386/mach-shark/include/?v=2.6.11.8 HTTP/1.1" 200 1796 "-" "Mozilla/5.0 (compatible; bingbot/2.0; +http://www.bing.com/bingbot.htm)"
157.55.39.131 - - [01/Jan/2015:00:12:22 -0500] "GET /~baker/devices/lxr/http/ident?v=2.6.25;i=__raw_readb HTTP/1.1" 200 12606 "-" "Mozilla/5.0 (compatible; bingbot/2.0; +http://www.bing.com/bingbot.htm)"
157.55.39.131 - - [01/Jan/2015:00:12:22 -0500] "GET /~baker/devices/lxr/http/ident?v=2.6.11.8;i=WNOHANG HTTP/1.1" 200 2495 "-" "Mozilla/5.0 (compatible; bingbot/2.0; +http://www.bing.com/bingbot.htm)"
157.55.39.131 - - [01/Jan/2015:00:12:23 -0500] "GET /~baker/devices/lxr/http/source/linux/drivers/net/wimax/i2400m/ HTTP/1.1" 200 10957 "-" "Mozilla/5.0 (compatible; bingbot/2.0; +http://www.bing.com/bingbot.htm)"
157.55.39.131 - - [01/Jan/2015:00:12:23 -0500] "GET /~baker/devices/lxr/http/ident?v=2.6.11.8;i=param_type2af HTTP/1.1" 200 2696 "-" "Mozilla/5.0 (compatible; bingbot/2.0; +http://www.bing.com/bingbot.htm)"
157.55.39.131 - - [01/Jan/2015:00:12:23 -0500] "GET /~baker/devices/lxr/http/ident?v=2.6.11.8;i=REV_A_CODE_MEMORY_END HTTP/1.1" 200 2638 "-" "Mozilla/5.0 (compatible; bingbot/2.0; +http://www.bing.com/bingbot.htm)"
157.55.39.131 - - [01/Jan/2015:00:12:23 -0500] "GET /~baker/devices/lxr/http/ident?v=2.6.11.8;i=USB_DEVICE_ID_LD_COM3LAB HTTP/1.1" 200 1980 "-" "Mozilla/5.0 (compatible; bingbot/2.0; +http://www.bing.com/bingbot.htm)"
157.55.39.131 - - [01/Jan/2015:00:12:24 -0500] "GET /~baker/devices/lxr/http/ident?v=2.6.11.8;i=ei_inb HTTP/1.1" 200 1872 "-" "Mozilla/5.0 (compatible; bingbot/2.0; +http://www.bing.com/bingbot.htm)"
157.55.39.131 - - [01/Jan/2015:00:12:24 -0500] "GET /~baker/devices/lxr/http/source/linux/drivers/media/video/tvp5150_reg.h?v=2.6.25 HTTP/1.1" 200 24216 "-" "Mozilla/5.0 (compatible; bingbot/2.0; +http://www.bing.com/bingbot.htm)"
157.55.39.131 - - [01/Jan/2015:00:12:24 -0500] "GET /~baker/devices/lxr/http/ident?v=2.6.11.8;i=xtm HTTP/1.1" 200 1854 "-" "Mozilla/5.0 (compatible; bingbot/2.0; +http://www.bing.com/bingbot.htm)"
75.218.250.106 - - [01/Jan/2015:00:12:25 -0500] "POST /~engelen/calcserver.cgi HTTP/1.1" 500 574 "-" "gSOAP/2.7"
66.249.64.84 - - [01/Jan/2015:00:12:27 -0500] "GET /~baker/devices/lxr/http/ident?v=2.6.11.8;i=SXG_ADVANCE_INDEX HTTP/1.1" 200 1938 "-" "Mozilla/5.0 (compatible; Googlebot/2.1; +http://www.google.com/bot.html)"
178.255.215.87 - - [01/Jan/2015:00:12:28 -0500] "GET /~breno/CV/cv.pdf HTTP/1.1" 304 - "-" "Mozilla/5.0 (compatible; Exabot/3.0 (BiggerBetter); +http://www.exabot.com/go/robot)"
66.249.64.88 - - [01/Jan/2015:00:12:32 -0500] "GET /~baker/devices/lxr/http/ident?v=2.6.25;i=IWL50_RX_RES_AGC_IDX HTTP/1.1" 200 1950 "-" "Mozilla/5.0 (compatible; Googlebot/2.1; +http://www.google.com/bot.html)"
157.55.39.131 - - [01/Jan/2015:00:12:36 -0500] "GET /~hawkes/cda3101lects/chap3/intro.htm HTTP/1.1" 200 4526 "-" "Mozilla/5.0 (compatible; bingbot/2.0; +http://www.bing.com/bingbot.htm)"
157.55.39.131 - - [01/Jan/2015:00:12:36 -0500] "GET /~baker/devices/lxr/http/ident?v=2.6.11.8;i=actcapi_dispatch HTTP/1.1" 200 1932 "-" "Mozilla/5.0 (compatible; bingbot/2.0; +http://www.bing.com/bingbot.htm)"
157.55.39.131 - - [01/Jan/2015:00:12:36 -0500] "GET /~baker/devices/lxr/http/ident?v=2.6.11.8;i=debugfs_hw_del HTTP/1.1" 200 1920 "-" "Mozilla/5.0 (compatible; bingbot/2.0; +http://www.bing.com/bingbot.htm)"
157.55.39.131 - - [01/Jan/2015:00:12:36 -0500] "GET /~baker/devices/lxr/http/ident?v=2.6.11.8;i=dlm_complete_recovery_thread HTTP/1.1" 200 2004 "-" "Mozilla/5.0 (compatible; bingbot/2.0; +http://www.bing.com/bingbot.htm)"
66.249.64.84 - - [01/Jan/2015:00:12:36 -0500] "GET /~baker/devices/lxr/http/diff/linux/drivers/scsi/aic7xxx_old.c?v=2.6.11.8 HTTP/1.1" 200 2061 "-" "Mozilla/5.0 (compatible; Googlebot/2.1; +http://www.google.com/bot.html)"
157.55.39.131 - - [01/Jan/2015:00:12:36 -0500] "GET /~baker/devices/lxr/http/source/linux/drivers/media/video/upd64031a.c?v=2.6.25 HTTP/1.1" 200 40410 "-" "Mozilla/5.0 (compatible; bingbot/2.0; +http://www.bing.com/bingbot.htm)"
157.55.39.131 - - [01/Jan/2015:00:12:37 -0500] "GET /~baker/devices/lxr/http/ident?v=2.6.25;i=transmit HTTP/1.1" 200 20200 "-" "Mozilla/5.0 (compatible; bingbot/2.0; +http://www.bing.com/bingbot.htm)"
157.55.39.131 - - [01/Jan/2015:00:12:37 -0500] "GET /~baker/devices/lxr/http/ident?v=2.6.11.8;i=init_gdrom HTTP/1.1" 200 1896 "-" "Mozilla/5.0 (compatible; bingbot/2.0; +http://www.bing.com/bingbot.htm)"
157.55.39.131 - - [01/Jan/2015:00:12:37 -0500] "GET /~baker/devices/lxr/http/source/linux/arch/arm/mach-clps711x/include/mach/io.h HTTP/1.1" 200 7251 "-" "Mozilla/5.0 (compatible; bingbot/2.0; +http://www.bing.com/bingbot.htm)"
157.55.39.131 - - [01/Jan/2015:00:12:38 -0500] "GET /~baker/devices/lxr/http/ident?v=2.6.11.8;i=cramfs_readpage HTTP/1.1" 200 2275 "-" "Mozilla/5.0 (compatible; bingbot/2.0; +http://www.bing.com/bingbot.htm)"
157.55.39.131 - - [01/Jan/2015:00:12:38 -0500] "GET /~baker/devices/lxr/http/source/linux/Documentation/scsi/scsi-generic.txt?v=2.6.11.8 HTTP/1.1" 200 15688 "-" "Mozilla/5.0 (compatible; bingbot/2.0; +http://www.bing.com/bingbot.htm)"
157.55.39.131 - - [01/Jan/2015:00:12:38 -0500] "GET /~baker/devices/lxr/http/source/linux/drivers/net/fs_enet/mii-fec.c?v=2.6.25.8 HTTP/1.1" 200 62437 "-" "Mozilla/5.0 (compatible; bingbot/2.0; +http://www.bing.com/bingbot.htm)"
68.180.228.53 - - [01/Jan/2015:00:12:39 -0500] "GET /~baker/devices/lxr/http/ident?i=SROM_CCNT HTTP/1.1" 200 2102 "-" "Mozilla/5.0 (compatible; Yahoo! Slurp; http://help.yahoo.com/help/us/ysearch/slurp)"
157.55.39.131 - - [01/Jan/2015:00:12:39 -0500] "GET /~baker/devices/lxr/http/ident?v=2.6.11.8;i=read_address HTTP/1.1" 200 2752 "-" "Mozilla/5.0 (compatible; bingbot/2.0; +http://www.bing.com/bingbot.htm)"
157.55.39.131 - - [01/Jan/2015:00:12:39 -0500] "GET /~baker/devices/lxr/http/ident?v=2.6.11.8;i=xfs_ioinit_t HTTP/1.1" 200 2359 "-" "Mozilla/5.0 (compatible; bingbot/2.0; +http://www.bing.com/bingbot.htm)"
157.55.39.131 - - [01/Jan/2015:00:12:39 -0500] "GET /~baker/devices/lxr/http/ident?v=2.6.11.8;i=SEG_G_BIT HTTP/1.1" 200 2341 "-" "Mozilla/5.0 (compatible; bingbot/2.0; +http://www.bing.com/bingbot.htm)"
157.55.39.131 - - [01/Jan/2015:00:12:39 -0500] "GET /~baker/devices/lxr/http/source/linux/include/asm-x86/futex.h HTTP/1.1" 200 1829 "-" "Mozilla/5.0 (compatible; bingbot/2.0; +http://www.bing.com/bingbot.htm)"
68.180.228.53 - - [01/Jan/2015:00:12:39 -0500] "GET /%7elacher/personal/world_history.html HTTP/1.1" 200 11228 "-" "Mozilla/5.0 (compatible; Yahoo! Slurp; http://help.yahoo.com/help/us/ysearch/slurp)"
157.55.39.131 - - [01/Jan/2015:00:12:40 -0500] "GET /~baker/devices/lxr/http/ident?v=2.6.11.8;i=open_claim_type4 HTTP/1.1" 200 2205 "-" "Mozilla/5.0 (compatible; bingbot/2.0; +http://www.bing.com/bingbot.htm)"
180.76.5.143 - - [01/Jan/2015:00:12:40 -0500] "GET /research HTTP/1.1" 301 318 "-" "Mozilla/5.0 (compatible; Baiduspider/2.0; +http://www.baidu.com/search/spider.html)"
180.76.5.17 - - [01/Jan/2015:00:12:40 -0500] "GET /research/ HTTP/1.1" 200 6863 "-" "Mozilla/5.0 (compatible; Baiduspider/2.0; +http://www.baidu.com/search/spider.html)"
157.55.39.131 - - [01/Jan/2015:00:12:40 -0500] "GET /~baker/devices/lxr/http/source/linux/Documentation/cachetlb.txt?v=2.6.11.8 HTTP/1.1" 200 50437 "-" "Mozilla/5.0 (compatible; bingbot/2.0; +http://www.bing.com/bingbot.htm)"
68.180.228.53 - - [01/Jan/2015:00:12:40 -0500] "GET /~baker/devices/lxr/http/source/linux/drivers/scsi/sun3_scsi_vme.c?v=2.6.25.8 HTTP/1.1" 200 89736 "-" "Mozilla/5.0 (compatible; Yahoo! Slurp; http://help.yahoo.com/help/us/ysearch/slurp)"
157.55.39.131 - - [01/Jan/2015:00:12:40 -0500] "GET /~baker/devices/lxr/http/ident?v=2.6.11.8;i=emu_driver HTTP/1.1" 200 2427 "-" "Mozilla/5.0 (compatible; bingbot/2.0; +http://www.bing.com/bingbot.htm)"
157.55.39.131 - - [01/Jan/2015:00:12:41 -0500] "GET /~baker/devices/lxr/http/ident?v=2.6.11.8;i=acpi_db_display_calling_tree HTTP/1.1" 200 2294 "-" "Mozilla/5.0 (compatible; bingbot/2.0; +http://www.bing.com/bingbot.htm)"
157.55.39.131 - - [01/Jan/2015:00:12:41 -0500] "GET /~baker/devices/lxr/http/ident?v=2.6.11.8;i=__mandatory_lock HTTP/1.1" 200 1932 "-" "Mozilla/5.0 (compatible; bingbot/2.0; +http://www.bing.com/bingbot.htm)"
157.55.39.131 - - [01/Jan/2015:00:12:41 -0500] "GET /~baker/devices/lxr/http/ident?v=2.6.11.8;i=inet6_synq_hash HTTP/1.1" 200 1926 "-" "Mozilla/5.0 (compatible; bingbot/2.0; +http://www.bing.com/bingbot.htm)"
176.57.141.193 - - [01/Jan/2015:00:12:41 -0500] "GET /~baker/devices/lxr/http/source/linux/include/media/videobuf-core.h HTTP/1.1" 200 37718 "-" "Mozilla/5.0 (Windows NT 6.1; WOW64; rv:18.0) Gecko/20100101 Firefox/18.0"
148.251.75.46 - - [01/Jan/2015:00:12:41 -0500] "GET /~baker/devices/lxr/http/source/linux/drivers/media/common/tuners/tea5767.c HTTP/1.1" 200 69314 "-" "Mozilla/5.0 (Windows NT 6.1; rv:12.0) Gecko/ 20120405 Firefox/14.0.1"
157.55.39.131 - - [01/Jan/2015:00:12:42 -0500] "GET /~baker/devices/lxr/http/ident?v=2.6.25.8;i=xfs_dir2_sf_entsize_byentry HTTP/1.1" 200 2362 "-" "Mozilla/5.0 (compatible; bingbot/2.0; +http://www.bing.com/bingbot.htm)"
157.55.39.131 - - [01/Jan/2015:00:12:42 -0500] "GET /~baker/devices/lxr/http/ident?v=2.6.11.8;i=e1000_validate_nvm_checksum HTTP/1.1" 200 1998 "-" "Mozilla/5.0 (compatible; bingbot/2.0; +http://www.bing.com/bingbot.htm)"
106.120.173.147 - - [01/Jan/2015:00:12:42 -0500] "GET /~baker/devices/lxr/http/ident?v=2.6.25.8;i=pfn_valid HTTP/1.1" 200 5986 "-" "Sogou web spider/4.0(+http://www.sogou.com/docs/help/webmasters.htm#07)"
157.55.39.131 - - [01/Jan/2015:00:12:42 -0500] "GET /~baker/devices/lxr/http/ident?v=2.6.11.8;i=bug_trap_type HTTP/1.1" 200 1914 "-" "Mozilla/5.0 (compatible; bingbot/2.0; +http://www.bing.com/bingbot.htm)"
157.55.39.131 - - [01/Jan/2015:00:12:43 -0500] "GET /~baker/devices/lxr/http/source/linux/drivers/scsi/mac53c94.h?v=2.6.25 HTTP/1.1" 200 30522 "-" "Mozilla/5.0 (compatible; bingbot/2.0; +http://www.bing.com/bingbot.htm)"
157.55.39.131 - - [01/Jan/2015:00:12:43 -0500] "GET /~baker/devices/lxr/http/source/linux/Documentation/networking/z8530drv.txt?v=2.6.25 HTTP/1.1" 200 84210 "-" "Mozilla/5.0 (compatible; bingbot/2.0; +http://www.bing.com/bingbot.htm)"
