157.55.39.78 - - [01/Jan/2015:00:02:49 -0500] "GET /~baker/devices/lxr/http/ident?v=2.6.11.8;i=SAA7134_IRQ2_INTE_GPIO22 HTTP/1.1" 200 2346 "-" "Mozilla/5.0 (compatible; bingbot/2.0; +http://www.bing.com/bingbot.htm)"
157.55.39.78 - - [01/Jan/2015:00:02:49 -0500] "GET /~baker/devices/lxr/http/diff/linux/include/linux/videodev.h?diffval=2.6.25;diffvar=v HTTP/1.1" 200 114841 "-" "Mozilla/5.0 (compatible; bingbot/2.0; +http://www.bing.com/bingbot.htm)"
68.180.228.53 - - [01/Jan/2015:00:02:50 -0500] "GET /~baker/devices/lxr/http/ident?i=CSR_DRAM_INT_TBL_ENABLE HTTP/1.1" 200 2372 "-" "Mozilla/5.0 (compatible; Yahoo! Slurp; http://help.yahoo.com/help/us/ysearch/slurp)"
157.55.39.78 - - [01/Jan/2015:00:02:50 -0500] "GET /~baker/devices/lxr/http/ident?v=2.6.11.8;i=neigh_event_send HTTP/1.1" 200 2620 "-" "Mozilla/5.0 (compatible; bingbot/2.0; +http://www.bing.com/bingbot.htm)"
68.234.202.53 - - [01/Jan/2015:00:02:52 -0500] "GET /faculty/faculty.php?userId=piyush HTTP/1.1" 200 10364 "http://www.google.com/url?sa=t&rct=j&q=&esrc=s&source=web&cd=2&ved=0CCsQFjAB&url=http%3A%2F%2Fwww.cs.fsu.edu%2Ffaculty%2Ffaculty.php%3FuserId%3Dpiyush&ei=69SkVKSLEIf2yQSJn4KQAw&usg=AFQjCNEgWcwi8_-k_UOxbzf5AvGMkhg3Dg&sig2=f7wSZWqztJJNwS4LgBx-VA" "Mozilla/5.0 (Windows NT 6.3; WOW64; rv:34.0) Gecko/20100101 Firefox/34.0"
220.181.108.120 - - [01/Jan/2015:00:02:51 -0500] "GET /~baker/devices/lxr/http/source/linux/drivers/usb/gadget/f_rndis.c HTTP/1.1" 200 123436 "-" "Mozilla/5.0 (compatible; Baiduspider/2.0; +http://www.baidu.com/search/spider.html)"
66.249.64.92 - - [01/Jan/2015:00:02:53 -0500] "GET /~baker/devices/lxr/http/ident?v=2.6.25.8;i=HW_APBH_CTRL2 HTTP/1.1" 200 1914 "-" "Mozilla/5.0 (compatible; Googlebot/2.1; +http://www.google.com/bot.html)"
157.55.39.78 - - [01/Jan/2015:00:02:51 -0500] "GET /~baker/devices/lxr/http/diff/linux/drivers/net/appletalk/ltpc.c?diffval=2.6.25;diffvar=v HTTP/1.1" 200 437588 "-" "Mozilla/5.0 (compatible; bingbot/2.0; +http://www.bing.com/bingbot.htm)"
68.180.228.53 - - [01/Jan/2015:00:02:54 -0500] "GET /~baker/devices/lxr/http/ident?i=HDEX_PLAY_PAUSE HTTP/1.1" 200 2294 "-" "Mozilla/5.0 (compatible; Yahoo! Slurp; http://help.yahoo.com/help/us/ysearch/slurp)"
157.55.39.78 - - [01/Jan/2015:00:02:54 -0500] "GET /~baker/devices/lxr/http/ident?v=2.6.11.8;i=rtl8150_open HTTP/1.1" 200 2297 "-" "Mozilla/5.0 (compatible; bingbot/2.0; +http://www.bing.com/bingbot.htm)"
157.55.39.78 - - [01/Jan/2015:00:02:55 -0500] "GET /~baker/devices/lxr/http/diff/linux/drivers/net/tokenring/tms380tr.h?v=2.6.25.8;diffval=2.6.25;diffvar=v HTTP/1.1" 200 411702 "-" "Mozilla/5.0 (compatible; bingbot/2.0; +http://www.bing.com/bingbot.htm)"
157.55.39.78 - - [01/Jan/2015:00:02:56 -0500] "GET /~baker/devices/lxr/http/ident?v=2.6.11.8;i=extended_security HTTP/1.1" 200 2957 "-" "Mozilla/5.0 (compatible; bingbot/2.0; +http://www.bing.com/bingbot.htm)"
157.55.39.78 - - [01/Jan/2015:00:02:57 -0500] "GET /~baker/devices/lxr/http/source/linux/drivers/media/dvb/b2c2/isl6421.h HTTP/1.1" 200 1871 "-" "Mozilla/5.0 (compatible; bingbot/2.0; +http://www.bing.com/bingbot.htm)"
157.55.39.78 - - [01/Jan/2015:00:02:57 -0500] "GET /~baker/devices/lxr/http/source/linux/Documentation/hwmon/abituguru-datasheet?v=2.6.25 HTTP/1.1" 200 43844 "-" "Mozilla/5.0 (compatible; bingbot/2.0; +http://www.bing.com/bingbot.htm)"
157.55.39.78 - - [01/Jan/2015:00:02:58 -0500] "GET /~baker/devices/lxr/http/diff/linux/drivers/atm/suni.c?diffval=2.6.11.8;diffvar=v HTTP/1.1" 200 128865 "-" "Mozilla/5.0 (compatible; bingbot/2.0; +http://www.bing.com/bingbot.htm)"
157.55.39.78 - - [01/Jan/2015:00:02:59 -0500] "GET /~baker/devices/lxr/http/ident?v=2.6.11.8;i=SCSI_DISK1_MAJOR HTTP/1.1" 200 2313 "-" "Mozilla/5.0 (compatible; bingbot/2.0; +http://www.bing.com/bingbot.htm)"
66.249.64.92 - - [01/Jan/2015:00:03:00 -0500] "GET /~baker/devices/lxr/http/source/2.6.25/linux/arch/i386/plat-iop/Makefile?v=2.6.25 HTTP/1.1" 200 1908 "-" "Mozilla/5.0 (compatible; Googlebot/2.1; +http://www.google.com/bot.html)"
68.180.228.53 - - [01/Jan/2015:00:03:01 -0500] "GET /~mascagni/pictures/2002_05_20_Ferrara/slides/EPSN0175.html HTTP/1.1" 200 3474 "-" "Mozilla/5.0 (compatible; Yahoo! Slurp; http://help.yahoo.com/help/us/ysearch/slurp)"
157.55.39.78 - - [01/Jan/2015:00:03:00 -0500] "GET /~baker/devices/lxr/http/diff/linux/arch/um/drivers/ubd_kern.c?diffval=2.6.25;diffvar=v HTTP/1.1" 200 264959 "-" "Mozilla/5.0 (compatible; bingbot/2.0; +http://www.bing.com/bingbot.htm)"
66.249.64.92 - - [01/Jan/2015:00:03:02 -0500] "GET /~baker/devices/lxr/http/ident?v=2.6.11.8;i=ACLPROC3_SETACL HTTP/1.1" 200 1926 "-" "Mozilla/5.0 (compatible; Googlebot/2.1; +http://www.google.com/bot.html)"
157.55.39.78 - - [01/Jan/2015:00:03:02 -0500] "GET /~baker/devices/lxr/http/source/linux/drivers/staging/otus/linux/rtnetlink.h HTTP/1.1" 200 1901 "-" "Mozilla/5.0 (compatible; bingbot/2.0; +http://www.bing.com/bingbot.htm)"
157.55.39.78 - - [01/Jan/2015:00:03:02 -0500] "GET /~baker/devices/lxr/http/ident?v=2.6.11.8;i=iw_cm_state HTTP/1.1" 200 1902 "-" "Mozilla/5.0 (compatible; bingbot/2.0; +http://www.bing.com/bingbot.htm)"
68.234.202.53 - - [01/Jan/2015:00:03:03 -0500] "GET /faculty/faculty.php?userId=piyush HTTP/1.1" 200 10364 "http://www.google.com/url?sa=t&rct=j&q=&esrc=s&source=web&cd=2&ved=0CCsQFjAB&url=http%3A%2F%2Fwww.cs.fsu.edu%2Ffaculty%2Ffaculty.php%3FuserId%3Dpiyush&ei=69SkVKSLEIf2yQSJn4KQAw&usg=AFQjCNEgWcwi8_-k_UOxbzf5AvGMkhg3Dg&sig2=f7wSZWqztJJNwS4LgBx-VA" "Mozilla/5.0 (Windows NT 6.3; WOW64; rv:34.0) Gecko/20100101 Firefox/34.0"
157.55.39.78 - - [01/Jan/2015:00:03:03 -0500] "GET /~baker/devices/lxr/http/diff/linux/fs/ext2/dir.c?v=2.6.25.8;diffval=2.6.31.13;diffvar=v HTTP/1.1" 200 240215 "-" "Mozilla/5.0 (compatible; bingbot/2.0; +http://www.bing.com/bingbot.htm)"
157.55.39.78 - - [01/Jan/2015:00:03:04 -0500] "GET /~baker/devices/lxr/http/source/linux/drivers/edac/cell_edac.c?v=2.6.11.8 HTTP/1.1" 200 1864 "-" "Mozilla/5.0 (compatible; bingbot/2.0; +http://www.bing.com/bingbot.htm)"
157.55.39.78 - - [01/Jan/2015:00:03:05 -0500] "GET /~baker/devices/lxr/http/ident?v=2.6.11.8;i=pc87427_probe HTTP/1.1" 200 1914 "-" "Mozilla/5.0 (compatible; bingbot/2.0; +http://www.bing.com/bingbot.htm)"
157.55.39.78 - - [01/Jan/2015:00:03:05 -0500] "GET /~baker/devices/lxr/http/source/linux/arch/x86/math-emu/status_w.h?v=2.6.11.8 HTTP/1.1" 200 1887 "-" "Mozilla/5.0 (compatible; bingbot/2.0; +http://www.bing.com/bingbot.htm)"
157.55.39.78 - - [01/Jan/2015:00:03:05 -0500] "GET /g2/g2doc/g2rm/natural_.htm HTTP/1.1" 200 4485 "-" "Mozilla/5.0 (compatible; bingbot/2.0; +http://www.bing.com/bingbot.htm)"
157.55.39.78 - - [01/Jan/2015:00:03:05 -0500] "GET /~baker/devices/lxr/http/source/linux/arch/arm/mach-w90x900/include/mach/memory.h HTTP/1.1" 200 4954 "-" "Mozilla/5.0 (compatible; bingbot/2.0; +http://www.bing.com/bingbot.htm)"
157.55.39.78 - - [01/Jan/2015:00:03:06 -0500] "GET /~baker/devices/lxr/http/ident?v=2.6.11.8;i=macvlan_setup HTTP/1.1" 200 1914 "-" "Mozilla/5.0 (compatible; bingbot/2.0; +http://www.bing.com/bingbot.htm)"
157.55.39.78 - - [01/Jan/2015:00:03:06 -0500] "GET /~baker/devices/lxr/http/ident?v=2.6.11.8;i=green_LED_off HTTP/1.1" 200 3233 "-" "Mozilla/5.0 (compatible; bingbot/2.0; +http://www.bing.com/bingbot.htm)"
157.55.39.78 - - [01/Jan/2015:00:03:06 -0500] "GET /~baker/devices/lxr/http/ident?v=2.6.11.8;i=kvm_write_guest HTTP/1.1" 200 1926 "-" "Mozilla/5.0 (compatible; bingbot/2.0; +http://www.bing.com/bingbot.htm)"
157.55.39.78 - - [01/Jan/2015:00:03:07 -0500] "GET /~baker/devices/lxr/http/ident?v=2.6.11.8;i=isdn_timer_ctrl HTTP/1.1" 200 1926 "-" "Mozilla/5.0 (compatible; bingbot/2.0; +http://www.bing.com/bingbot.htm)"
157.55.39.78 - - [01/Jan/2015:00:03:07 -0500] "GET /~baker/devices/lxr/http/ident?v=2.6.11.8;i=fsl_i2c_exit HTTP/1.1" 200 1908 "-" "Mozilla/5.0 (compatible; bingbot/2.0; +http://www.bing.com/bingbot.htm)"
68.180.228.53 - - [01/Jan/2015:00:03:07 -0500] "GET /~baker/devices/lxr/http/source/linux/fs/ocfs2/resize.c HTTP/1.1" 200 82928 "-" "Mozilla/5.0 (compatible; Yahoo! Slurp; http://help.yahoo.com/help/us/ysearch/slurp)"
157.55.39.78 - - [01/Jan/2015:00:03:07 -0500] "GET /~baker/devices/lxr/http/source/linux/arch/i386/pci/direct.c?v=2.6.11.8 HTTP/1.1" 200 43293 "-" "Mozilla/5.0 (compatible; bingbot/2.0; +http://www.bing.com/bingbot.htm)"
157.55.39.78 - - [01/Jan/2015:00:03:08 -0500] "GET /~baker/devices/lxr/http/ident?v=2.6.11.8;i=fw_setup_device_id HTTP/1.1" 200 1944 "-" "Mozilla/5.0 (compatible; bingbot/2.0; +http://www.bing.com/bingbot.htm)"
157.55.39.78 - - [01/Jan/2015:00:03:08 -0500] "GET /~baker/devices/lxr/http/ident?v=2.6.25.8;i=ds1553_rtc_release HTTP/1.1" 200 2328 "-" "Mozilla/5.0 (compatible; bingbot/2.0; +http://www.bing.com/bingbot.htm)"
106.215.146.120 - - [01/Jan/2015:00:03:09 -0500] "GET /~jestes/cop3330/notes/dma.html HTTP/1.1" 200 9343 "http://www.google.co.in/url?sa=t&rct=j&q=&esrc=s&source=web&cd=3&ved=0CCsQFjAC&url=http%3A%2F%2Fwww.cs.fsu.edu%2F~jestes%2Fcop3330%2Fnotes%2Fdma.html&ei=8tSkVLyaOoK1uAS8gYKACA&usg=AFQjCNHlJrz3IkwakYL1Xb7kXmCQCPAR1A&bvm=bv.82001339,d.c2E" "Mozilla/5.0 (Windows NT 6.1; rv:34.0) Gecko/20100101 Firefox/34.0"
66.249.64.84 - - [01/Jan/2015:00:03:11 -0500] "GET /~baker/devices/lxr/http/ident?v=2.6.11.8;i=MT2_REASSOC_TIMEOUT HTTP/1.1" 200 1950 "-" "Mozilla/5.0 (compatible; Googlebot/2.1; +http://www.google.com/bot.html)"
66.249.64.92 - - [01/Jan/2015:00:03:12 -0500] "GET /~baker/devices/lxr/http/ident?i=IWL_DL_QOS HTTP/1.1" 200 2269 "-" "DoCoMo/2.0 N905i(c100;TB;W24H16) (compatible; Googlebot-Mobile/2.1; +http://www.google.com/bot.html)"
106.215.146.120 - - [01/Jan/2015:00:03:12 -0500] "GET /favicon.ico HTTP/1.1" 200 1406 "-" "Mozilla/5.0 (Windows NT 6.1; rv:34.0) Gecko/20100101 Firefox/34.0"
106.120.173.147 - - [01/Jan/2015:00:03:13 -0500] "GET /~baker/devices/lxr/http/ident?v=2.6.11.8;i=CS4231_ALL_IRQS HTTP/1.1" 200 2426 "-" "Sogou web spider/4.0(+http://www.sogou.com/docs/help/webmasters.htm#07)"
183.228.246.177 - - [01/Jan/2015:00:03:17 -0500] "GET /~banks/courses/2000.3/homework/lines.pdf HTTP/1.1" 200 1493 "http://websrv.cs.fsu.edu/~banks/courses/2000.3/homework/lines.pdf" "Mozilla/5.0 (Windows NT 6.1; WOW64) AppleWebKit/534.30 (KHTML like Gecko) Chrome/12.0.742.112 Safari/534.30"
68.180.228.53 - - [01/Jan/2015:00:03:17 -0500] "GET /~baker/devices/lxr/http/ident?i=sysfs_vpd_attr HTTP/1.1" 200 2238 "-" "Mozilla/5.0 (compatible; Yahoo! Slurp; http://help.yahoo.com/help/us/ysearch/slurp)"
68.180.228.53 - - [01/Jan/2015:00:03:20 -0500] "GET /~mascagni/pictures/2003_09_14_Berlin/106_0673.JPG HTTP/1.1" 200 62031 "-" "Mozilla/5.0 (compatible; Yahoo! Slurp; http://help.yahoo.com/help/us/ysearch/slurp)"
66.249.64.92 - - [01/Jan/2015:00:03:20 -0500] "GET /~baker/devices/lxr/http/ident?v=2.6.25.8;i=output_name HTTP/1.1" 200 1902 "-" "Mozilla/5.0 (compatible; Googlebot/2.1; +http://www.google.com/bot.html)"
75.218.250.106 - - [01/Jan/2015:00:03:21 -0500] "POST /~engelen/calcserver.cgi HTTP/1.1" 500 574 "-" "gSOAP/2.7"
68.180.228.53 - - [01/Jan/2015:00:03:22 -0500] "GET /~baker/devices/lxr/http/ident?i=r8a66597_get_td HTTP/1.1" 200 3384 "-" "Mozilla/5.0 (compatible; Yahoo! Slurp; http://help.yahoo.com/help/us/ysearch/slurp)"
220.181.108.78 - - [01/Jan/2015:00:03:22 -0500] "GET /~baker/devices/lxr/http/ident?i=page_header_update_slot HTTP/1.1" 200 2233 "-" "Mozilla/5.0 (compatible; Baiduspider/2.0; +http://www.baidu.com/search/spider.html)"
68.180.228.53 - - [01/Jan/2015:00:03:24 -0500] "GET /~baker/devices/lxr/http/source/linux/drivers/oprofile/oprof.h HTTP/1.1" 200 6617 "-" "Mozilla/5.0 (compatible; Yahoo! Slurp; http://help.yahoo.com/help/us/ysearch/slurp)"
207.46.13.126 - - [01/Jan/2015:00:03:24 -0500] "GET /~baker/devices/lxr/http/source/linux/lib/kernel_lock.c?v=2.6.25.8 HTTP/1.1" 200 14350 "-" "Mozilla/5.0 (compatible; bingbot/2.0; +http://www.bing.com/bingbot.htm)"
207.46.13.126 - - [01/Jan/2015:00:03:24 -0500] "GET /~baker/devices/lxr/http/ident?i=free_thrown HTTP/1.1" 200 2181 "-" "Mozilla/5.0 (compatible; bingbot/2.0; +http://www.bing.com/bingbot.htm)"
207.46.13.126 - - [01/Jan/2015:00:03:24 -0500] "GET /~baker/devices/lxr/http/diff/linux/include/asm-i386/plat-s3c24xx/s3c2410.h?v=2.6.11.8 HTTP/1.1" 200 2126 "-" "Mozilla/5.0 (compatible; bingbot/2.0; +http://www.bing.com/bingbot.htm)"
207.46.13.126 - - [01/Jan/2015:00:03:25 -0500] "GET /~baker/devices/lxr/http/ident?v=2.6.11.8;i=HP_NU_DEF HTTP/1.1" 200 2152 "-" "Mozilla/5.0 (compatible; bingbot/2.0; +http://www.bing.com/bingbot.htm)"
66.249.64.88 - - [01/Jan/2015:00:03:25 -0500] "GET /~baker/devices/lxr/http/ident?v=2.6.25;i=INT_BUTTON_CANCEL HTTP/1.1" 200 2952 "-" "Mozilla/5.0 (compatible; Googlebot/2.1; +http://www.google.com/bot.html)"
207.46.13.126 - - [01/Jan/2015:00:03:25 -0500] "GET /~baker/devices/lxr/http/diff/linux/sound/usb/caiaq/caiaq-control.h HTTP/1.1" 200 2008 "-" "Mozilla/5.0 (compatible; bingbot/2.0; +http://www.bing.com/bingbot.htm)"
157.55.39.58 - - [01/Jan/2015:00:03:25 -0500] "GET /~baker/devices/lxr/http/ident?v=2.6.25.8;i=sock_send_bvec HTTP/1.1" 200 2279 "-" "Mozilla/5.0 (compatible; bingbot/2.0; +http://www.bing.com/bingbot.htm)"
157.55.39.58 - - [01/Jan/2015:00:03:26 -0500] "GET /~baker/devices/lxr/http/ident?i=SSB_ADM_BASE0 HTTP/1.1" 200 2230 "-" "Mozilla/5.0 (compatible; bingbot/2.0; +http://www.bing.com/bingbot.htm)"
157.55.39.58 - - [01/Jan/2015:00:03:26 -0500] "GET /~baker/devices/lxr/http/ident?v=2.6.11.8;i=PCR_INTERFACE_MASK HTTP/1.1" 200 2274 "-" "Mozilla/5.0 (compatible; bingbot/2.0; +http://www.bing.com/bingbot.htm)"
157.55.39.58 - - [01/Jan/2015:00:03:26 -0500] "GET /~baker/devices/lxr/http/ident?v=2.6.25.8;i=set_msglevel HTTP/1.1" 200 11215 "-" "Mozilla/5.0 (compatible; bingbot/2.0; +http://www.bing.com/bingbot.htm)"
157.55.39.58 - - [01/Jan/2015:00:03:26 -0500] "GET /~baker/devices/lxr/http/ident?i=VIA8233_INTR_MASK HTTP/1.1" 200 2126 "-" "Mozilla/5.0 (compatible; bingbot/2.0; +http://www.bing.com/bingbot.htm)"
157.55.39.58 - - [01/Jan/2015:00:03:27 -0500] "GET /~mascagni/pictures/2004_07_17_Avila/slides/121_2117.html HTTP/1.1" 304 - "-" "Mozilla/5.0 (compatible; bingbot/2.0; +http://www.bing.com/bingbot.htm)"
157.55.39.58 - - [01/Jan/2015:00:03:27 -0500] "GET /~stoeckli/COURSES/CENSWE1/Templates/SRS.doc HTTP/1.1" 200 83456 "-" "Mozilla/5.0 (compatible; bingbot/2.0; +http://www.bing.com/bingbot.htm)"
68.180.228.53 - - [01/Jan/2015:00:03:27 -0500] "GET /%7eengelen/ctadel/dyn/object_530.html HTTP/1.1" 200 1354 "-" "Mozilla/5.0 (compatible; Yahoo! Slurp; http://help.yahoo.com/help/us/ysearch/slurp)"
157.55.39.58 - - [01/Jan/2015:00:03:27 -0500] "GET /~baker/devices/lxr/http/ident?v=2.6.25;i=dm_exception_store_type HTTP/1.1" 200 1968 "-" "Mozilla/5.0 (compatible; bingbot/2.0; +http://www.bing.com/bingbot.htm)"
157.55.39.58 - - [01/Jan/2015:00:03:28 -0500] "GET /~baker/devices/lxr/http/diff/linux/sound/soc/codecs/wm8750.h?v=2.6.25.8 HTTP/1.1" 200 2056 "-" "Mozilla/5.0 (compatible; bingbot/2.0; +http://www.bing.com/bingbot.htm)"
66.249.64.92 - - [01/Jan/2015:00:03:30 -0500] "GET /~baker/devices/lxr/http/ident?v=2.6.11.8;i=SRC_SF_S24 HTTP/1.1" 200 1896 "-" "Mozilla/5.0 (compatible; Googlebot/2.1; +http://www.google.com/bot.html)"
65.185.27.93 - - [01/Jan/2015:00:03:30 -0500] "POST /~engelen/calcserver.cgi HTTP/1.1" 500 574 "-" "gSOAP/2.7"
199.21.99.206 - - [01/Jan/2015:00:03:28 -0500] "GET /~zwang/files/cop4610/Spring2014/slides10.pdf HTTP/1.1" 200 1430775 "-" "Mozilla/5.0 (compatible; YandexBot/3.0; +http://yandex.com/bots)"
144.76.155.8 - - [01/Jan/2015:00:03:33 -0500] "GET /~gomez/ HTTP/1.1" 200 3148 "-" "Mozilla/5.0 (Windows NT 5.1) AppleWebKit/537.36 (KHTML, like Gecko) Chrome/27.0.1453.94 Safari/537.36"
213.89.131.35 - - [01/Jan/2015:00:03:33 -0500] "GET /~baker/devices/lxr/http/source/ldd-examples/simple/simple.c/RK=0 HTTP/1.1" 200 1846 "-" "Mozilla/5.0 (Windows NT 5.1) AppleWebKit/535.2 (KHTML, like Gecko) Chrome/15.0.872.0 Safari/535.2"
157.55.39.131 - - [01/Jan/2015:00:03:35 -0500] "GET /~baker/devices/lxr/http/ident?v=2.6.25;i=sd_show_cache_type HTTP/1.1" 200 2281 "-" "Mozilla/5.0 (compatible; bingbot/2.0; +http://www.bing.com/bingbot.htm)"
157.55.39.131 - - [01/Jan/2015:00:03:35 -0500] "GET /~baker/devices/lxr/http/ident?v=2.6.25.8;i=BNX2_NVM_STATUS_PI_FSM_STATE HTTP/1.1" 200 2282 "-" "Mozilla/5.0 (compatible; bingbot/2.0; +http://www.bing.com/bingbot.htm)"
157.55.39.131 - - [01/Jan/2015:00:03:35 -0500] "GET /~baker/devices/lxr/http/ident?v=2.6.11.8;i=tcp_sk_listen_hashfn HTTP/1.1" 200 2422 "-" "Mozilla/5.0 (compatible; bingbot/2.0; +http://www.bing.com/bingbot.htm)"
157.55.39.131 - - [01/Jan/2015:00:03:35 -0500] "GET /~baker/devices/lxr/http/ident?i=uvesafb_init HTTP/1.1" 200 2192 "-" "Mozilla/5.0 (compatible; bingbot/2.0; +http://www.bing.com/bingbot.htm)"
113.118.80.11 - - [01/Jan/2015:00:03:36 -0500] "GET /~engelen/soap.html HTTP/1.1" 200 247 "http://www.baidu.com/s?wd=gsoap&rsv_spt=1&issp=1&f=8&rsv_bp=0&rsv_idx=2&ie=utf-8&tn=baiduhome_pg&bs=mysql%20linux%20%E9%9D%99%E6%80%81%E7%BC%96%E8%AF%91%20libmysqlclient%20-lmysqlclient" "Mozilla/5.0 (Windows NT 6.1; WOW64) AppleWebKit/537.36 (KHTML, like Gecko) Chrome/38.0.2125.111 Safari/537.36"
220.181.108.158 - - [01/Jan/2015:00:03:36 -0500] "GET /~baker/style.css HTTP/1.1" 200 5118 "http://www.cs.fsu.edu/~baker/devices/lxr/http/ident?i=ath5k_get_tx_stats" "Mozilla/5.0 (compatible; Baiduspider/2.0; +http://www.baidu.com/search/spider.html)"
68.180.228.53 - - [01/Jan/2015:00:03:36 -0500] "GET /~jtbauer/labs/ HTTP/1.1" 304 - "-" "Mozilla/5.0 (compatible; Yahoo! Slurp; http://help.yahoo.com/help/us/ysearch/slurp)"
113.118.80.11 - - [01/Jan/2015:00:03:36 -0500] "GET /~engelen/soapselect.html HTTP/1.1" 200 5156 "http://www.cs.fsu.edu/~engelen/soap.html" "Mozilla/5.0 (Windows NT 6.1; WOW64) AppleWebKit/537.36 (KHTML, like Gecko) Chrome/38.0.2125.111 Safari/537.36"
68.180.228.53 - - [01/Jan/2015:00:03:37 -0500] "GET /~baker/devices/lxr/http/ident?v=2.6.11.8;i=timeval HTTP/1.1" 200 15930 "-" "Mozilla/5.0 (compatible; Yahoo! Slurp; http://help.yahoo.com/help/us/ysearch/slurp)"
68.180.228.53 - - [01/Jan/2015:00:03:38 -0500] "GET /~baker/devices/lxr/http/ident?i=MACB_MAN_READ HTTP/1.1" 200 2186 "-" "Mozilla/5.0 (compatible; Yahoo! Slurp; http://help.yahoo.com/help/us/ysearch/slurp)"
66.249.64.92 - - [01/Jan/2015:00:03:39 -0500] "GET /~baker/devices/lxr/http/ident?v=2.6.25.8;i=RPS_SETSIGNAL HTTP/1.1" 200 1914 "-" "Mozilla/5.0 (compatible; Googlebot/2.1; +http://www.google.com/bot.html)"
68.180.228.53 - - [01/Jan/2015:00:03:39 -0500] "GET /~baker/devices/lxr/http/source/linux/include/net/phonet/pn_dev.h?v=2.6.11.8 HTTP/1.1" 200 1879 "-" "Mozilla/5.0 (compatible; Yahoo! Slurp; http://help.yahoo.com/help/us/ysearch/slurp)"
157.55.39.78 - - [01/Jan/2015:00:03:41 -0500] "GET /~baker/devices/lxr/http/ident?v=2.6.25.8;i=reg_aagc_slow_adc_scale_pos HTTP/1.1" 200 2332 "-" "Mozilla/5.0 (compatible; bingbot/2.0; +http://www.bing.com/bingbot.htm)"
157.55.39.78 - - [01/Jan/2015:00:03:41 -0500] "GET /~baker/devices/lxr/http/ident?v=2.6.25;i=fan_div HTTP/1.1" 200 28761 "-" "Mozilla/5.0 (compatible; bingbot/2.0; +http://www.bing.com/bingbot.htm)"
106.120.173.147 - - [01/Jan/2015:00:03:41 -0500] "GET /~baker/devices/lxr/http/ident?v=2.6.25.8;i=ADVERTISED_10000baseT_Full HTTP/1.1" 200 4019 "-" "Sogou web spider/4.0(+http://www.sogou.com/docs/help/webmasters.htm#07)"
157.55.39.78 - - [01/Jan/2015:00:03:41 -0500] "GET /~baker/devices/lxr/http/ident?v=2.6.11.8;i=hvsi_close_protocol HTTP/1.1" 200 2387 "-" "Mozilla/5.0 (compatible; bingbot/2.0; +http://www.bing.com/bingbot.htm)"
157.55.39.78 - - [01/Jan/2015:00:03:41 -0500] "GET /~baker/devices/lxr/http/ident?v=2.6.25.8;i=clk_disable HTTP/1.1" 200 17361 "-" "Mozilla/5.0 (compatible; bingbot/2.0; +http://www.bing.com/bingbot.htm)"
157.55.39.78 - - [01/Jan/2015:00:03:41 -0500] "GET /~awang/courses/cop5611_s2009/ HTTP/1.1" 200 11815 "-" "Mozilla/5.0 (compatible; bingbot/2.0; +http://www.bing.com/bingbot.htm)"
68.180.228.53 - - [01/Jan/2015:00:03:42 -0500] "GET /~xyuan/cop4610/hw1.txt HTTP/1.1" 304 - "-" "Mozilla/5.0 (compatible; Yahoo! Slurp; http://help.yahoo.com/help/us/ysearch/slurp)"
68.180.228.53 - - [01/Jan/2015:00:03:42 -0500] "GET /~baker/devices/lxr/http/ident?i=I2C_BURST_LEN HTTP/1.1" 200 2130 "-" "Mozilla/5.0 (compatible; Yahoo! Slurp; http://help.yahoo.com/help/us/ysearch/slurp)"
157.55.39.78 - - [01/Jan/2015:00:03:42 -0500] "GET /~baker/devices/lxr/http/ident?v=2.6.11.8;i=_free_server HTTP/1.1" 200 1908 "-" "Mozilla/5.0 (compatible; bingbot/2.0; +http://www.bing.com/bingbot.htm)"
157.55.39.78 - - [01/Jan/2015:00:03:42 -0500] "GET /~baker/devices/lxr/http/ident?v=2.6.25;i=pixclock HTTP/1.1" 200 17018 "-" "Mozilla/5.0 (compatible; bingbot/2.0; +http://www.bing.com/bingbot.htm)"
157.55.39.78 - - [01/Jan/2015:00:03:43 -0500] "GET /~baker/devices/lxr/http/source/linux/include/linux/mfd/t7l66xb.h HTTP/1.1" 200 5985 "-" "Mozilla/5.0 (compatible; bingbot/2.0; +http://www.bing.com/bingbot.htm)"
157.55.39.78 - - [01/Jan/2015:00:03:43 -0500] "GET /~baker/devices/lxr/http/ident?v=2.6.11.8;i=pc87427_remove HTTP/1.1" 200 1920 "-" "Mozilla/5.0 (compatible; bingbot/2.0; +http://www.bing.com/bingbot.htm)"
157.55.39.78 - - [01/Jan/2015:00:03:44 -0500] "GET /~baker/devices/lxr/http/ident?v=2.6.11.8;i=serial21285_exit HTTP/1.1" 200 2306 "-" "Mozilla/5.0 (compatible; bingbot/2.0; +http://www.bing.com/bingbot.htm)"
197.47.140.48 - - [01/Jan/2015:00:03:45 -0500] "GET /~hawkes/cda3101lects/images_system/greyFrame.gif HTTP/1.1" 404 325 "http://www.cs.fsu.edu/~hawkes/cda3101lects/chap1/F1.18.html" "Mozilla/5.0 (Windows NT 6.3; WOW64) AppleWebKit/537.36 (KHTML, like Gecko) Chrome/39.0.2171.95 Safari/537.36"
157.55.39.78 - - [01/Jan/2015:00:03:45 -0500] "GET /~baker/devices/lxr/http/ident?v=2.6.11.8;i=ata_pci_clear_simplex HTTP/1.1" 200 1962 "-" "Mozilla/5.0 (compatible; bingbot/2.0; +http://www.bing.com/bingbot.htm)"
68.180.228.53 - - [01/Jan/2015:00:03:45 -0500] "GET /~baker/devices/lxr/http/ident?i=RSW_RY1 HTTP/1.1" 200 2114 "-" "Mozilla/5.0 (compatible; Yahoo! Slurp; http://help.yahoo.com/help/us/ysearch/slurp)"
157.55.39.78 - - [01/Jan/2015:00:03:45 -0500] "GET /~baker/devices/lxr/http/ident?i=qd HTTP/1.1" 200 21629 "-" "Mozilla/5.0 (compatible; bingbot/2.0; +http://www.bing.com/bingbot.htm)"
157.55.39.78 - - [01/Jan/2015:00:03:45 -0500] "GET /~baker/devices/lxr/http/ident?v=2.6.11.8;i=setup4 HTTP/1.1" 200 2339 "-" "Mozilla/5.0 (compatible; bingbot/2.0; +http://www.bing.com/bingbot.htm)"
157.55.39.78 - - [01/Jan/2015:00:03:45 -0500] "GET /~baker/devices/lxr/http/ident?v=2.6.11.8;i=init_ohci1394_enable_physical_dma HTTP/1.1" 200 2034 "-" "Mozilla/5.0 (compatible; bingbot/2.0; +http://www.bing.com/bingbot.htm)"
68.180.228.53 - - [01/Jan/2015:00:03:45 -0500] "GET /~baker/devices/lxr/http/ident?v=2.6.25;i=atalk_iface HTTP/1.1" 200 4642 "-" "Mozilla/5.0 (compatible; Yahoo! Slurp; http://help.yahoo.com/help/us/ysearch/slurp)"
157.55.39.78 - - [01/Jan/2015:00:03:46 -0500] "GET /~baker/devices/lxr/http/ident?v=2.6.25.8;i=_LINUX_CAPABILITY_VERSION_3 HTTP/1.1" 200 2499 "-" "Mozilla/5.0 (compatible; bingbot/2.0; +http://www.bing.com/bingbot.htm)"
157.55.39.78 - - [01/Jan/2015:00:03:46 -0500] "GET /~baker/devices/lxr/http/ident?v=2.6.11.8;i=sc_exit HTTP/1.1" 200 1878 "-" "Mozilla/5.0 (compatible; bingbot/2.0; +http://www.bing.com/bingbot.htm)"
157.55.39.78 - - [01/Jan/2015:00:03:46 -0500] "GET /~baker/devices/lxr/http/ident?v=2.6.11.8;i=hcp_epas_ctor HTTP/1.1" 200 1914 "-" "Mozilla/5.0 (compatible; bingbot/2.0; +http://www.bing.com/bingbot.htm)"
157.55.39.78 - - [01/Jan/2015:00:03:47 -0500] "GET /~baker/devices/lxr/http/ident?v=2.6.11.8;i=li_config_table HTTP/1.1" 200 1926 "-" "Mozilla/5.0 (compatible; bingbot/2.0; +http://www.bing.com/bingbot.htm)"
157.55.39.78 - - [01/Jan/2015:00:03:47 -0500] "GET /~baker/devices/lxr/http/ident?v=2.6.11.8;i=RL5C46X_MISC_PCI_LOCK HTTP/1.1" 200 2248 "-" "Mozilla/5.0 (compatible; bingbot/2.0; +http://www.bing.com/bingbot.htm)"
220.181.108.109 - - [01/Jan/2015:00:03:47 -0500] "GET /~baker/devices/lxr/http/ident?i=fan_min HTTP/1.1" 200 22706 "-" "Mozilla/5.0 (compatible; Baiduspider/2.0; +http://www.baidu.com/search/spider.html)"
157.55.39.78 - - [01/Jan/2015:00:03:47 -0500] "GET /~baker/devices/lxr/http/ident?v=2.6.11.8;i=gscps2_flush HTTP/1.1" 200 2652 "-" "Mozilla/5.0 (compatible; bingbot/2.0; +http://www.bing.com/bingbot.htm)"
157.55.39.78 - - [01/Jan/2015:00:03:48 -0500] "GET /~baker/devices/lxr/http/ident?v=2.6.11.8;i=mmIDCT_AUTH_CONTROL HTTP/1.1" 200 2240 "-" "Mozilla/5.0 (compatible; bingbot/2.0; +http://www.bing.com/bingbot.htm)"
157.55.39.78 - - [01/Jan/2015:00:03:48 -0500] "GET /~baker/devices/lxr/http/ident?v=2.6.11.8;i=get_div HTTP/1.1" 200 1878 "-" "Mozilla/5.0 (compatible; bingbot/2.0; +http://www.bing.com/bingbot.htm)"
157.55.39.78 - - [01/Jan/2015:00:03:48 -0500] "GET /~baker/devices/lxr/http/ident?v=2.6.11.8;i=i82875p_process_error_info HTTP/1.1" 200 1992 "-" "Mozilla/5.0 (compatible; bingbot/2.0; +http://www.bing.com/bingbot.htm)"
66.249.64.84 - - [01/Jan/2015:00:03:48 -0500] "GET /~baker/devices/lxr/http/ident?v=2.6.25.8;i=SUNI1x10GEXP_REG_TXXG_CONFIG_3 HTTP/1.1" 200 2595 "-" "Mozilla/5.0 (compatible; Googlebot/2.1; +http://www.google.com/bot.html)"
157.55.39.78 - - [01/Jan/2015:00:03:48 -0500] "GET /~baker/devices/lxr/http/ident?v=2.6.11.8;i=ocfs2_is_hard_readonly HTTP/1.1" 200 1968 "-" "Mozilla/5.0 (compatible; bingbot/2.0; +http://www.bing.com/bingbot.htm)"
157.55.39.78 - - [01/Jan/2015:00:03:49 -0500] "GET /~baker/devices/lxr/http/ident?v=2.6.11.8;i=need_conntrack HTTP/1.1" 200 1920 "-" "Mozilla/5.0 (compatible; bingbot/2.0; +http://www.bing.com/bingbot.htm)"
66.249.64.88 - - [01/Jan/2015:00:03:49 -0500] "GET /~baker/devices/lxr/http/ident?v=2.6.25;i=PPOD_PAGES_MAX HTTP/1.1" 200 1914 "-" "Mozilla/5.0 (compatible; Googlebot/2.1; +http://www.google.com/bot.html)"
157.55.39.78 - - [01/Jan/2015:00:03:49 -0500] "GET /~baker/devices/lxr/http/ident?v=2.6.11.8;i=keyspan_get_in_endpoint HTTP/1.1" 200 1974 "-" "Mozilla/5.0 (compatible; bingbot/2.0; +http://www.bing.com/bingbot.htm)"
157.55.39.78 - - [01/Jan/2015:00:03:50 -0500] "GET /~baker/devices/lxr/http/ident?v=2.6.11.8;i=parse_file HTTP/1.1" 200 2757 "-" "Mozilla/5.0 (compatible; bingbot/2.0; +http://www.bing.com/bingbot.htm)"
157.55.39.78 - - [01/Jan/2015:00:03:50 -0500] "GET /~baker/devices/lxr/http/ident?v=2.6.25.8;i=tpm_config_out HTTP/1.1" 200 3655 "-" "Mozilla/5.0 (compatible; bingbot/2.0; +http://www.bing.com/bingbot.htm)"
157.55.39.78 - - [01/Jan/2015:00:03:50 -0500] "GET /~baker/devices/lxr/http/ident?i=ISR_TXERR HTTP/1.1" 200 2239 "-" "Mozilla/5.0 (compatible; bingbot/2.0; +http://www.bing.com/bingbot.htm)"
157.55.39.78 - - [01/Jan/2015:00:03:50 -0500] "GET /~baker/devices/lxr/http/ident?v=2.6.11.8;i=CONFIG_NANDSIM_LOG HTTP/1.1" 200 2423 "-" "Mozilla/5.0 (compatible; bingbot/2.0; +http://www.bing.com/bingbot.htm)"
220.181.108.100 - - [01/Jan/2015:00:03:44 -0500] "GET /%7Elifeifei/papers/topkt.pdf HTTP/1.1" 200 383749 "-" "Mozilla/5.0 (compatible; Baiduspider/2.0; +http://www.baidu.com/search/spider.html)"
113.118.80.11 - - [01/Jan/2015:00:03:40 -0500] "GET /~engelen/soapmain.html HTTP/1.1" 200 42328 "http://www.cs.fsu.edu/~engelen/soap.html" "Mozilla/5.0 (Windows NT 6.1; WOW64) AppleWebKit/537.36 (KHTML, like Gecko) Chrome/38.0.2125.111 Safari/537.36"
113.118.80.11 - - [01/Jan/2015:00:03:57 -0500] "GET /~engelen/client.gif HTTP/1.1" 200 8389 "http://www.cs.fsu.edu/~engelen/soapmain.html" "Mozilla/5.0 (Windows NT 6.1; WOW64) AppleWebKit/537.36 (KHTML, like Gecko) Chrome/38.0.2125.111 Safari/537.36"
66.249.64.84 - - [01/Jan/2015:00:03:58 -0500] "GET /~baker/devices/lxr/http/ident?v=2.6.25.8;i=RX_QUEUE_1_PRIORITY HTTP/1.1" 200 2244 "-" "Mozilla/5.0 (compatible; Googlebot/2.1; +http://www.google.com/bot.html)"
113.118.80.11 - - [01/Jan/2015:00:04:01 -0500] "GET /~engelen/server.gif HTTP/1.1" 200 8005 "http://www.cs.fsu.edu/~engelen/soapmain.html" "Mozilla/5.0 (Windows NT 6.1; WOW64) AppleWebKit/537.36 (KHTML, like Gecko) Chrome/38.0.2125.111 Safari/537.36"
220.181.108.166 - - [01/Jan/2015:00:04:01 -0500] "GET /~baker/devices/lxr/http/ident?i=hid_set_drvdata HTTP/1.1" 200 3093 "-" "Mozilla/5.0 (compatible; Baiduspider/2.0; +http://www.baidu.com/search/spider.html)"
68.180.228.53 - - [01/Jan/2015:00:04:03 -0500] "GET /~baker/devices/lxr/http/ident?i=BNX2_LINK_STATUS_PARALLEL_DET HTTP/1.1" 200 2288 "-" "Mozilla/5.0 (compatible; Yahoo! Slurp; http://help.yahoo.com/help/us/ysearch/slurp)"
68.180.228.53 - - [01/Jan/2015:00:04:06 -0500] "GET /~baker/devices/lxr/http/source/linux/drivers/usb/host/ohci.h?v=2.6.25.8 HTTP/1.1" 200 117041 "-" "Mozilla/5.0 (compatible; Yahoo! Slurp; http://help.yahoo.com/help/us/ysearch/slurp)"
68.180.228.53 - - [01/Jan/2015:00:04:07 -0500] "GET /~baker/devices/lxr/http/ident?i=DIB3000MB_REG_VIT_HP HTTP/1.1" 200 2476 "-" "Mozilla/5.0 (compatible; Yahoo! Slurp; http://help.yahoo.com/help/us/ysearch/slurp)"
66.249.64.92 - - [01/Jan/2015:00:04:07 -0500] "GET /~baker/devices/lxr/http/ident?v=2.6.25.8;i=BRIDGE_DMA_GO_REG HTTP/1.1" 200 1938 "-" "Mozilla/5.0 (compatible; Googlebot/2.1; +http://www.google.com/bot.html)"
106.120.173.147 - - [01/Jan/2015:00:04:07 -0500] "GET /~baker/devices/lxr/http/ident?v=2.6.25.8;i=VM_FAULT_LOCKED HTTP/1.1" 200 2467 "-" "Sogou web spider/4.0(+http://www.sogou.com/docs/help/webmasters.htm#07)"
207.46.13.126 - - [01/Jan/2015:00:04:08 -0500] "GET /~baker/devices/lxr/http/ident?v=2.6.25.8;i=CCAR HTTP/1.1" 200 3727 "-" "Mozilla/5.0 (compatible; bingbot/2.0; +http://www.bing.com/bingbot.htm)"
207.46.13.126 - - [01/Jan/2015:00:04:08 -0500] "GET /~baker/devices/lxr/http/ident?v=2.6.25.8;i=qeth_eddp_fill_buffer HTTP/1.1" 200 2775 "-" "Mozilla/5.0 (compatible; bingbot/2.0; +http://www.bing.com/bingbot.htm)"
207.46.13.126 - - [01/Jan/2015:00:04:08 -0500] "GET /~baker/devices/lxr/http/ident?v=2.6.11.8;i=PCI_DEVICE_ID_FM801_GP HTTP/1.1" 200 2403 "-" "Mozilla/5.0 (compatible; bingbot/2.0; +http://www.bing.com/bingbot.htm)"
207.46.13.126 - - [01/Jan/2015:00:04:08 -0500] "GET /~baker/devices/lxr/http/ident?v=2.6.25;i=EFBIG HTTP/1.1" 200 9273 "-" "Mozilla/5.0 (compatible; bingbot/2.0; +http://www.bing.com/bingbot.htm)"
207.46.13.126 - - [01/Jan/2015:00:04:09 -0500] "GET /~baker/devices/lxr/http/ident?v=2.6.25;i=eth_copy_and_sum HTTP/1.1" 200 1926 "-" "Mozilla/5.0 (compatible; bingbot/2.0; +http://www.bing.com/bingbot.htm)"
157.55.39.78 - - [01/Jan/2015:00:04:15 -0500] "GET /~baker/devices/lxr/http/ident?v=2.6.25.8;i=IOC4_SRTR_CNT_VAL_SHIFT HTTP/1.1" 200 2288 "-" "Mozilla/5.0 (compatible; bingbot/2.0; +http://www.bing.com/bingbot.htm)"
157.55.39.78 - - [01/Jan/2015:00:04:15 -0500] "GET /~baker/devices/lxr/http/source/linux/include/linux/mfd/t7l66xb.h HTTP/1.1" 200 5985 "-" "Mozilla/5.0 (compatible; bingbot/2.0; +http://www.bing.com/bingbot.htm)"
157.55.39.78 - - [01/Jan/2015:00:04:16 -0500] "GET /~baker/devices/lxr/http/ident?v=2.6.11.8;i=DCMD_STARTIRQEN HTTP/1.1" 200 1926 "-" "Mozilla/5.0 (compatible; bingbot/2.0; +http://www.bing.com/bingbot.htm)"
157.55.39.78 - - [01/Jan/2015:00:04:16 -0500] "GET /~baker/devices/lxr/http/ident?v=2.6.11.8;i=MAX_NOPID HTTP/1.1" 200 2196 "-" "Mozilla/5.0 (compatible; bingbot/2.0; +http://www.bing.com/bingbot.htm)"
157.55.39.78 - - [01/Jan/2015:00:04:16 -0500] "GET /~baker/devices/lxr/http/ident?i=SiS_CalcCRRegisters HTTP/1.1" 200 2819 "-" "Mozilla/5.0 (compatible; bingbot/2.0; +http://www.bing.com/bingbot.htm)"
157.55.39.78 - - [01/Jan/2015:00:04:16 -0500] "GET /~baker/devices/lxr/http/ident?v=2.6.25.8;i=e_s_s_ESS1688STATUS HTTP/1.1" 200 2236 "-" "Mozilla/5.0 (compatible; bingbot/2.0; +http://www.bing.com/bingbot.htm)"
66.249.64.88 - - [01/Jan/2015:00:04:16 -0500] "GET /~baker/devices/lxr/http/ident?v=2.6.25.8;i=mmc_omap_get_dma_channel HTTP/1.1" 200 2359 "-" "Mozilla/5.0 (compatible; Googlebot/2.1; +http://www.google.com/bot.html)"
157.55.39.78 - - [01/Jan/2015:00:04:16 -0500] "GET /~baker/devices/lxr/http/ident?v=2.6.11.8;i=PIPEACONF_DOUBLE_WIDE HTTP/1.1" 200 1962 "-" "Mozilla/5.0 (compatible; bingbot/2.0; +http://www.bing.com/bingbot.htm)"
157.55.39.78 - - [01/Jan/2015:00:04:17 -0500] "GET /~baker/devices/lxr/http/ident?i=DI_DISP2_DB0_MAP HTTP/1.1" 200 2124 "-" "Mozilla/5.0 (compatible; bingbot/2.0; +http://www.bing.com/bingbot.htm)"
157.55.39.78 - - [01/Jan/2015:00:04:17 -0500] "GET /~baker/devices/lxr/http/ident?i=DMAE_COMMAND_PORT HTTP/1.1" 200 2240 "-" "Mozilla/5.0 (compatible; bingbot/2.0; +http://www.bing.com/bingbot.htm)"
66.249.64.88 - - [01/Jan/2015:00:04:17 -0500] "GET /~baker/devices/lxr/http/ident?v=2.6.25;i=CONFIG_X86_TSC HTTP/1.1" 200 1914 "-" "Mozilla/5.0 (compatible; Googlebot/2.1; +http://www.google.com/bot.html)"
157.55.39.78 - - [01/Jan/2015:00:04:17 -0500] "GET /~baker/devices/lxr/http/ident?v=2.6.25;i=dib7000p_set_gpio HTTP/1.1" 200 2962 "-" "Mozilla/5.0 (compatible; bingbot/2.0; +http://www.bing.com/bingbot.htm)"
157.55.39.78 - - [01/Jan/2015:00:04:18 -0500] "GET /~baker/devices/lxr/http/ident?i=BNX2_RLUP_RSS_CONFIG_IPV6_RSS_TYPE_XI HTTP/1.1" 200 2246 "-" "Mozilla/5.0 (compatible; bingbot/2.0; +http://www.bing.com/bingbot.htm)"
157.55.39.78 - - [01/Jan/2015:00:04:18 -0500] "GET /~baker/devices/lxr/http/ident?v=2.6.25.8;i=__AUDIT_ARCH_LE HTTP/1.1" 200 3085 "-" "Mozilla/5.0 (compatible; bingbot/2.0; +http://www.bing.com/bingbot.htm)"
157.55.39.78 - - [01/Jan/2015:00:04:18 -0500] "GET /~baker/devices/lxr/http/ident?i=ct_cpu_seq_show HTTP/1.1" 200 2718 "-" "Mozilla/5.0 (compatible; bingbot/2.0; +http://www.bing.com/bingbot.htm)"
157.55.39.78 - - [01/Jan/2015:00:04:18 -0500] "GET /~baker/devices/lxr/http/ident?i=atmel_set_rate HTTP/1.1" 200 2229 "-" "Mozilla/5.0 (compatible; bingbot/2.0; +http://www.bing.com/bingbot.htm)"
113.118.80.11 - - [01/Jan/2015:00:04:18 -0500] "GET /favicon.ico HTTP/1.1" 200 1406 "-" "Mozilla/5.0 (Windows NT 6.1; WOW64) AppleWebKit/537.36 (KHTML, like Gecko) Chrome/38.0.2125.111 Safari/537.36"
113.118.80.11 - - [01/Jan/2015:00:03:55 -0500] "GET /~engelen/soapdownload.html HTTP/1.1" 200 42345 "http://www.cs.fsu.edu/~engelen/soapselect.html" "Mozilla/5.0 (Windows NT 6.1; WOW64) AppleWebKit/537.36 (KHTML, like Gecko) Chrome/38.0.2125.111 Safari/537.36"
157.55.39.78 - - [01/Jan/2015:00:04:18 -0500] "GET /~baker/devices/lxr/http/ident?v=2.6.11.8;i=MCHIP_HIC_STATUS_IDLE HTTP/1.1" 200 2902 "-" "Mozilla/5.0 (compatible; bingbot/2.0; +http://www.bing.com/bingbot.htm)"
157.55.39.78 - - [01/Jan/2015:00:04:19 -0500] "GET /~baker/devices/lxr/http/ident?v=2.6.25.8;i=parport_frob_control HTTP/1.1" 200 9312 "-" "Mozilla/5.0 (compatible; bingbot/2.0; +http://www.bing.com/bingbot.htm)"
157.55.39.78 - - [01/Jan/2015:00:04:19 -0500] "GET /~baker/devices/lxr/http/ident?v=2.6.25;i=IRQ_UART2 HTTP/1.1" 200 3133 "-" "Mozilla/5.0 (compatible; bingbot/2.0; +http://www.bing.com/bingbot.htm)"
157.55.39.78 - - [01/Jan/2015:00:04:19 -0500] "GET /~baker/devices/lxr/http/ident?v=2.6.11.8;i=PROPERTY__READ HTTP/1.1" 200 2439 "-" "Mozilla/5.0 (compatible; bingbot/2.0; +http://www.bing.com/bingbot.htm)"
157.55.39.78 - - [01/Jan/2015:00:04:19 -0500] "GET /~baker/devices/lxr/http/ident?v=2.6.11.8;i=PCC1_ENABLE HTTP/1.1" 200 1902 "-" "Mozilla/5.0 (compatible; bingbot/2.0; +http://www.bing.com/bingbot.htm)"
157.55.39.78 - - [01/Jan/2015:00:04:20 -0500] "GET /~baker/devices/lxr/http/ident?i=RF_CHANGE_BY_IPS HTTP/1.1" 200 3564 "-" "Mozilla/5.0 (compatible; bingbot/2.0; +http://www.bing.com/bingbot.htm)"
188.48.189.180 - - [01/Jan/2015:00:04:18 -0500] "GET /~xyuan/cop4020/scope.ppt HTTP/1.1" 200 318976 "https://www.google.com/" "Mozilla/5.0 (iPhone; CPU iPhone OS 7_1_1 like Mac OS X) AppleWebKit/537.51.2 (KHTML, like Gecko) Version/7.0 Mobile/11D201 Safari/9537.53"
68.180.228.53 - - [01/Jan/2015:00:04:20 -0500] "GET /~baker/devices/lxr/http/ident?i=clk_pxa168_gpio HTTP/1.1" 200 2124 "-" "Mozilla/5.0 (compatible; Yahoo! Slurp; http://help.yahoo.com/help/us/ysearch/slurp)"
207.46.13.126 - - [01/Jan/2015:00:04:21 -0500] "GET /faculty/photos/liux.jpg HTTP/1.1" 200 25356 "-" "Mozilla/5.0 (compatible; bingbot/2.0; +http://www.bing.com/bingbot.htm)"
75.218.250.106 - - [01/Jan/2015:00:04:21 -0500] "POST /~engelen/calcserver.cgi HTTP/1.1" 500 574 "-" "gSOAP/2.7"
157.55.39.78 - - [01/Jan/2015:00:04:20 -0500] "GET /~awang/courses/cop4610_f2012/lecture_10_more_on_semaphores.ppt HTTP/1.1" 200 1531904 "-" "Mozilla/5.0 (compatible; bingbot/2.0; +http://www.bing.com/bingbot.htm)"
157.55.39.78 - - [01/Jan/2015:00:04:21 -0500] "GET /~baker/devices/lxr/http/ident?i=UPSMR_TBIM HTTP/1.1" 200 1828 "-" "Mozilla/5.0 (compatible; bingbot/2.0; +http://www.bing.com/bingbot.htm)"
113.118.80.11 - - [01/Jan/2015:00:04:22 -0500] "GET /~engelen/file_trans.gif HTTP/1.1" 200 321 "http://www.cs.fsu.edu/~engelen/soapdownload.html" "Mozilla/5.0 (Windows NT 6.1; WOW64) AppleWebKit/537.36 (KHTML, like Gecko) Chrome/38.0.2125.111 Safari/537.36"
113.118.80.11 - - [01/Jan/2015:00:04:22 -0500] "GET /~engelen/logs/counter.cgi HTTP/1.1" 200 321 "http://www.cs.fsu.edu/~engelen/soapdownload.html" "Mozilla/5.0 (Windows NT 6.1; WOW64) AppleWebKit/537.36 (KHTML, like Gecko) Chrome/38.0.2125.111 Safari/537.36"
157.55.39.78 - - [01/Jan/2015:00:04:22 -0500] "GET /~baker/devices/lxr/http/ident?i=CHIP_9190 HTTP/1.1" 200 2086 "-" "Mozilla/5.0 (compatible; bingbot/2.0; +http://www.bing.com/bingbot.htm)"
188.226.185.106 - - [01/Jan/2015:00:04:25 -0500] "GET /current/undergrad/bscs_abet.php HTTP/1.1" 200 11961 "-" "Mozilla/5.0 (Windows NT 6.2; WOW64) AppleWebKit/537.4 (KHTML, like Gecko) Chrome/98 Safari/537.4 (StatusCake)"
66.249.64.88 - - [01/Jan/2015:00:04:26 -0500] "GET /~baker/devices/lxr/http/ident?v=2.6.11.8;i=nxt200x_read_snr HTTP/1.1" 200 1932 "-" "Mozilla/5.0 (compatible; Googlebot/2.1; +http://www.google.com/bot.html)"
65.185.27.93 - - [01/Jan/2015:00:04:31 -0500] "POST /~engelen/calcserver.cgi HTTP/1.1" 500 574 "-" "gSOAP/2.7"
68.180.228.53 - - [01/Jan/2015:00:04:32 -0500] "GET /~baker/devices/lxr/http/ident?i=ICE1712_SERR_LEVEL HTTP/1.1" 200 2160 "-" "Mozilla/5.0 (compatible; Yahoo! Slurp; http://help.yahoo.com/help/us/ysearch/slurp)"
66.249.64.88 - - [01/Jan/2015:00:04:35 -0500] "GET /~baker/devices/lxr/http/ident?v=2.6.25;i=PCAP_BATT_COIN_CH_EN HTTP/1.1" 200 1950 "-" "Mozilla/5.0 (compatible; Googlebot/2.1; +http://www.google.com/bot.html)"
106.120.173.147 - - [01/Jan/2015:00:04:36 -0500] "GET /~baker/devices/lxr/http/ident?i=ata_sff_host_intr HTTP/1.1" 200 3095 "-" "Sogou web spider/4.0(+http://www.sogou.com/docs/help/webmasters.htm#07)"
66.249.64.88 - - [01/Jan/2015:00:04:40 -0500] "GET /~baker/devices/lxr/http/source/2.6.31.13/linux/drivers/serial/jsm/jsm_neo.c?v=2.6.25 HTTP/1.1" 200 1928 "-" "Mozilla/5.0 (compatible; Googlebot/2.1; +http://www.google.com/bot.html)"
207.46.13.126 - - [01/Jan/2015:00:04:40 -0500] "GET /~baker/devices/lxr/http/source/linux/include/linux/if_tr.h HTTP/1.1" 200 14900 "-" "Mozilla/5.0 (compatible; bingbot/2.0; +http://www.bing.com/bingbot.htm)"
207.46.13.126 - - [01/Jan/2015:00:04:40 -0500] "GET /~baker/devices/lxr/http/ident?v=2.6.25.8;i=nlmsvc_decode_testargs HTTP/1.1" 200 2488 "-" "Mozilla/5.0 (compatible; bingbot/2.0; +http://www.bing.com/bingbot.htm)"
68.180.228.53 - - [01/Jan/2015:00:04:40 -0500] "GET /%7eengelen/ctadel/object_786.html HTTP/1.1" 304 - "-" "Mozilla/5.0 (compatible; Yahoo! Slurp; http://help.yahoo.com/help/us/ysearch/slurp)"
207.46.13.126 - - [01/Jan/2015:00:04:40 -0500] "GET /~baker/devices/lxr/http/ident?v=2.6.25;i=clear_opt HTTP/1.1" 200 7110 "-" "Mozilla/5.0 (compatible; bingbot/2.0; +http://www.bing.com/bingbot.htm)"
207.46.13.126 - - [01/Jan/2015:00:04:41 -0500] "GET /~baker/devices/lxr/http/diff/linux/fs/ocfs2/dlm/dlmapi.h HTTP/1.1" 200 1958 "-" "Mozilla/5.0 (compatible; bingbot/2.0; +http://www.bing.com/bingbot.htm)"
157.55.39.78 - - [01/Jan/2015:00:04:41 -0500] "GET /~baker/devices/lxr/http/ident?v=2.6.25.8;i=poison_obj HTTP/1.1" 200 2415 "-" "Mozilla/5.0 (compatible; bingbot/2.0; +http://www.bing.com/bingbot.htm)"
207.46.13.126 - - [01/Jan/2015:00:04:41 -0500] "GET /~baker/devices/lxr/http/ident?v=2.6.11.8;i=ethtool_set_gso HTTP/1.1" 200 1926 "-" "Mozilla/5.0 (compatible; bingbot/2.0; +http://www.bing.com/bingbot.htm)"
157.55.39.78 - - [01/Jan/2015:00:04:41 -0500] "GET /~baker/devices/lxr/http/ident?i=pxa3xx_resources_mci2 HTTP/1.1" 200 2333 "-" "Mozilla/5.0 (compatible; bingbot/2.0; +http://www.bing.com/bingbot.htm)"
180.76.5.187 - - [01/Jan/2015:00:04:41 -0500] "GET /%7Eyasinsac/framewk2.pdf HTTP/1.1" 404 302 "-" "Mozilla/5.0 (compatible; Baiduspider/2.0; +http://www.baidu.com/search/spider.html)"
157.55.39.78 - - [01/Jan/2015:00:04:41 -0500] "GET /~baker/devices/lxr/http/source/linux/arch/i386/sys-i386/syscalls.c?v=2.6.11.8 HTTP/1.1" 200 1889 "-" "Mozilla/5.0 (compatible; bingbot/2.0; +http://www.bing.com/bingbot.htm)"
157.55.39.78 - - [01/Jan/2015:00:04:41 -0500] "GET /~baker/devices/lxr/http/ident?v=2.6.25;i=nubus_get_rsrc_str HTTP/1.1" 200 2785 "-" "Mozilla/5.0 (compatible; bingbot/2.0; +http://www.bing.com/bingbot.htm)"
157.55.39.78 - - [01/Jan/2015:00:04:42 -0500] "GET /~baker/devices/lxr/http/ident?v=2.6.25.8;i=ACPI_PROCESSOR_LIMIT_NONE HTTP/1.1" 200 2529 "-" "Mozilla/5.0 (compatible; bingbot/2.0; +http://www.bing.com/bingbot.htm)"
157.55.39.78 - - [01/Jan/2015:00:04:42 -0500] "GET /~baker/devices/lxr/http/ident?i=CONST_LG2 HTTP/1.1" 200 2207 "-" "Mozilla/5.0 (compatible; bingbot/2.0; +http://www.bing.com/bingbot.htm)"
66.249.64.88 - - [01/Jan/2015:00:04:45 -0500] "GET /~baker/devices/lxr/http/ident?v=2.6.25;i=e1000_id_led_init_pchlan HTTP/1.1" 200 1974 "-" "Mozilla/5.0 (compatible; Googlebot/2.1; +http://www.google.com/bot.html)"
207.46.13.126 - - [01/Jan/2015:00:04:47 -0500] "GET /~asriniva/courses/DS05/review/Lec18.html HTTP/1.1" 200 3070 "-" "Mozilla/5.0 (iPhone; CPU iPhone OS 7_0 like Mac OS X) AppleWebKit/537.51.1 (KHTML, like Gecko) Version/7.0 Mobile/11A465 Safari/9537.53 (compatible; bingbot/2.0;  http://www.bing.com/bingbot.htm)"
207.46.13.126 - - [01/Jan/2015:00:04:48 -0500] "GET /~baker/devices/lxr/http/source/linux/fs/ocfs2/resize.c?v=2.6.25 HTTP/1.1" 200 101058 "-" "Mozilla/5.0 (iPhone; CPU iPhone OS 7_0 like Mac OS X) AppleWebKit/537.51.1 (KHTML, like Gecko) Version/7.0 Mobile/11A465 Safari/9537.53 (compatible; bingbot/2.0;  http://www.bing.com/bingbot.htm)"
68.180.228.53 - - [01/Jan/2015:00:04:49 -0500] "GET /~baker/devices/lxr/http/ident?v=2.6.25;i=BR_STATE_LEARNING HTTP/1.1" 200 2987 "-" "Mozilla/5.0 (compatible; Yahoo! Slurp; http://help.yahoo.com/help/us/ysearch/slurp)"
207.46.13.126 - - [01/Jan/2015:00:04:48 -0500] "GET /~baker/devices/lxr/http/diff/linux/lib/zlib_inflate/inffast.c?v=2.6.11.8;diffval=2.6.31.13;diffvar=v HTTP/1.1" 200 95184 "-" "Mozilla/5.0 (iPhone; CPU iPhone OS 7_0 like Mac OS X) AppleWebKit/537.51.1 (KHTML, like Gecko) Version/7.0 Mobile/11A465 Safari/9537.53 (compatible; bingbot/2.0;  http://www.bing.com/bingbot.htm)"
207.46.13.126 - - [01/Jan/2015:00:04:49 -0500] "GET /~baker/devices/lxr/http/ident?v=2.6.25.8;i=strnicmp HTTP/1.1" 200 18750 "-" "Mozilla/5.0 (iPhone; CPU iPhone OS 7_0 like Mac OS X) AppleWebKit/537.51.1 (KHTML, like Gecko) Version/7.0 Mobile/11A465 Safari/9537.53 (compatible; bingbot/2.0;  http://www.bing.com/bingbot.htm)"
188.113.168.14 - - [01/Jan/2015:00:04:50 -0500] "GET /~baker/devices/lxr/http/ident?i=LCD_CURSOR_OFF HTTP/1.1" 200 2229 "https://www.google.ru/" "Mozilla/5.0 (Windows NT 6.1; WOW64) AppleWebKit/537.36 (KHTML, like Gecko) Chrome/39.0.2171.95 Safari/537.36"
188.113.168.14 - - [01/Jan/2015:00:04:50 -0500] "GET /~baker/style.css HTTP/1.1" 200 5118 "http://www.cs.fsu.edu/~baker/devices/lxr/http/ident?i=LCD_CURSOR_OFF" "Mozilla/5.0 (Windows NT 6.1; WOW64) AppleWebKit/537.36 (KHTML, like Gecko) Chrome/39.0.2171.95 Safari/537.36"
188.113.168.14 - - [01/Jan/2015:00:04:51 -0500] "GET /favicon.ico HTTP/1.1" 200 1406 "-" "Mozilla/5.0 (Windows NT 6.1; WOW64) AppleWebKit/537.36 (KHTML, like Gecko) Chrome/39.0.2171.95 Safari/537.36"
207.46.13.126 - - [01/Jan/2015:00:04:50 -0500] "GET /~baker/devices/lxr/http/diff/linux/drivers/bluetooth/bt3c_cs.c?v=2.6.11.8;diffval=2.6.25;diffvar=v HTTP/1.1" 200 327245 "-" "Mozilla/5.0 (iPhone; CPU iPhone OS 7_0 like Mac OS X) AppleWebKit/537.51.1 (KHTML, like Gecko) Version/7.0 Mobile/11A465 Safari/9537.53 (compatible; bingbot/2.0;  http://www.bing.com/bingbot.htm)"
207.46.13.126 - - [01/Jan/2015:00:04:51 -0500] "GET /~baker/devices/lxr/http/ident?v=2.6.11.8;i=zs_stop_rx HTTP/1.1" 200 1896 "-" "Mozilla/5.0 (iPhone; CPU iPhone OS 7_0 like Mac OS X) AppleWebKit/537.51.1 (KHTML, like Gecko) Version/7.0 Mobile/11A465 Safari/9537.53 (compatible; bingbot/2.0;  http://www.bing.com/bingbot.htm)"
207.46.13.126 - - [01/Jan/2015:00:04:52 -0500] "GET /~baker/devices/lxr/http/ident?v=2.6.11.8;i=rdac_failover_get HTTP/1.1" 200 1938 "-" "Mozilla/5.0 (iPhone; CPU iPhone OS 7_0 like Mac OS X) AppleWebKit/537.51.1 (KHTML, like Gecko) Version/7.0 Mobile/11A465 Safari/9537.53 (compatible; bingbot/2.0;  http://www.bing.com/bingbot.htm)"
207.46.13.126 - - [01/Jan/2015:00:04:52 -0500] "GET /~baker/devices/lxr/http/ident?v=2.6.11.8;i=rt2x00_ring_free HTTP/1.1" 200 1932 "-" "Mozilla/5.0 (iPhone; CPU iPhone OS 7_0 like Mac OS X) AppleWebKit/537.51.1 (KHTML, like Gecko) Version/7.0 Mobile/11A465 Safari/9537.53 (compatible; bingbot/2.0;  http://www.bing.com/bingbot.htm)"
207.46.13.126 - - [01/Jan/2015:00:04:52 -0500] "GET /~baker/devices/lxr/http/ident?v=2.6.11.8;i=xfs_mount_reset_sbqflags HTTP/1.1" 200 2738 "-" "Mozilla/5.0 (iPhone; CPU iPhone OS 7_0 like Mac OS X) AppleWebKit/537.51.1 (KHTML, like Gecko) Version/7.0 Mobile/11A465 Safari/9537.53 (compatible; bingbot/2.0;  http://www.bing.com/bingbot.htm)"
207.46.13.126 - - [01/Jan/2015:00:04:52 -0500] "GET /~engelen/talks/dl99/object_729.html HTTP/1.1" 200 1799 "-" "Mozilla/5.0 (iPhone; CPU iPhone OS 7_0 like Mac OS X) AppleWebKit/537.51.1 (KHTML, like Gecko) Version/7.0 Mobile/11A465 Safari/9537.53 (compatible; bingbot/2.0;  http://www.bing.com/bingbot.htm)"
207.46.13.126 - - [01/Jan/2015:00:04:53 -0500] "GET /~baker/devices/lxr/http/source/linux/drivers/isdn/hardware/avm/b1pci.c?v=2.6.25.8 HTTP/1.1" 200 76789 "-" "Mozilla/5.0 (iPhone; CPU iPhone OS 7_0 like Mac OS X) AppleWebKit/537.51.1 (KHTML, like Gecko) Version/7.0 Mobile/11A465 Safari/9537.53 (compatible; bingbot/2.0;  http://www.bing.com/bingbot.htm)"
66.249.64.84 - - [01/Jan/2015:00:04:53 -0500] "GET /~baker/devices/lxr/http/source/2.6.25/linux/include/asm-i386/arch-at91/at91_wdt.h?v=2.6.25.8 HTTP/1.1" 200 1964 "-" "Mozilla/5.0 (compatible; Googlebot/2.1; +http://www.google.com/bot.html)"
207.46.13.126 - - [01/Jan/2015:00:04:53 -0500] "GET /~baker/devices/lxr/http/ident?i=ips_online HTTP/1.1" 200 2619 "-" "Mozilla/5.0 (iPhone; CPU iPhone OS 7_0 like Mac OS X) AppleWebKit/537.51.1 (KHTML, like Gecko) Version/7.0 Mobile/11A465 Safari/9537.53 (compatible; bingbot/2.0;  http://www.bing.com/bingbot.htm)"
207.46.13.126 - - [01/Jan/2015:00:04:53 -0500] "GET /~baker/devices/lxr/http/ident?v=2.6.11.8;i=UART_17158_FCTR_RTS_20DELAY HTTP/1.1" 200 1998 "-" "Mozilla/5.0 (iPhone; CPU iPhone OS 7_0 like Mac OS X) AppleWebKit/537.51.1 (KHTML, like Gecko) Version/7.0 Mobile/11A465 Safari/9537.53 (compatible; bingbot/2.0;  http://www.bing.com/bingbot.htm)"
207.46.13.126 - - [01/Jan/2015:00:04:54 -0500] "GET /~baker/devices/lxr/http/ident?i=FPSCR_LENGTH_MASK HTTP/1.1" 200 2358 "-" "Mozilla/5.0 (iPhone; CPU iPhone OS 7_0 like Mac OS X) AppleWebKit/537.51.1 (KHTML, like Gecko) Version/7.0 Mobile/11A465 Safari/9537.53 (compatible; bingbot/2.0;  http://www.bing.com/bingbot.htm)"
207.46.13.126 - - [01/Jan/2015:00:04:54 -0500] "GET /~baker/devices/lxr/http/ident?v=2.6.11.8;i=IOC4_W_IEC HTTP/1.1" 200 1896 "-" "Mozilla/5.0 (iPhone; CPU iPhone OS 7_0 like Mac OS X) AppleWebKit/537.51.1 (KHTML, like Gecko) Version/7.0 Mobile/11A465 Safari/9537.53 (compatible; bingbot/2.0;  http://www.bing.com/bingbot.htm)"
66.249.64.84 - - [01/Jan/2015:00:04:54 -0500] "GET /~baker/devices/lxr/http/ident?v=2.6.11.8;i=module_uevent_ops HTTP/1.1" 200 1938 "-" "Mozilla/5.0 (compatible; Googlebot/2.1; +http://www.google.com/bot.html)"
207.46.13.126 - - [01/Jan/2015:00:04:54 -0500] "GET /~baker/devices/lxr/http/source/linux/drivers/edac/r82600_edac.c?v=2.6.25 HTTP/1.1" 200 66420 "-" "Mozilla/5.0 (iPhone; CPU iPhone OS 7_0 like Mac OS X) AppleWebKit/537.51.1 (KHTML, like Gecko) Version/7.0 Mobile/11A465 Safari/9537.53 (compatible; bingbot/2.0;  http://www.bing.com/bingbot.htm)"
207.46.13.126 - - [01/Jan/2015:00:04:55 -0500] "GET /~baker/devices/lxr/http/ident?v=2.6.25;i=adi_wmi_abs HTTP/1.1" 200 2450 "-" "Mozilla/5.0 (iPhone; CPU iPhone OS 7_0 like Mac OS X) AppleWebKit/537.51.1 (KHTML, like Gecko) Version/7.0 Mobile/11A465 Safari/9537.53 (compatible; bingbot/2.0;  http://www.bing.com/bingbot.htm)"
207.46.13.126 - - [01/Jan/2015:00:04:55 -0500] "GET /~baker/devices/lxr/http/source/2.6.11.8/linux/drivers/ieee1394/oui.db?v=2.6.11.8 HTTP/1.1" 200 1904 "-" "Mozilla/5.0 (iPhone; CPU iPhone OS 7_0 like Mac OS X) AppleWebKit/537.51.1 (KHTML, like Gecko) Version/7.0 Mobile/11A465 Safari/9537.53 (compatible; bingbot/2.0;  http://www.bing.com/bingbot.htm)"
207.46.13.126 - - [01/Jan/2015:00:04:55 -0500] "GET /~baker/devices/lxr/http/ident?i=MODE_FSTN_16 HTTP/1.1" 200 2242 "-" "Mozilla/5.0 (iPhone; CPU iPhone OS 7_0 like Mac OS X) AppleWebKit/537.51.1 (KHTML, like Gecko) Version/7.0 Mobile/11A465 Safari/9537.53 (compatible; bingbot/2.0;  http://www.bing.com/bingbot.htm)"
66.249.64.84 - - [01/Jan/2015:00:04:55 -0500] "GET /~baker/devices/lxr/http/ident?i=PIO_MASK HTTP/1.1" 200 3940 "-" "SAMSUNG-SGH-E250/1.0 Profile/MIDP-2.0 Configuration/CLDC-1.1 UP.Browser/6.2.3.3.c.1.101 (GUI) MMP/2.0 (compatible; Googlebot-Mobile/2.1; +http://www.google.com/bot.html)"
207.46.13.126 - - [01/Jan/2015:00:04:55 -0500] "GET /~baker/devices/lxr/http/ident?v=2.6.25.8;i=ENA_TMT_REC HTTP/1.1" 200 2228 "-" "Mozilla/5.0 (iPhone; CPU iPhone OS 7_0 like Mac OS X) AppleWebKit/537.51.1 (KHTML, like Gecko) Version/7.0 Mobile/11A465 Safari/9537.53 (compatible; bingbot/2.0;  http://www.bing.com/bingbot.htm)"
